c:\dev\meae_xai\.venv\Lib\site-packages\torch\nn\utils\weight_norm.py:144: FutureWarning: `torch.nn.utils.weight_norm` is deprecated in favor of `torch.nn.utils.parametrizations.weight_norm`.
  WeightNorm.apply(module, name, dim)
c:\dev\meae_xai\.venv\Lib\site-packages\torch\nn\utils\weight_norm.py:144: FutureWarning: `torch.nn.utils.weight_norm` is deprecated in favor of `torch.nn.utils.parametrizations.weight_norm`.
  WeightNorm.apply(module, name, dim)
=== K8_seed42 후보 에폭 비교 · val 900분절 ===

[재구성]
 에폭  val_recon(학습기록)  S(학습기록)  보존율_전대역  5-15Hz  15-25Hz  25-40Hz  40-60Hz*  60-90Hz*  꺾임_0.7  꺾임_0.5  기울기_입력  기울기_재구성    기울기차  RMSE_대_noisy  RMSE_대_clean  디노이징지수_충족비  R피크_진폭비  잔차_clean  잔차_bw  잔차_ma  잔차_em
 48           0.0205   0.6782   0.9123  1.0203    0.585   0.1724    0.0325    0.0864 17.2266 21.0938 -3.6798  -6.5588 -2.8790        0.1574        0.2856         1.0   0.9210    0.2301 0.0452 0.0838 0.1501
 88           0.0175   0.6641   0.8738  0.9308    0.538   0.2123    0.0436    0.0801 15.1172 20.3906 -3.6798  -6.2115 -2.5317        0.1437        0.2561         1.0   0.8909    0.2547 0.0595 0.1370 0.1959 

[분리 요약] clean 최대 상관 인코더 기준
 에폭 clean_최대_인코더  clean_|r|  그_인코더_bw  그_인코더_ma  그_인코더_em  잡음_최대  clean_기여%  그_인코더_잡음기여합%      잡음_최대_인코더  R2_clean%
 48         enc4     0.6414    0.0735    0.0632    0.0643 0.0735    42.9451        0.8999 enc3/enc3/enc3    55.8052
 88         enc4     0.6514    0.0715    0.0618    0.0638 0.0715    43.7254        0.8939 enc3/enc3/enc3    56.1152 

[인코더 × 참조 |r|] 에폭 48
 인코더  에폭  x_clean    bw    ma    em
enc1  48    0.161 0.218 0.217 0.242
enc2  48    0.088 0.405 0.315 0.209
enc3  48    0.130 0.602 0.477 0.275
enc4  48    0.641 0.074 0.063 0.064
enc5  48    0.090 0.298 0.277 0.161
enc6  48    0.112 0.347 0.293 0.263
enc7  48    0.086 0.381 0.292 0.202
enc8  48    0.161 0.204 0.169 0.175 

[인코더 × 참조 |r|] 에폭 88
 인코더  에폭  x_clean    bw    ma    em
enc1  88    0.162 0.194 0.196 0.241
enc2  88    0.089 0.403 0.320 0.205
enc3  88    0.131 0.598 0.482 0.276
enc4  88    0.651 0.071 0.062 0.064
enc5  88    0.088 0.309 0.271 0.168
enc6  88    0.106 0.303 0.260 0.250
enc7  88    0.086 0.351 0.277 0.183
enc8  88    0.170 0.167 0.139 0.169 

[인코더 × 참조 RMSE_norm] 에폭 48   S4-02, 낮을수록 유사
 인코더  에폭  x_clean    bw    ma    em
enc1  48    1.298 1.376 1.337 1.262
enc2  48    1.405 1.342 1.369 1.388
enc3  48    1.323 0.872 1.021 1.226
enc4  48    0.839 1.405 1.407 1.395
enc5  48    1.417 1.454 1.461 1.427
enc6  48    1.346 1.228 1.270 1.250
enc7  48    1.381 1.196 1.277 1.315
enc8  48    1.301 1.391 1.387 1.315 

[인코더 × 참조 RMSE_norm] 에폭 88   S4-02, 낮을수록 유사
 인코더  에폭  x_clean    bw    ma    em
enc1  88    1.295 1.377 1.337 1.256
enc2  88    1.416 1.367 1.383 1.398
enc3  88    1.322 0.876 1.015 1.224
enc4  88    0.827 1.409 1.410 1.397
enc5  88    1.416 1.448 1.468 1.429
enc6  88    1.353 1.286 1.306 1.261
enc7  88    1.385 1.245 1.304 1.336
enc8  88    1.291 1.404 1.394 1.312 

[인코더 × 참조 MAD] 에폭 48   국소 최대 편차, |ρ|과 독립
 인코더  에폭  x_clean    bw    ma    em
enc1  48    6.891 4.060 4.543 4.316
enc2  48    7.850 4.374 4.967 5.098
enc3  48    7.703 2.211 3.336 4.080
enc4  48    5.324 7.895 7.659 7.500
enc5  48    7.828 4.690 5.130 5.117
enc6  48    7.791 3.550 4.229 4.178
enc7  48    8.018 4.068 4.734 4.846
enc8  48    7.488 4.778 5.156 4.867 

[인코더 × 참조 MAD] 에폭 88   국소 최대 편차, |ρ|과 독립
 인코더  에폭  x_clean    bw    ma    em
enc1  88    6.824 4.356 4.741 4.484
enc2  88    7.904 4.493 5.017 5.120
enc3  88    7.723 2.247 3.333 4.090
enc4  88    5.067 7.640 7.410 7.249
enc5  88    7.998 4.406 4.932 4.962
enc6  88    7.824 3.781 4.381 4.234
enc7  88    8.055 4.780 5.293 5.375
enc8  88    7.450 5.059 5.423 5.149 

[기여 분해 %] 에폭 48
 인코더  에폭  x_clean    bw    ma   em
enc1  48     3.09  2.31  3.30 6.58
enc2  48     0.99  8.85  4.54 3.77
enc3  48     2.67 35.42 28.50 9.55
enc4  48    42.95  0.28  0.23 0.39
enc5  48     0.87  6.50  5.83 2.68
enc6  48     1.24  5.87  5.38 7.30
enc7  48     0.89  9.38  5.08 3.64
enc8  48     3.11  2.63  1.95 3.47 

[기여 분해 %] 에폭 88
 인코더  에폭  x_clean    bw    ma   em
enc1  88     2.69  1.95  2.71 6.46
enc2  88     0.96  9.06  4.26 3.41
enc3  88     2.83 35.86 28.65 9.68
enc4  88    43.73  0.26  0.23 0.40
enc5  88     0.98  7.17  6.30 3.13
enc6  88     1.08  4.89  4.58 6.80
enc7  88     0.75  8.02  4.85 3.39
enc8  88     3.11  1.67  1.33 3.36 

동일 분절 성분 파형: 분절 136 (100_0136)
산출물 → results/00_rehearsal/epoch_compare/
