c:\dev\meae_xai\version5_supervised\.venv\Lib\site-packages\torch\nn\utils\weight_norm.py:144: FutureWarning: `torch.nn.utils.weight_norm` is deprecated in favor of `torch.nn.utils.parametrizations.weight_norm`.
  WeightNorm.apply(module, name, dim)
[F1] 참조 R-피크 검출 후 성분별 매칭 — 분절마다 K회 검출이라 시간이 걸린다
  참조 R-피크 0/1620
  참조 R-피크 300/1620
  참조 R-피크 600/1620
  참조 R-피크 900/1620
  참조 R-피크 1200/1620
  참조 R-피크 1500/1620
  F1 0/1620
  F1 300/1620
  F1 600/1620
  F1 900/1620
  F1 1200/1620
  F1 1500/1620

[배정 대각] 인코더-참조 배정 쌍의 지표와 최대 누출
 인코더    배정참조   corr  corr_sd  rmse_norm    mad     F1 누출_최대참조  누출_corr    누출비  r_QRS
enc1 x_clean 0.8812   0.0749     0.4661 2.3130 0.9909      em   0.1394 0.1582  0.963
enc2      bw 0.6279   0.2584     0.8331 2.1027 0.1282      ma   0.4177 0.6653    NaN
enc3      ma 0.6237   0.2179     0.8387 3.1229 0.3976      bw   0.3824 0.6131    NaN
enc4      em 0.6491   0.1995     0.8074 2.8411 0.1513      bw   0.2955 0.4552    NaN

[최종 선정] C16_seed42 · 에폭 236 → results/03_bss/selected.json
=== 03 C16_seed42 (에폭 236) · test 1620분절 ===
성분·참조를 분절 내 표준화한 뒤 산출. 표시는 열별 — [1] 1위, [2] 2위

① |r| 평균±SD  (높을수록 유사, 열 상위 2)
              x_clean               bw               ma               em
enc1  0.881±0.075 [1]      0.093±0.077      0.105±0.081      0.139±0.081
enc2      0.135±0.142  0.628±0.258 [1]  0.418±0.228 [2]  0.298±0.206 [2]
enc3      0.128±0.119  0.382±0.225 [2]  0.624±0.218 [1]      0.219±0.158
enc4  0.200±0.159 [2]      0.295±0.186      0.240±0.154  0.649±0.199 [1] 

② RMSE_norm 평균±SD  (낮을수록 유사, 열 하위 2)
              x_clean               bw               ma               em
enc1  0.466±0.142 [1]      1.350±0.065      1.339±0.068      1.312±0.066
enc2      1.322±0.131  0.833±0.341 [1]  1.101±0.280 [2]  1.199±0.222 [2]
enc3      1.325±0.106  1.155±0.283 [2]  0.839±0.254 [1]      1.277±0.167
enc4  1.259±0.136 [2]      1.187±0.182      1.238±0.147  0.807±0.237 [1] 

③ MAD 평균±SD  (낮을수록 유사, 열 하위 2. 단위 표준편차)
              x_clean               bw               ma               em
enc1  2.313±0.882 [1]      7.618±1.328      7.393±1.264      7.240±1.274
enc2      7.018±1.596  2.103±0.778 [1]  3.526±0.930 [2]  4.009±0.833 [2]
enc3      6.760±1.445  3.183±0.885 [2]  3.123±0.825 [1]      4.122±0.677
enc4  6.589±1.574 [2]      4.127±0.856      4.426±0.743  2.841±0.776 [1] 

④ 세 지표의 행별 지목 일치 여부
       |r|_지목  RMSE_지목   MAD_지목  일치
인코더                                
enc1  x_clean  x_clean  x_clean  일치
enc2       bw       bw       bw  일치
enc3       ma       ma       ma  일치
enc4       em       em       em  일치 

그림 분절 — 지표 상위 3개
  1위  115_0139  점수 0.8999
  2위  103_0172  점수 0.8937
  3위  116_0102  점수 0.8922
산출물 → results/03_bss/C16_seed42/test/
