c:\dev\meae_xai\version5_supervised\.venv\Lib\site-packages\torch\nn\utils\weight_norm.py:144: FutureWarning: `torch.nn.utils.weight_norm` is deprecated in favor of `torch.nn.utils.parametrizations.weight_norm`.
  WeightNorm.apply(module, name, dim)
[07] C16_seed42 (에폭 236) → galaxyppg  재학습 없음
  진폭 정합: 분절마다 SD 를 학습 입력 중앙값 0.4707 mV 에 맞춘다
  P01: 20분절 채택  (버림 )
  P02: 20분절 채택  (버림 )
  P03: 20분절 채택  (버림 )
  P04: 20분절 채택  (버림 )
  P05: 20분절 채택  (버림 )
  P06: 20분절 채택  (버림 )
  P07: 20분절 채택  (버림 )
  P08: 20분절 채택  (버림 )
  P09: 20분절 채택  (버림 )
  P10: 20분절 채택  (버림 )
  총 200분절 · 원 표본율 [130.0]
[07] SQI 5종 — 참값 없이 신호 하나만 보고 잰다 (bSQI 는 검출을 두 번 한다)
  bSQI 0/200
  bSQI 0/200
  bSQI 0/200
  bSQI 0/200
  bSQI 0/200
  bSQI 0/200
  bSQI 0/200
Font 'default' does not have a glyph for '\u2212' [U+2212], substituting with a dummy symbol.
Font 'default' does not have a glyph for '\u2212' [U+2212], substituting with a dummy symbol.
Font 'default' does not have a glyph for '\u2212' [U+2212], substituting with a dummy symbol.
Font 'default' does not have a glyph for '\u2212' [U+2212], substituting with a dummy symbol.
Font 'default' does not have a glyph for '\u2212' [U+2212], substituting with a dummy symbol.
Font 'default' does not have a glyph for '\u2212' [U+2212], substituting with a dummy symbol.
Font 'default' does not have a glyph for '\u2212' [U+2212], substituting with a dummy symbol.
Font 'default' does not have a glyph for '\u2212' [U+2212], substituting with a dummy symbol.
Font 'default' does not have a glyph for '\u2212' [U+2212], substituting with a dummy symbol.
Font 'default' does not have a glyph for '\u2212' [U+2212], substituting with a dummy symbol.
Font 'default' does not have a glyph for '\u2212' [U+2212], substituting with a dummy symbol.
Font 'default' does not have a glyph for '\u2212' [U+2212], substituting with a dummy symbol.
Font 'default' does not have a glyph for '\u2212' [U+2212], substituting with a dummy symbol.
Font 'default' does not have a glyph for '\u2212' [U+2212], substituting with a dummy symbol.
Font 'default' does not have a glyph for '\u2212' [U+2212], substituting with a dummy symbol.
Font 'default' does not have a glyph for '\u2212' [U+2212], substituting with a dummy symbol.
Font 'default' does not have a glyph for '\u2212' [U+2212], substituting with a dummy symbol.
Font 'default' does not have a glyph for '\u2212' [U+2212], substituting with a dummy symbol.
Font 'default' does not have a glyph for '\u2212' [U+2212], substituting with a dummy symbol.
Font 'default' does not have a glyph for '\u2212' [U+2212], substituting with a dummy symbol.
Font 'default' does not have a glyph for '\u2212' [U+2212], substituting with a dummy symbol.
Font 'default' does not have a glyph for '\u2212' [U+2212], substituting with a dummy symbol.
Font 'default' does not have a glyph for '\u2212' [U+2212], substituting with a dummy symbol.
Font 'default' does not have a glyph for '\u2212' [U+2212], substituting with a dummy symbol.
Font 'default' does not have a glyph for '\u2212' [U+2212], substituting with a dummy symbol.
Font 'default' does not have a glyph for '\u2212' [U+2212], substituting with a dummy symbol.
Font 'default' does not have a glyph for '\u2212' [U+2212], substituting with a dummy symbol.
Font 'default' does not have a glyph for '\u2212' [U+2212], substituting with a dummy symbol.
Font 'default' does not have a glyph for '\u2212' [U+2212], substituting with a dummy symbol.
Font 'default' does not have a glyph for '\u2212' [U+2212], substituting with a dummy symbol.
Font 'default' does not have a glyph for '\u2212' [U+2212], substituting with a dummy symbol.
Font 'default' does not have a glyph for '\u2212' [U+2212], substituting with a dummy symbol.
Font 'default' does not have a glyph for '\u2212' [U+2212], substituting with a dummy symbol.
Font 'default' does not have a glyph for '\u2212' [U+2212], substituting with a dummy symbol.
Font 'default' does not have a glyph for '\u2212' [U+2212], substituting with a dummy symbol.
Font 'default' does not have a glyph for '\u2212' [U+2212], substituting with a dummy symbol.

=== 07 galaxyppg · 200분절 ===
① 복원 — 참값이 없으므로 입력과의 차이만 본다
           대상  분절수  입력과_corr  corr_sd  입력과_RMSE_mV  SD_mV  SD비_입력대비
         B 복원  200    0.9219   0.0363       0.2371 0.4099    0.8708
       A 성분차감  200    0.9707   0.0160       0.1386 0.4442    0.9436
       M0 재구성  200    0.9734   0.0093       0.1095 0.4436    0.9423
대역통과 0.5-40Hz  200    0.9746   0.0389       0.0907 0.4725    1.0038
     웨이블릿 임계값  200    1.0000   0.0000       0.0011 0.4705    0.9994
   웨이블릿+기저선제거  200    0.9348   0.0543       0.1536 0.4398    0.9342
         입력 x  200    1.0000   0.0000       0.0000 0.4707    1.0000

② SQI 5종 — 참값 불필요. basSQI 는 낮을수록, 나머지는 높을수록 좋다
           계열  분절수  basSQI   pSQI    kSQI   bSQI  ECGMeanCoef
         입력 x  200  0.0086 0.4989 16.1233 0.9286       0.9741
         B 복원  200  0.0057 0.5827 16.0473 0.9333       0.9823
       A 성분차감  200  0.0067 0.5162 17.0378 0.9286       0.9823
       M0 재구성  200  0.0122 0.5253 14.1317 1.0000       0.9692
대역통과 0.5-40Hz  200  0.0108 0.5106 15.6876 0.9286       0.9693
     웨이블릿 임계값  200  0.0087 0.4988 16.1243 0.9286       0.9742
   웨이블릿+기저선제거  200  0.0006 0.5326 16.6572 0.9286       0.9712

③ 임상 형태 지표 — 참값이 없어 **값 자체**다 (오차가 아니다)
           계열  박동수  ST60_mV  ST80_mV  R진폭_mV  QRS면적_mVms
         입력 x 2380   0.0158   0.0774  2.6036     78.5000
         B 복원 2380   0.0644   0.1161  2.5111     73.0596
       A 성분차감 2380  -0.0201   0.0621  2.6365     77.4881
       M0 재구성 2380   0.0376   0.0602  2.3920     72.6592
대역통과 0.5-40Hz 2380   0.0201   0.0791  2.5944     77.5402
     웨이블릿 임계값 2380   0.0155   0.0779  2.6021     78.4553
   웨이블릿+기저선제거 2380  -0.0314   0.0351  2.5764     78.5871

① |r| 평균±SD
               입력        M0재구성          B복원
enc1  0.922±0.036  0.935±0.031  1.000±0.000
enc2  0.169±0.152  0.187±0.156  0.095±0.092
enc3  0.238±0.132  0.254±0.138  0.162±0.097
enc4  0.231±0.192  0.246±0.194  0.116±0.092 

② RMSE_norm 평균±SD
               입력        M0재구성          B복원
enc1  0.385±0.091  0.351±0.080  0.000±0.000
enc2  1.290±0.132  1.274±0.134  1.373±0.091
enc3  1.230±0.112  1.217±0.118  1.295±0.081
enc4  1.232±0.166  1.220±0.169  1.394±0.109 

③ MAD 평균±SD
               입력        M0재구성          B복원
enc1  1.922±0.799  1.368±0.327  0.000±0.000
enc2  6.786±1.334  6.548±1.221  7.161±1.075
enc3  6.616±1.042  6.372±1.034  6.930±0.995
enc4  6.577±1.237  6.519±1.152  7.151±0.977 

④ 스펙트럼 특성
    대상  중심주파수_Hz  0.5-5Hz  5-15Hz  15-25Hz  25-40Hz  40-60Hz  60-90Hz
    입력   11.5226   0.2828  0.3344   0.2371   0.0605   0.0026   0.0000
M0 재구성    9.8101   0.3445  0.3875   0.2023   0.0338   0.0008   0.0001
  enc1   10.8040   0.2757  0.4238   0.2330   0.0405   0.0013   0.0002
  enc2    1.7577   0.6750  0.0558   0.0042   0.0010   0.0001   0.0001
  enc3    2.7349   0.7008  0.1161   0.0075   0.0051   0.0001   0.0001
  enc4    2.7752   0.7599  0.1720   0.0019   0.0003   0.0001   0.0000 

산출물 → results/07_validation/C16_seed42/galaxyppg/
