c:\dev\meae_xai\version5_supervised\.venv\Lib\site-packages\torch\nn\utils\weight_norm.py:144: FutureWarning: `torch.nn.utils.weight_norm` is deprecated in favor of `torch.nn.utils.parametrizations.weight_norm`.
  WeightNorm.apply(module, name, dim)
[07] C16_seed42 (에폭 236) → vitaldb  재학습 없음
  진폭 정합: 분절마다 SD 를 학습 입력 중앙값 0.4707 mV 에 맞춘다
  1: 20분절 채택  (버림 포화 34)
  2: 20분절 채택  (버림 포화 18)
  3: 20분절 채택  (버림 포화 1)
  4: 20분절 채택  (버림 포화 2)
  5: 20분절 채택  (버림 )
  6: 20분절 채택  (버림 포화 2)
  7: 20분절 채택  (버림 )
  8: 20분절 채택  (버림 )
  9: 20분절 채택  (버림 )
  10: 20분절 채택  (버림 포화 1)
  총 200분절 · 원 표본율 [500.0]
[07] SQI 5종 — 참값 없이 신호 하나만 보고 잰다 (bSQI 는 검출을 두 번 한다)
  bSQI 0/200
  bSQI 0/200
  bSQI 0/200
  bSQI 0/200
  bSQI 0/200
  bSQI 0/200
  bSQI 0/200
Font 'default' does not have a glyph for '\u2212' [U+2212], substituting with a dummy symbol.
Font 'default' does not have a glyph for '\u2212' [U+2212], substituting with a dummy symbol.
Font 'default' does not have a glyph for '\u2212' [U+2212], substituting with a dummy symbol.
Font 'default' does not have a glyph for '\u2212' [U+2212], substituting with a dummy symbol.
Font 'default' does not have a glyph for '\u2212' [U+2212], substituting with a dummy symbol.
Font 'default' does not have a glyph for '\u2212' [U+2212], substituting with a dummy symbol.
Font 'default' does not have a glyph for '\u2212' [U+2212], substituting with a dummy symbol.
Font 'default' does not have a glyph for '\u2212' [U+2212], substituting with a dummy symbol.
Font 'default' does not have a glyph for '\u2212' [U+2212], substituting with a dummy symbol.
Font 'default' does not have a glyph for '\u2212' [U+2212], substituting with a dummy symbol.
Font 'default' does not have a glyph for '\u2212' [U+2212], substituting with a dummy symbol.
Font 'default' does not have a glyph for '\u2212' [U+2212], substituting with a dummy symbol.
Font 'default' does not have a glyph for '\u2212' [U+2212], substituting with a dummy symbol.
Font 'default' does not have a glyph for '\u2212' [U+2212], substituting with a dummy symbol.
Font 'default' does not have a glyph for '\u2212' [U+2212], substituting with a dummy symbol.
Font 'default' does not have a glyph for '\u2212' [U+2212], substituting with a dummy symbol.
Font 'default' does not have a glyph for '\u2212' [U+2212], substituting with a dummy symbol.
Font 'default' does not have a glyph for '\u2212' [U+2212], substituting with a dummy symbol.
Font 'default' does not have a glyph for '\u2212' [U+2212], substituting with a dummy symbol.
Font 'default' does not have a glyph for '\u2212' [U+2212], substituting with a dummy symbol.
Font 'default' does not have a glyph for '\u2212' [U+2212], substituting with a dummy symbol.
Font 'default' does not have a glyph for '\u2212' [U+2212], substituting with a dummy symbol.
Font 'default' does not have a glyph for '\u2212' [U+2212], substituting with a dummy symbol.
Font 'default' does not have a glyph for '\u2212' [U+2212], substituting with a dummy symbol.
Font 'default' does not have a glyph for '\u2212' [U+2212], substituting with a dummy symbol.
Font 'default' does not have a glyph for '\u2212' [U+2212], substituting with a dummy symbol.
Font 'default' does not have a glyph for '\u2212' [U+2212], substituting with a dummy symbol.
Font 'default' does not have a glyph for '\u2212' [U+2212], substituting with a dummy symbol.
Font 'default' does not have a glyph for '\u2212' [U+2212], substituting with a dummy symbol.
Font 'default' does not have a glyph for '\u2212' [U+2212], substituting with a dummy symbol.
Font 'default' does not have a glyph for '\u2212' [U+2212], substituting with a dummy symbol.
Font 'default' does not have a glyph for '\u2212' [U+2212], substituting with a dummy symbol.
Font 'default' does not have a glyph for '\u2212' [U+2212], substituting with a dummy symbol.
Font 'default' does not have a glyph for '\u2212' [U+2212], substituting with a dummy symbol.
Font 'default' does not have a glyph for '\u2212' [U+2212], substituting with a dummy symbol.
Font 'default' does not have a glyph for '\u2212' [U+2212], substituting with a dummy symbol.
Font 'default' does not have a glyph for '\u2212' [U+2212], substituting with a dummy symbol.
Font 'default' does not have a glyph for '\u2212' [U+2212], substituting with a dummy symbol.
Font 'default' does not have a glyph for '\u2212' [U+2212], substituting with a dummy symbol.
Font 'default' does not have a glyph for '\u2212' [U+2212], substituting with a dummy symbol.
Font 'default' does not have a glyph for '\u2212' [U+2212], substituting with a dummy symbol.
Font 'default' does not have a glyph for '\u2212' [U+2212], substituting with a dummy symbol.
Font 'default' does not have a glyph for '\u2212' [U+2212], substituting with a dummy symbol.
Font 'default' does not have a glyph for '\u2212' [U+2212], substituting with a dummy symbol.
Font 'default' does not have a glyph for '\u2212' [U+2212], substituting with a dummy symbol.
Font 'default' does not have a glyph for '\u2212' [U+2212], substituting with a dummy symbol.
Font 'default' does not have a glyph for '\u2212' [U+2212], substituting with a dummy symbol.
Font 'default' does not have a glyph for '\u2212' [U+2212], substituting with a dummy symbol.
Font 'default' does not have a glyph for '\u2212' [U+2212], substituting with a dummy symbol.
Font 'default' does not have a glyph for '\u2212' [U+2212], substituting with a dummy symbol.
Font 'default' does not have a glyph for '\u2212' [U+2212], substituting with a dummy symbol.
Font 'default' does not have a glyph for '\u2212' [U+2212], substituting with a dummy symbol.
Font 'default' does not have a glyph for '\u2212' [U+2212], substituting with a dummy symbol.
Font 'default' does not have a glyph for '\u2212' [U+2212], substituting with a dummy symbol.

=== 07 vitaldb · 200분절 ===
① 복원 — 참값이 없으므로 입력과의 차이만 본다
           대상  분절수  입력과_corr  corr_sd  입력과_RMSE_mV  SD_mV  SD비_입력대비
         B 복원  200    0.9347   0.0490       0.2173 0.4155    0.8827
       A 성분차감  200    0.9559   0.0524       0.1489 0.4243    0.9014
       M0 재구성  200    0.9883   0.0048       0.0744 0.4703    0.9991
대역통과 0.5-40Hz  200    0.9365   0.1136       0.1286 0.4522    0.9607
     웨이블릿 임계값  200    0.9993   0.0005       0.0169 0.4660    0.9899
   웨이블릿+기저선제거  200    0.8841   0.1380       0.1905 0.4084    0.8676
         입력 x  200    1.0000   0.0000       0.0000 0.4707    1.0000

② SQI 5종 — 참값 불필요. basSQI 는 낮을수록, 나머지는 높을수록 좋다
           계열  분절수  basSQI   pSQI    kSQI   bSQI  ECGMeanCoef
         입력 x  200  0.0363 0.4778  8.1499 0.9286       0.9931
         B 복원  200  0.0082 0.4593 11.1712 0.9375       0.9926
       A 성분차감  200  0.0130 0.4911  9.6747 0.9333       0.9927
       M0 재구성  200  0.0377 0.4208  7.6153 0.9354       0.9886
대역통과 0.5-40Hz  200  0.0240 0.4885  8.5229 0.9310       0.9928
     웨이블릿 임계값  200  0.0368 0.4651  8.0323 0.9333       0.9933
   웨이블릿+기저선제거  200  0.0007 0.5380 10.4307 0.9375       0.9869

③ 임상 형태 지표 — 참값이 없어 **값 자체**다 (오차가 아니다)
           계열  박동수  ST60_mV  ST80_mV  R진폭_mV  QRS면적_mVms
         입력 x 2347   0.0169   0.0608  2.3058     77.2742
         B 복원 2347  -0.1037  -0.0523  2.2481     72.9875
       A 성분차감 2347  -0.0129   0.0393  2.2583     74.0999
       M0 재구성 2347  -0.0285   0.0024  2.2963     76.4510
대역통과 0.5-40Hz 2347   0.0175   0.0609  2.2913     77.2977
     웨이블릿 임계값 2347   0.0065   0.0576  2.2498     76.2493
   웨이블릿+기저선제거 2347  -0.0875  -0.0518  2.2162     74.5902

① |r| 평균±SD
               입력        M0재구성          B복원
enc1  0.935±0.049  0.936±0.052  1.000±0.000
enc2  0.192±0.209  0.206±0.215  0.095±0.118
enc3  0.237±0.195  0.245±0.199  0.157±0.142
enc4  0.382±0.177  0.395±0.177  0.234±0.123 

② RMSE_norm 평균±SD
               입력        M0재구성          B복원
enc1  0.339±0.127  0.331±0.138  0.000±0.000
enc2  1.269±0.208  1.255±0.213  1.371±0.120
enc3  1.224±0.186  1.216±0.191  1.295±0.127
enc4  1.100±0.164  1.088±0.165  1.249±0.128 

③ MAD 평균±SD
               입력        M0재구성          B복원
enc1  1.621±0.751  1.436±0.715  0.000±0.000
enc2  5.955±1.295  5.762±1.295  6.525±1.051
enc3  5.321±0.955  5.254±0.937  5.848±0.720
enc4  5.392±1.317  5.288±1.353  6.038±1.233 

④ 스펙트럼 특성
    대상  중심주파수_Hz  0.5-5Hz  5-15Hz  15-25Hz  25-40Hz  40-60Hz  60-90Hz
    입력    7.0867   0.4568  0.3917   0.0872   0.0061   0.0002   0.0001
M0 재구성    6.4894   0.5228  0.3599   0.0719   0.0073   0.0002   0.0001
  enc1    7.1077   0.4979  0.3797   0.0872   0.0075   0.0003   0.0000
  enc2    1.5304   0.4534  0.0445   0.0050   0.0009   0.0001   0.0001
  enc3    2.1534   0.6360  0.0765   0.0067   0.0032   0.0001   0.0001
  enc4    2.7502   0.7185  0.1562   0.0023   0.0004   0.0001   0.0000 

산출물 → results/07_validation/C16_seed42/vitaldb/
