[s1_해상도\C32] device=cuda K=4 seed=42 hidden=64 train=5760 val=900 V=300
  구조  깊이 5 · 압축률 32 · 인코딩 시간축 113 (조각당 0.089초)
        채널 [32, 32, 64, 64, 128] · dilations [1, 1, 1, 2, 16]
        수용영역 3380 표본 = 9.39초 · 패딩 3616(양쪽 8)
  L = MSE(x_hat, x_noisy) + 1 * L_sup   [지도학습]
  L_sup = (1/K) sum_k [ MSE(s_k, r_k) + 50*MSE(d1 s_k, d1 r_k) + 0*MSE(d2 s_k, d2 r_k) + 0*MSE(|F s_k|, |F r_k|) ]
    d1 = 1차 차분, d2 = 2차 차분, F = rfft(norm='ortho') 크기
  소스별 정규화 없음 (sup_normalize: none)
  배정  enc1=x_clean · enc2=bw · enc3=ma · enc4=em
  정칙화 3항 해제 — lambda_mixing=0 lambda_zero_recon=0 lambda_z_l2=0
  선택  C = { L_sup^val <= 1.5 x min } 에서 L_sup^val 최소, 2에폭 간격
  ep  1 L=0.60796 rec=0.29182 sup=0.31614(w 0.12899 d1 0.00374 d2 0.00501 f 0.12020) | val_rec=0.10370 val_sup=0.09081 [0.2455 0.0308 0.0552 0.0317] S=0.128(enc1) 8s
  ep  2 L=0.29868 rec=0.14259 sup=0.15610(w 0.07454 d1 0.00163 d2 0.00083 f 0.06081) | val_rec=0.06437 val_sup=0.08175 [0.2302 0.0222 0.0509 0.0237] S=0.282(enc1) 8s
  ep  3 L=0.23531 rec=0.09367 sup=0.14163(w 0.06194 d1 0.00159 d2 0.00083 f 0.04619) | val_rec=0.04661 val_sup=0.07405 [0.2018 0.0217 0.0496 0.0233] 8s
  ep  4 L=0.19928 rec=0.07006 sup=0.12922(w 0.05403 d1 0.00150 d2 0.00083 f 0.03801) | val_rec=0.04362 val_sup=0.06673 [0.1781 0.0198 0.0485 0.0205] S=0.559(enc1) 8s
  ep  5 L=0.17875 rec=0.05863 sup=0.12012(w 0.05087 d1 0.00138 d2 0.00084 f 0.03550) | val_rec=0.02816 val_sup=0.05564 [0.1365 0.0185 0.0478 0.0197] 8s
  ep  6 L=0.15440 rec=0.04524 sup=0.10916(w 0.04672 d1 0.00125 d2 0.00083 f 0.03108) | val_rec=0.01987 val_sup=0.04771 [0.0991 0.0201 0.0496 0.0221] S=0.801(enc1) 8s
  ep  7 L=0.14343 rec=0.04027 sup=0.10315(w 0.04477 d1 0.00117 d2 0.00081 f 0.02999) | val_rec=0.01807 val_sup=0.04105 [0.0804 0.0175 0.0475 0.0188] 8s
  ep  8 L=0.13565 rec=0.03692 sup=0.09874(w 0.04285 d1 0.00112 d2 0.00080 f 0.02869) | val_rec=0.01716 val_sup=0.04036 [0.0778 0.0178 0.0473 0.0186] S=0.856(enc1) 8s
  ep  9 L=0.13825 rec=0.03935 sup=0.09890(w 0.04344 d1 0.00111 d2 0.00080 f 0.02930) | val_rec=0.01474 val_sup=0.03873 [0.0716 0.0178 0.0473 0.0182] 8s
  ep 10 L=0.12524 rec=0.03088 sup=0.09436(w 0.04060 d1 0.00108 d2 0.00079 f 0.02675) | val_rec=0.01302 val_sup=0.03760 [0.0669 0.0180 0.0473 0.0182] S=0.873(enc1) 8s
  ep 11 L=0.12246 rec=0.03006 sup=0.09240(w 0.03962 d1 0.00106 d2 0.00079 f 0.02621) | val_rec=0.01133 val_sup=0.03641 [0.0645 0.0170 0.0470 0.0172] 8s
  ep 12 L=0.11771 rec=0.02713 sup=0.09058(w 0.03873 d1 0.00104 d2 0.00078 f 0.02532) | val_rec=0.01107 val_sup=0.03566 [0.0622 0.0169 0.0469 0.0167] S=0.891(enc1) 8s
  ep 13 L=0.11720 rec=0.02738 sup=0.08982(w 0.03823 d1 0.00103 d2 0.00078 f 0.02517) | val_rec=0.01608 val_sup=0.03784 [0.0694 0.0172 0.0473 0.0175] 8s
  ep 14 L=0.11509 rec=0.02591 sup=0.08917(w 0.03800 d1 0.00102 d2 0.00078 f 0.02505) | val_rec=0.01041 val_sup=0.03471 [0.0590 0.0168 0.0467 0.0163] S=0.889(enc1) 8s
  ep 15 L=0.11512 rec=0.02642 sup=0.08870(w 0.03774 d1 0.00102 d2 0.00077 f 0.02527) | val_rec=0.01016 val_sup=0.03503 [0.0600 0.0169 0.0469 0.0163] 8s
  ep 16 L=0.11303 rec=0.02524 sup=0.08778(w 0.03719 d1 0.00101 d2 0.00077 f 0.02438) | val_rec=0.01000 val_sup=0.03381 [0.0564 0.0166 0.0465 0.0157] S=0.902(enc1) 8s
  ep 17 L=0.11219 rec=0.02548 sup=0.08671(w 0.03659 d1 0.00100 d2 0.00077 f 0.02386) | val_rec=0.01024 val_sup=0.03263 [0.0512 0.0169 0.0468 0.0156] 8s
  ep 18 L=0.10948 rec=0.02350 sup=0.08598(w 0.03601 d1 0.00100 d2 0.00077 f 0.02351) | val_rec=0.01229 val_sup=0.03566 [0.0601 0.0178 0.0478 0.0170] S=0.908(enc1) 8s
  ep 19 L=0.11477 rec=0.02725 sup=0.08753(w 0.03718 d1 0.00101 d2 0.00077 f 0.02486) | val_rec=0.00863 val_sup=0.03202 [0.0505 0.0168 0.0454 0.0154] 8s
  ep 20 L=0.11236 rec=0.02632 sup=0.08603(w 0.03597 d1 0.00100 d2 0.00077 f 0.02399) | val_rec=0.01605 val_sup=0.03482 [0.0589 0.0181 0.0461 0.0163] S=0.895(enc1) 8s
  ep 21 L=0.10959 rec=0.02480 sup=0.08479(w 0.03546 d1 0.00099 d2 0.00076 f 0.02335) | val_rec=0.00901 val_sup=0.03342 [0.0561 0.0165 0.0457 0.0154] 8s
  ep 22 L=0.10538 rec=0.02161 sup=0.08377(w 0.03455 d1 0.00098 d2 0.00076 f 0.02254) | val_rec=0.00745 val_sup=0.03087 [0.0475 0.0163 0.0449 0.0147] S=0.913(enc1) 8s
  ep 23 L=0.10329 rec=0.02045 sup=0.08284(w 0.03394 d1 0.00098 d2 0.00076 f 0.02210) | val_rec=0.00749 val_sup=0.03134 [0.0490 0.0164 0.0452 0.0147] 8s
  ep 24 L=0.10731 rec=0.02399 sup=0.08332(w 0.03427 d1 0.00098 d2 0.00076 f 0.02246) | val_rec=0.00907 val_sup=0.03202 [0.0516 0.0166 0.0449 0.0150] S=0.917(enc1) 8s
  ep 25 L=0.10699 rec=0.02355 sup=0.08344(w 0.03411 d1 0.00099 d2 0.00076 f 0.02255) | val_rec=0.00979 val_sup=0.03178 [0.0505 0.0166 0.0452 0.0148] 8s
  ep 26 L=0.10551 rec=0.02271 sup=0.08280(w 0.03399 d1 0.00098 d2 0.00076 f 0.02212) | val_rec=0.01033 val_sup=0.03138 [0.0465 0.0171 0.0467 0.0153] S=0.919(enc1) 8s
  ep 27 L=0.10328 rec=0.02105 sup=0.08223(w 0.03342 d1 0.00098 d2 0.00076 f 0.02192) | val_rec=0.00768 val_sup=0.03072 [0.0472 0.0166 0.0443 0.0148] 8s
  ep 28 L=0.10267 rec=0.02077 sup=0.08190(w 0.03311 d1 0.00098 d2 0.00076 f 0.02144) | val_rec=0.00916 val_sup=0.03176 [0.0513 0.0163 0.0452 0.0142] S=0.922(enc1) 8s
  ep 29 L=0.10598 rec=0.02312 sup=0.08286(w 0.03367 d1 0.00098 d2 0.00076 f 0.02264) | val_rec=0.00877 val_sup=0.02980 [0.0439 0.0163 0.0447 0.0143] 8s
  ep 30 L=0.10238 rec=0.02095 sup=0.08143(w 0.03299 d1 0.00097 d2 0.00076 f 0.02170) | val_rec=0.00694 val_sup=0.02973 [0.0438 0.0163 0.0445 0.0143] S=0.914(enc1) 8s
  ep 31 L=0.10020 rec=0.01928 sup=0.08091(w 0.03237 d1 0.00097 d2 0.00076 f 0.02114) | val_rec=0.00640 val_sup=0.02970 [0.0430 0.0166 0.0451 0.0141] 8s
  ep 32 L=0.10307 rec=0.02168 sup=0.08139(w 0.03317 d1 0.00096 d2 0.00076 f 0.02204) | val_rec=0.00823 val_sup=0.02959 [0.0433 0.0163 0.0445 0.0142] S=0.914(enc1) 8s
  ep 33 L=0.10215 rec=0.02114 sup=0.08101(w 0.03272 d1 0.00097 d2 0.00076 f 0.02162) | val_rec=0.00800 val_sup=0.03083 [0.0484 0.0163 0.0447 0.0139] 8s
  ep 34 L=0.10037 rec=0.02041 sup=0.07997(w 0.03209 d1 0.00096 d2 0.00075 f 0.02092) | val_rec=0.00660 val_sup=0.02944 [0.0432 0.0164 0.0442 0.0139] S=0.926(enc1) 8s
  ep 35 L=0.09994 rec=0.02020 sup=0.07975(w 0.03210 d1 0.00095 d2 0.00075 f 0.02133) | val_rec=0.00652 val_sup=0.02907 [0.0412 0.0165 0.0447 0.0138] 8s
  ep 36 L=0.10214 rec=0.02164 sup=0.08050(w 0.03251 d1 0.00096 d2 0.00076 f 0.02166) | val_rec=0.00849 val_sup=0.02948 [0.0432 0.0162 0.0446 0.0139] S=0.924(enc1) 8s
  ep 37 L=0.09996 rec=0.01989 sup=0.08007(w 0.03215 d1 0.00096 d2 0.00076 f 0.02123) | val_rec=0.00686 val_sup=0.02862 [0.0399 0.0164 0.0446 0.0136] 8s
  ep 38 L=0.09913 rec=0.01968 sup=0.07945(w 0.03160 d1 0.00096 d2 0.00076 f 0.02067) | val_rec=0.00699 val_sup=0.02922 [0.0419 0.0165 0.0449 0.0136] S=0.919(enc1) 8s
  ep 39 L=0.09648 rec=0.01813 sup=0.07836(w 0.03098 d1 0.00095 d2 0.00075 f 0.02025) | val_rec=0.00635 val_sup=0.02847 [0.0399 0.0163 0.0444 0.0133] 8s
  ep 40 L=0.09752 rec=0.01893 sup=0.07859(w 0.03123 d1 0.00095 d2 0.00075 f 0.02048) | val_rec=0.00720 val_sup=0.02853 [0.0392 0.0167 0.0449 0.0133] S=0.927(enc1) 8s
  ep 41 L=0.09737 rec=0.01880 sup=0.07857(w 0.03123 d1 0.00095 d2 0.00075 f 0.02080) | val_rec=0.00709 val_sup=0.02835 [0.0390 0.0162 0.0447 0.0134] 8s
  ep 42 L=0.09613 rec=0.01809 sup=0.07804(w 0.03088 d1 0.00094 d2 0.00075 f 0.02035) | val_rec=0.00693 val_sup=0.02834 [0.0395 0.0163 0.0443 0.0132] S=0.924(enc1) 8s
  ep 43 L=0.09614 rec=0.01820 sup=0.07794(w 0.03057 d1 0.00095 d2 0.00075 f 0.01996) | val_rec=0.00621 val_sup=0.02838 [0.0393 0.0164 0.0445 0.0133] 8s
  ep 44 L=0.09984 rec=0.02082 sup=0.07901(w 0.03138 d1 0.00095 d2 0.00075 f 0.02117) | val_rec=0.00789 val_sup=0.02893 [0.0413 0.0165 0.0441 0.0138] S=0.923(enc1) 8s
  ep 45 L=0.09897 rec=0.02043 sup=0.07854(w 0.03139 d1 0.00094 d2 0.00075 f 0.02099) | val_rec=0.00785 val_sup=0.02944 [0.0408 0.0171 0.0458 0.0141] 8s
  ep 46 L=0.09547 rec=0.01785 sup=0.07762(w 0.03048 d1 0.00094 d2 0.00075 f 0.01985) | val_rec=0.00797 val_sup=0.02861 [0.0399 0.0163 0.0448 0.0135] S=0.927(enc1) 8s
  ep 47 L=0.09472 rec=0.01759 sup=0.07712(w 0.03010 d1 0.00094 d2 0.00075 f 0.01967) | val_rec=0.00572 val_sup=0.02797 [0.0384 0.0163 0.0442 0.0130] 8s
  ep 48 L=0.09354 rec=0.01698 sup=0.07656(w 0.02972 d1 0.00094 d2 0.00075 f 0.01933) | val_rec=0.00633 val_sup=0.02834 [0.0399 0.0162 0.0443 0.0129] S=0.922(enc1) 8s
  ep 49 L=0.09424 rec=0.01746 sup=0.07679(w 0.02978 d1 0.00094 d2 0.00075 f 0.01937) | val_rec=0.00643 val_sup=0.02815 [0.0389 0.0165 0.0443 0.0130] 8s
  ep 50 L=0.09532 rec=0.01850 sup=0.07682(w 0.02988 d1 0.00094 d2 0.00075 f 0.01978) | val_rec=0.00649 val_sup=0.02835 [0.0374 0.0176 0.0447 0.0137] S=0.924(enc1) 8s
  ep 51 L=0.09419 rec=0.01764 sup=0.07654(w 0.02965 d1 0.00094 d2 0.00075 f 0.01990) | val_rec=0.00607 val_sup=0.02808 [0.0388 0.0163 0.0445 0.0128] 8s
  ep 52 L=0.09086 rec=0.01576 sup=0.07510(w 0.02873 d1 0.00093 d2 0.00074 f 0.01867) | val_rec=0.00544 val_sup=0.02779 [0.0379 0.0163 0.0441 0.0129] S=0.926(enc1) 8s
  ep 53 L=0.09119 rec=0.01577 sup=0.07543(w 0.02874 d1 0.00093 d2 0.00075 f 0.01879) | val_rec=0.00560 val_sup=0.02779 [0.0376 0.0162 0.0446 0.0128] 8s
  ep 54 L=0.09064 rec=0.01563 sup=0.07500(w 0.02857 d1 0.00093 d2 0.00075 f 0.01863) | val_rec=0.00635 val_sup=0.02798 [0.0383 0.0162 0.0446 0.0128] S=0.927(enc1) 8s
  ep 55 L=0.09168 rec=0.01639 sup=0.07529(w 0.02867 d1 0.00093 d2 0.00075 f 0.01890) | val_rec=0.00721 val_sup=0.02799 [0.0383 0.0165 0.0442 0.0129] 8s
  ep 56 L=0.09091 rec=0.01594 sup=0.07497(w 0.02858 d1 0.00093 d2 0.00075 f 0.01868) | val_rec=0.00542 val_sup=0.02812 [0.0392 0.0163 0.0441 0.0128] S=0.926(enc1) 8s
  ep 57 L=0.09029 rec=0.01546 sup=0.07483(w 0.02845 d1 0.00093 d2 0.00074 f 0.01856) | val_rec=0.00622 val_sup=0.02778 [0.0380 0.0162 0.0441 0.0128] 8s
  ep 58 L=0.09056 rec=0.01573 sup=0.07482(w 0.02851 d1 0.00093 d2 0.00074 f 0.01862) | val_rec=0.00603 val_sup=0.02788 [0.0382 0.0163 0.0441 0.0129] S=0.923(enc1) 8s
  ep 59 L=0.09035 rec=0.01557 sup=0.07478(w 0.02847 d1 0.00093 d2 0.00074 f 0.01858) | val_rec=0.00556 val_sup=0.02784 [0.0383 0.0163 0.0441 0.0128] 8s
  ep 60 L=0.09095 rec=0.01572 sup=0.07523(w 0.02856 d1 0.00093 d2 0.00075 f 0.01874) | val_rec=0.00687 val_sup=0.02779 [0.0381 0.0162 0.0443 0.0127] S=0.926(enc1) 8s
  ep 61 L=0.09069 rec=0.01578 sup=0.07491(w 0.02842 d1 0.00093 d2 0.00075 f 0.01857) | val_rec=0.00532 val_sup=0.02797 [0.0388 0.0162 0.0441 0.0128] 8s
  ep 62 L=0.09051 rec=0.01552 sup=0.07500(w 0.02843 d1 0.00093 d2 0.00075 f 0.01846) | val_rec=0.00563 val_sup=0.02796 [0.0383 0.0162 0.0445 0.0128] S=0.927(enc1) 8s
  ep 63 L=0.09058 rec=0.01569 sup=0.07489(w 0.02845 d1 0.00093 d2 0.00075 f 0.01849) | val_rec=0.00721 val_sup=0.02816 [0.0394 0.0165 0.0440 0.0128] 8s
  ep 64 L=0.09055 rec=0.01557 sup=0.07498(w 0.02835 d1 0.00093 d2 0.00075 f 0.01856) | val_rec=0.00663 val_sup=0.02799 [0.0385 0.0162 0.0444 0.0128] S=0.927(enc1) 8s
  ep 65 L=0.09056 rec=0.01561 sup=0.07494(w 0.02827 d1 0.00093 d2 0.00075 f 0.01839) | val_rec=0.00589 val_sup=0.02791 [0.0382 0.0163 0.0444 0.0128] 8s
  ep 66 L=0.09033 rec=0.01553 sup=0.07480(w 0.02830 d1 0.00093 d2 0.00075 f 0.01844) | val_rec=0.00524 val_sup=0.02769 [0.0375 0.0163 0.0442 0.0127] S=0.927(enc1) 8s
  ep 67 L=0.09010 rec=0.01555 sup=0.07455(w 0.02824 d1 0.00093 d2 0.00074 f 0.01844) | val_rec=0.00693 val_sup=0.02779 [0.0379 0.0164 0.0442 0.0127] 8s
  ep 68 L=0.09056 rec=0.01570 sup=0.07485(w 0.02835 d1 0.00093 d2 0.00075 f 0.01859) | val_rec=0.00560 val_sup=0.02794 [0.0388 0.0164 0.0440 0.0127] S=0.924(enc1) 8s
  ep 69 L=0.09063 rec=0.01569 sup=0.07494(w 0.02836 d1 0.00093 d2 0.00075 f 0.01856) | val_rec=0.00558 val_sup=0.02795 [0.0385 0.0163 0.0443 0.0127] 8s
  ep 70 L=0.09043 rec=0.01569 sup=0.07475(w 0.02825 d1 0.00093 d2 0.00075 f 0.01836) | val_rec=0.00729 val_sup=0.02839 [0.0399 0.0163 0.0446 0.0128] S=0.923(enc1) 8s
  ep 71 L=0.08981 rec=0.01540 sup=0.07441(w 0.02808 d1 0.00093 d2 0.00075 f 0.01829) | val_rec=0.00545 val_sup=0.02784 [0.0379 0.0163 0.0446 0.0126] 8s
  ep 72 L=0.08990 rec=0.01539 sup=0.07452(w 0.02810 d1 0.00093 d2 0.00075 f 0.01840) | val_rec=0.00572 val_sup=0.02800 [0.0386 0.0164 0.0443 0.0128] S=0.927(enc1) 8s
  ep 73 L=0.08965 rec=0.01537 sup=0.07428(w 0.02801 d1 0.00093 d2 0.00075 f 0.01830) | val_rec=0.00534 val_sup=0.02750 [0.0366 0.0164 0.0442 0.0128] 8s
  ep 74 L=0.09058 rec=0.01592 sup=0.07466(w 0.02823 d1 0.00093 d2 0.00075 f 0.01844) | val_rec=0.00761 val_sup=0.02856 [0.0413 0.0162 0.0441 0.0126] S=0.924(enc1) 8s
  ep 75 L=0.09004 rec=0.01567 sup=0.07437(w 0.02807 d1 0.00093 d2 0.00074 f 0.01831) | val_rec=0.00633 val_sup=0.02791 [0.0376 0.0169 0.0443 0.0128] 8s
  ep 76 L=0.08998 rec=0.01551 sup=0.07447(w 0.02805 d1 0.00093 d2 0.00075 f 0.01842) | val_rec=0.00596 val_sup=0.02779 [0.0376 0.0166 0.0442 0.0128] S=0.924(enc1) 8s
  ep 77 L=0.09101 rec=0.01630 sup=0.07471(w 0.02823 d1 0.00093 d2 0.00075 f 0.01831) | val_rec=0.00697 val_sup=0.02811 [0.0391 0.0163 0.0445 0.0126] 8s
  ep 78 L=0.09047 rec=0.01597 sup=0.07450(w 0.02807 d1 0.00093 d2 0.00075 f 0.01835) | val_rec=0.00684 val_sup=0.02823 [0.0392 0.0166 0.0444 0.0127] S=0.923(enc1) 8s
  ep 79 L=0.08988 rec=0.01539 sup=0.07448(w 0.02803 d1 0.00093 d2 0.00075 f 0.01846) | val_rec=0.00541 val_sup=0.02769 [0.0373 0.0164 0.0443 0.0128] 8s
  ep 80 L=0.08941 rec=0.01529 sup=0.07412(w 0.02786 d1 0.00093 d2 0.00074 f 0.01817) | val_rec=0.00525 val_sup=0.02794 [0.0384 0.0163 0.0442 0.0128] S=0.925(enc1) 8s
  ep 81 L=0.09049 rec=0.01596 sup=0.07453(w 0.02810 d1 0.00093 d2 0.00075 f 0.01839) | val_rec=0.00541 val_sup=0.02758 [0.0368 0.0164 0.0444 0.0128] 8s
  ep 82 L=0.08994 rec=0.01549 sup=0.07445(w 0.02798 d1 0.00093 d2 0.00075 f 0.01828) | val_rec=0.00583 val_sup=0.02778 [0.0378 0.0164 0.0443 0.0126] S=0.929(enc1) 8s
  ep 83 L=0.08929 rec=0.01521 sup=0.07408(w 0.02779 d1 0.00093 d2 0.00075 f 0.01811) | val_rec=0.00592 val_sup=0.02798 [0.0381 0.0164 0.0447 0.0128] 8s
  ep 84 L=0.08995 rec=0.01557 sup=0.07438(w 0.02806 d1 0.00093 d2 0.00075 f 0.01831) | val_rec=0.00637 val_sup=0.02780 [0.0377 0.0163 0.0444 0.0127] S=0.927(enc1) 8s
  ep 85 L=0.08960 rec=0.01549 sup=0.07411(w 0.02779 d1 0.00093 d2 0.00075 f 0.01808) | val_rec=0.00553 val_sup=0.02801 [0.0387 0.0163 0.0444 0.0126] 8s
  ep 86 L=0.08932 rec=0.01531 sup=0.07400(w 0.02775 d1 0.00093 d2 0.00075 f 0.01817) | val_rec=0.00549 val_sup=0.02765 [0.0372 0.0164 0.0444 0.0126] S=0.927(enc1) 8s
  ep 87 L=0.08984 rec=0.01551 sup=0.07434(w 0.02787 d1 0.00093 d2 0.00075 f 0.01830) | val_rec=0.00603 val_sup=0.02796 [0.0384 0.0163 0.0445 0.0127] 8s
  ep 88 L=0.08978 rec=0.01565 sup=0.07412(w 0.02784 d1 0.00093 d2 0.00075 f 0.01813) | val_rec=0.00619 val_sup=0.02789 [0.0384 0.0163 0.0442 0.0126] S=0.929(enc1) 8s
  ep 89 L=0.08971 rec=0.01555 sup=0.07416(w 0.02780 d1 0.00093 d2 0.00075 f 0.01832) | val_rec=0.00596 val_sup=0.02776 [0.0372 0.0166 0.0444 0.0128] 8s
  ep 90 L=0.08911 rec=0.01514 sup=0.07396(w 0.02768 d1 0.00093 d2 0.00075 f 0.01805) | val_rec=0.00551 val_sup=0.02771 [0.0376 0.0163 0.0443 0.0127] S=0.928(enc1) 8s
  ep 91 L=0.08937 rec=0.01540 sup=0.07396(w 0.02766 d1 0.00093 d2 0.00075 f 0.01802) | val_rec=0.00653 val_sup=0.02786 [0.0378 0.0165 0.0444 0.0127] 8s
  ep 92 L=0.08906 rec=0.01537 sup=0.07369(w 0.02757 d1 0.00092 d2 0.00074 f 0.01801) | val_rec=0.00512 val_sup=0.02765 [0.0373 0.0164 0.0443 0.0126] S=0.928(enc1) 8s
  ep 93 L=0.08934 rec=0.01543 sup=0.07391(w 0.02762 d1 0.00093 d2 0.00075 f 0.01809) | val_rec=0.00562 val_sup=0.02773 [0.0374 0.0164 0.0444 0.0127] 8s
  ep 94 L=0.08943 rec=0.01557 sup=0.07386(w 0.02766 d1 0.00092 d2 0.00074 f 0.01792) | val_rec=0.00549 val_sup=0.02768 [0.0371 0.0166 0.0443 0.0128] S=0.926(enc1) 8s
  ep 95 L=0.08934 rec=0.01553 sup=0.07381(w 0.02760 d1 0.00092 d2 0.00074 f 0.01813) | val_rec=0.00522 val_sup=0.02786 [0.0378 0.0166 0.0444 0.0127] 8s
  ep 96 L=0.08988 rec=0.01569 sup=0.07420(w 0.02765 d1 0.00093 d2 0.00075 f 0.01817) | val_rec=0.00572 val_sup=0.02789 [0.0382 0.0164 0.0443 0.0127] S=0.928(enc1) 8s
  ep 97 L=0.08931 rec=0.01544 sup=0.07387(w 0.02763 d1 0.00092 d2 0.00075 f 0.01803) | val_rec=0.00570 val_sup=0.02813 [0.0387 0.0164 0.0446 0.0128] 8s
  ep 98 L=0.08958 rec=0.01557 sup=0.07401(w 0.02766 d1 0.00093 d2 0.00075 f 0.01804) | val_rec=0.00557 val_sup=0.02793 [0.0383 0.0164 0.0444 0.0126] S=0.924(enc1) 8s
  ep 99 L=0.08898 rec=0.01528 sup=0.07370(w 0.02749 d1 0.00092 d2 0.00075 f 0.01795) | val_rec=0.00562 val_sup=0.02800 [0.0384 0.0165 0.0445 0.0127] 8s
  ep100 L=0.08959 rec=0.01563 sup=0.07396(w 0.02763 d1 0.00093 d2 0.00075 f 0.01815) | val_rec=0.00623 val_sup=0.02780 [0.0376 0.0165 0.0446 0.0126] S=0.927(enc1) 8s
  ep101 L=0.08848 rec=0.01515 sup=0.07333(w 0.02725 d1 0.00092 d2 0.00074 f 0.01783) | val_rec=0.00636 val_sup=0.02826 [0.0389 0.0168 0.0443 0.0130] 8s
  ep102 L=0.08903 rec=0.01512 sup=0.07391(w 0.02751 d1 0.00093 d2 0.00075 f 0.01802) | val_rec=0.00517 val_sup=0.02748 [0.0360 0.0168 0.0444 0.0127] S=0.928(enc1) 8s
  ep103 L=0.08878 rec=0.01525 sup=0.07353(w 0.02728 d1 0.00093 d2 0.00075 f 0.01780) | val_rec=0.00579 val_sup=0.02759 [0.0370 0.0164 0.0443 0.0127] 8s
  ep104 L=0.08862 rec=0.01500 sup=0.07362(w 0.02728 d1 0.00093 d2 0.00075 f 0.01783) | val_rec=0.00528 val_sup=0.02747 [0.0364 0.0164 0.0443 0.0127] S=0.927(enc1) 8s
  ep105 L=0.08833 rec=0.01498 sup=0.07335(w 0.02718 d1 0.00092 d2 0.00074 f 0.01772) | val_rec=0.00599 val_sup=0.02767 [0.0369 0.0168 0.0442 0.0127] 8s
  ep106 L=0.08885 rec=0.01522 sup=0.07363(w 0.02734 d1 0.00093 d2 0.00075 f 0.01794) | val_rec=0.00550 val_sup=0.02767 [0.0372 0.0164 0.0443 0.0128] S=0.927(enc1) 8s
  ep107 L=0.08880 rec=0.01527 sup=0.07352(w 0.02726 d1 0.00093 d2 0.00075 f 0.01778) | val_rec=0.00655 val_sup=0.02802 [0.0382 0.0169 0.0442 0.0127] 8s
  ep108 L=0.08876 rec=0.01508 sup=0.07369(w 0.02724 d1 0.00093 d2 0.00075 f 0.01784) | val_rec=0.00606 val_sup=0.02764 [0.0366 0.0167 0.0445 0.0127] S=0.927(enc1) 8s
  ep109 L=0.08836 rec=0.01499 sup=0.07337(w 0.02722 d1 0.00092 d2 0.00074 f 0.01776) | val_rec=0.00555 val_sup=0.02749 [0.0361 0.0167 0.0444 0.0128] 8s
  ep110 L=0.08898 rec=0.01505 sup=0.07393(w 0.02732 d1 0.00093 d2 0.00075 f 0.01783) | val_rec=0.00545 val_sup=0.02777 [0.0371 0.0166 0.0447 0.0126] S=0.928(enc1) 8s
  ep111 L=0.08843 rec=0.01508 sup=0.07335(w 0.02718 d1 0.00092 d2 0.00074 f 0.01777) | val_rec=0.00595 val_sup=0.02800 [0.0380 0.0166 0.0444 0.0130] 8s
  ep112 L=0.08860 rec=0.01505 sup=0.07355(w 0.02729 d1 0.00093 d2 0.00075 f 0.01789) | val_rec=0.00602 val_sup=0.02749 [0.0365 0.0164 0.0444 0.0127] S=0.928(enc1) 8s
  ep113 L=0.08873 rec=0.01506 sup=0.07367(w 0.02729 d1 0.00093 d2 0.00075 f 0.01776) | val_rec=0.00588 val_sup=0.02768 [0.0370 0.0165 0.0446 0.0127] 8s
  ep114 L=0.08841 rec=0.01498 sup=0.07343(w 0.02718 d1 0.00092 d2 0.00075 f 0.01774) | val_rec=0.00512 val_sup=0.02753 [0.0363 0.0166 0.0445 0.0127] S=0.928(enc1) 8s
  ep115 L=0.08880 rec=0.01514 sup=0.07366(w 0.02729 d1 0.00093 d2 0.00075 f 0.01786) | val_rec=0.00560 val_sup=0.02760 [0.0369 0.0164 0.0446 0.0126] 8s
  ep116 L=0.08869 rec=0.01514 sup=0.07355(w 0.02726 d1 0.00093 d2 0.00075 f 0.01775) | val_rec=0.00553 val_sup=0.02769 [0.0373 0.0166 0.0442 0.0127] S=0.927(enc1) 8s
  ep117 L=0.08870 rec=0.01524 sup=0.07346(w 0.02724 d1 0.00092 d2 0.00075 f 0.01780) | val_rec=0.00502 val_sup=0.02757 [0.0367 0.0166 0.0443 0.0127] 8s
  ep118 L=0.08852 rec=0.01506 sup=0.07346(w 0.02719 d1 0.00093 d2 0.00075 f 0.01782) | val_rec=0.00542 val_sup=0.02805 [0.0387 0.0166 0.0443 0.0126] S=0.926(enc1) 8s
  ep119 L=0.08828 rec=0.01496 sup=0.07332(w 0.02713 d1 0.00092 d2 0.00074 f 0.01764) | val_rec=0.00513 val_sup=0.02772 [0.0375 0.0165 0.0443 0.0127] 8s
  ep120 L=0.08852 rec=0.01502 sup=0.07351(w 0.02722 d1 0.00093 d2 0.00075 f 0.01787) | val_rec=0.00529 val_sup=0.02753 [0.0368 0.0164 0.0442 0.0126] S=0.927(enc1) 8s
  ep121 L=0.08815 rec=0.01496 sup=0.07319(w 0.02711 d1 0.00092 d2 0.00074 f 0.01759) | val_rec=0.00497 val_sup=0.02774 [0.0374 0.0165 0.0444 0.0127] 8s
  ep122 L=0.08916 rec=0.01535 sup=0.07381(w 0.02733 d1 0.00093 d2 0.00075 f 0.01796) | val_rec=0.00740 val_sup=0.02797 [0.0377 0.0165 0.0450 0.0127] S=0.926(enc1) 8s
  ep123 L=0.08828 rec=0.01498 sup=0.07330(w 0.02716 d1 0.00092 d2 0.00074 f 0.01760) | val_rec=0.00568 val_sup=0.02826 [0.0387 0.0170 0.0443 0.0130] 8s
  ep124 L=0.08859 rec=0.01508 sup=0.07351(w 0.02722 d1 0.00093 d2 0.00075 f 0.01794) | val_rec=0.00535 val_sup=0.02774 [0.0374 0.0166 0.0444 0.0126] S=0.928(enc1) 8s
  ep125 L=0.08816 rec=0.01491 sup=0.07325(w 0.02710 d1 0.00092 d2 0.00074 f 0.01758) | val_rec=0.00660 val_sup=0.02787 [0.0371 0.0169 0.0446 0.0129] 8s
  ep126 L=0.08847 rec=0.01508 sup=0.07339(w 0.02725 d1 0.00092 d2 0.00074 f 0.01780) | val_rec=0.00617 val_sup=0.02777 [0.0375 0.0164 0.0445 0.0126] S=0.927(enc1) 8s
  ep127 L=0.08815 rec=0.01493 sup=0.07322(w 0.02714 d1 0.00092 d2 0.00074 f 0.01779) | val_rec=0.00533 val_sup=0.02772 [0.0374 0.0165 0.0443 0.0127] 8s
  ep128 L=0.08829 rec=0.01509 sup=0.07321(w 0.02720 d1 0.00092 d2 0.00074 f 0.01773) | val_rec=0.00582 val_sup=0.02789 [0.0380 0.0167 0.0442 0.0127] S=0.927(enc1) 8s
  ep129 L=0.08831 rec=0.01490 sup=0.07341(w 0.02713 d1 0.00093 d2 0.00075 f 0.01774) | val_rec=0.00517 val_sup=0.02765 [0.0364 0.0169 0.0445 0.0128] 8s
  ep130 L=0.08880 rec=0.01517 sup=0.07364(w 0.02733 d1 0.00093 d2 0.00075 f 0.01788) | val_rec=0.00648 val_sup=0.02776 [0.0375 0.0164 0.0444 0.0127] S=0.929(enc1) 8s
  ep131 L=0.08897 rec=0.01517 sup=0.07380(w 0.02733 d1 0.00093 d2 0.00075 f 0.01791) | val_rec=0.00596 val_sup=0.02770 [0.0372 0.0165 0.0444 0.0127] 8s
  ep132 L=0.08858 rec=0.01523 sup=0.07335(w 0.02721 d1 0.00092 d2 0.00074 f 0.01769) | val_rec=0.00552 val_sup=0.02765 [0.0370 0.0166 0.0444 0.0127] S=0.927(enc1) 8s
  ep133 L=0.08847 rec=0.01511 sup=0.07336(w 0.02718 d1 0.00092 d2 0.00074 f 0.01781) | val_rec=0.00499 val_sup=0.02759 [0.0370 0.0165 0.0443 0.0126] 8s
  ep134 L=0.08848 rec=0.01502 sup=0.07346(w 0.02722 d1 0.00092 d2 0.00075 f 0.01774) | val_rec=0.00515 val_sup=0.02777 [0.0378 0.0165 0.0443 0.0126] S=0.928(enc1) 8s
  ep135 L=0.08837 rec=0.01512 sup=0.07325(w 0.02707 d1 0.00092 d2 0.00074 f 0.01770) | val_rec=0.00583 val_sup=0.02789 [0.0370 0.0168 0.0446 0.0131] 8s
  ep136 L=0.08837 rec=0.01510 sup=0.07326(w 0.02711 d1 0.00092 d2 0.00074 f 0.01767) | val_rec=0.00556 val_sup=0.02784 [0.0379 0.0165 0.0443 0.0127] S=0.928(enc1) 8s
  ep137 L=0.08817 rec=0.01497 sup=0.07320(w 0.02708 d1 0.00092 d2 0.00074 f 0.01767) | val_rec=0.00661 val_sup=0.02774 [0.0376 0.0165 0.0442 0.0127] 8s
  ep138 L=0.08842 rec=0.01502 sup=0.07340(w 0.02716 d1 0.00092 d2 0.00075 f 0.01775) | val_rec=0.00672 val_sup=0.02793 [0.0378 0.0166 0.0445 0.0127] S=0.927(enc1) 8s
  ep139 L=0.08833 rec=0.01502 sup=0.07331(w 0.02715 d1 0.00092 d2 0.00074 f 0.01766) | val_rec=0.00540 val_sup=0.02817 [0.0389 0.0166 0.0445 0.0127] 8s
  ep140 L=0.08822 rec=0.01498 sup=0.07323(w 0.02712 d1 0.00092 d2 0.00074 f 0.01779) | val_rec=0.00525 val_sup=0.02764 [0.0372 0.0166 0.0442 0.0126] S=0.929(enc1) 8s
  ep141 L=0.08842 rec=0.01498 sup=0.07344(w 0.02717 d1 0.00093 d2 0.00075 f 0.01773) | val_rec=0.00520 val_sup=0.02751 [0.0365 0.0165 0.0444 0.0126] 8s
  ep142 L=0.08812 rec=0.01496 sup=0.07316(w 0.02710 d1 0.00092 d2 0.00074 f 0.01772) | val_rec=0.00538 val_sup=0.02770 [0.0375 0.0164 0.0442 0.0126] S=0.926(enc1) 8s
  ep143 L=0.08879 rec=0.01539 sup=0.07340(w 0.02723 d1 0.00092 d2 0.00074 f 0.01780) | val_rec=0.00707 val_sup=0.02809 [0.0385 0.0166 0.0445 0.0127] 8s
  ep144 L=0.08828 rec=0.01508 sup=0.07320(w 0.02715 d1 0.00092 d2 0.00074 f 0.01774) | val_rec=0.00549 val_sup=0.02768 [0.0371 0.0168 0.0442 0.0126] S=0.927(enc1) 8s
  ep145 L=0.08902 rec=0.01541 sup=0.07362(w 0.02726 d1 0.00093 d2 0.00075 f 0.01784) | val_rec=0.00920 val_sup=0.02865 [0.0412 0.0166 0.0443 0.0125] 8s
  ep146 L=0.08868 rec=0.01530 sup=0.07338(w 0.02716 d1 0.00092 d2 0.00075 f 0.01773) | val_rec=0.00536 val_sup=0.02773 [0.0372 0.0166 0.0444 0.0127] S=0.929(enc1) 8s
  ep147 L=0.08838 rec=0.01504 sup=0.07335(w 0.02714 d1 0.00092 d2 0.00075 f 0.01780) | val_rec=0.00502 val_sup=0.02761 [0.0365 0.0168 0.0445 0.0126] 8s
  ep148 L=0.08844 rec=0.01508 sup=0.07336(w 0.02716 d1 0.00092 d2 0.00075 f 0.01765) | val_rec=0.00577 val_sup=0.02776 [0.0375 0.0165 0.0444 0.0126] S=0.927(enc1) 8s
  ep149 L=0.08852 rec=0.01520 sup=0.07332(w 0.02720 d1 0.00092 d2 0.00074 f 0.01779) | val_rec=0.00494 val_sup=0.02763 [0.0370 0.0166 0.0443 0.0126] 8s
  ep150 L=0.08918 rec=0.01517 sup=0.07401(w 0.02723 d1 0.00094 d2 0.00075 f 0.01791) | val_rec=0.00617 val_sup=0.02777 [0.0373 0.0165 0.0447 0.0127] S=0.929(enc1) 8s
  ep151 L=0.08884 rec=0.01530 sup=0.07354(w 0.02727 d1 0.00093 d2 0.00075 f 0.01781) | val_rec=0.00545 val_sup=0.02761 [0.0370 0.0166 0.0443 0.0126] 8s
  ep152 L=0.08844 rec=0.01504 sup=0.07340(w 0.02715 d1 0.00093 d2 0.00075 f 0.01771) | val_rec=0.00539 val_sup=0.02767 [0.0372 0.0164 0.0445 0.0125] S=0.928(enc1) 8s
  ep153 L=0.08883 rec=0.01525 sup=0.07359(w 0.02722 d1 0.00093 d2 0.00075 f 0.01778) | val_rec=0.00543 val_sup=0.02768 [0.0370 0.0165 0.0446 0.0126] 8s
  ep154 L=0.08879 rec=0.01511 sup=0.07367(w 0.02722 d1 0.00093 d2 0.00075 f 0.01777) | val_rec=0.00571 val_sup=0.02783 [0.0375 0.0166 0.0446 0.0126] S=0.926(enc1) 8s
  조기 종료 (val_sup 50에폭 정체)
[s1_해상도\C32] 완료. 154에폭, 판정 78개
  min L_sup^val = 0.02747   min L_recon^val = 0.00512
  C (ratio 1.5) = 74개, 에폭 8~154
  t* = 에폭 104  val_sup 0.02747 [0.0364 0.0164 0.0443 0.0127]  val_recon 0.00528  S 0.9275
    민감도 ratio 1.2: C 67개 (에폭 22~154) -> t* 104  val_sup 0.02747
    민감도 ratio 1.5: C 74개 (에폭 8~154) -> t* 104  val_sup 0.02747
    민감도 ratio 2.0: C 75개 (에폭 6~154) -> t* 104  val_sup 0.02747

[정량 지표] 학습 종료 후 자동 산출 — 03 성분 정렬 · 04 복원 세 방식
  성분 정렬 완료
  복원 세 방식 완료
