[s1_해상도\C64] device=cuda K=4 seed=42 hidden=64 train=5760 val=900 V=300
  구조  깊이 6 · 압축률 64 · 인코딩 시간축 57 (조각당 0.178초)
        채널 [32, 32, 64, 64, 128, 128] · dilations [1, 1, 1, 1, 1, 8]
        수용영역 3508 표본 = 9.74초 · 패딩 3648(양쪽 24)
  L = MSE(x_hat, x_noisy) + 1 * L_sup   [지도학습]
  L_sup = (1/K) sum_k [ MSE(s_k, r_k) + 50*MSE(d1 s_k, d1 r_k) + 0*MSE(d2 s_k, d2 r_k) + 0*MSE(|F s_k|, |F r_k|) ]
    d1 = 1차 차분, d2 = 2차 차분, F = rfft(norm='ortho') 크기
  소스별 정규화 없음 (sup_normalize: none)
  배정  enc1=x_clean · enc2=bw · enc3=ma · enc4=em
  정칙화 3항 해제 — lambda_mixing=0 lambda_zero_recon=0 lambda_z_l2=0
  선택  C = { L_sup^val <= 1.5 x min } 에서 L_sup^val 최소, 2에폭 간격
  ep  1 L=0.62495 rec=0.32371 sup=0.30124(w 0.13629 d1 0.00330 d2 0.00436 f 0.13909) | val_rec=0.09955 val_sup=0.08578 [0.2359 0.0289 0.0535 0.0248] S=0.139(enc1) 9s
  ep  2 L=0.31010 rec=0.15305 sup=0.15705(w 0.07526 d1 0.00164 d2 0.00083 f 0.06245) | val_rec=0.07654 val_sup=0.08158 [0.2360 0.0187 0.0492 0.0223] S=0.183(enc1) 8s
  ep  3 L=0.27008 rec=0.12255 sup=0.14752(w 0.06604 d1 0.00163 d2 0.00083 f 0.05152) | val_rec=0.05874 val_sup=0.07622 [0.2181 0.0179 0.0482 0.0207] 8s
  ep  4 L=0.24807 rec=0.10698 sup=0.14109(w 0.06082 d1 0.00161 d2 0.00083 f 0.04643) | val_rec=0.05523 val_sup=0.07501 [0.2135 0.0179 0.0473 0.0214] S=0.299(enc1) 8s
  ep  5 L=0.22185 rec=0.08923 sup=0.13262(w 0.05524 d1 0.00155 d2 0.00084 f 0.03884) | val_rec=0.04530 val_sup=0.06755 [0.1853 0.0176 0.0473 0.0200] 8s
  ep  6 L=0.19332 rec=0.07200 sup=0.12132(w 0.05041 d1 0.00142 d2 0.00084 f 0.03450) | val_rec=0.05450 val_sup=0.05725 [0.1438 0.0176 0.0470 0.0206] S=0.733(enc1) 8s
  ep  7 L=0.17081 rec=0.05797 sup=0.11284(w 0.04768 d1 0.00130 d2 0.00083 f 0.03199) | val_rec=0.02854 val_sup=0.05303 [0.1297 0.0171 0.0464 0.0190] 8s
  ep  8 L=0.16089 rec=0.05207 sup=0.10881(w 0.04578 d1 0.00126 d2 0.00083 f 0.03083) | val_rec=0.03526 val_sup=0.05331 [0.1278 0.0186 0.0474 0.0195] S=0.770(enc1) 8s
  ep  9 L=0.15162 rec=0.04727 sup=0.10435(w 0.04393 d1 0.00121 d2 0.00082 f 0.02936) | val_rec=0.02024 val_sup=0.04520 [0.0990 0.0172 0.0457 0.0189] 8s
  ep 10 L=0.14812 rec=0.04398 sup=0.10413(w 0.04256 d1 0.00123 d2 0.00082 f 0.02773) | val_rec=0.02315 val_sup=0.04582 [0.1022 0.0169 0.0461 0.0181] S=0.787(enc1) 8s
  ep 11 L=0.14196 rec=0.04154 sup=0.10043(w 0.04125 d1 0.00118 d2 0.00081 f 0.02720) | val_rec=0.02350 val_sup=0.04534 [0.1005 0.0168 0.0450 0.0191] 8s
  ep 12 L=0.14025 rec=0.04214 sup=0.09811(w 0.04065 d1 0.00115 d2 0.00081 f 0.02686) | val_rec=0.01661 val_sup=0.04113 [0.0844 0.0166 0.0454 0.0181] S=0.825(enc1) 8s
  ep 13 L=0.13484 rec=0.03779 sup=0.09705(w 0.03932 d1 0.00115 d2 0.00081 f 0.02588) | val_rec=0.02081 val_sup=0.04254 [0.0877 0.0178 0.0457 0.0190] 8s
  ep 14 L=0.13045 rec=0.03618 sup=0.09428(w 0.03849 d1 0.00112 d2 0.00080 f 0.02560) | val_rec=0.01591 val_sup=0.03976 [0.0803 0.0167 0.0442 0.0179] S=0.856(enc1) 8s
  ep 15 L=0.12308 rec=0.03232 sup=0.09076(w 0.03704 d1 0.00107 d2 0.00079 f 0.02447) | val_rec=0.01687 val_sup=0.03922 [0.0789 0.0167 0.0443 0.0170] 8s
  ep 16 L=0.12525 rec=0.03404 sup=0.09120(w 0.03722 d1 0.00108 d2 0.00079 f 0.02481) | val_rec=0.01965 val_sup=0.04173 [0.0893 0.0165 0.0446 0.0165] S=0.841(enc1) 8s
  ep 17 L=0.12452 rec=0.03427 sup=0.09025(w 0.03719 d1 0.00106 d2 0.00079 f 0.02512) | val_rec=0.01722 val_sup=0.04037 [0.0826 0.0166 0.0451 0.0172] 8s
  ep 18 L=0.11914 rec=0.03068 sup=0.08846(w 0.03598 d1 0.00105 d2 0.00079 f 0.02387) | val_rec=0.01308 val_sup=0.03757 [0.0716 0.0170 0.0448 0.0169] S=0.880(enc1) 8s
  ep 19 L=0.11983 rec=0.03169 sup=0.08814(w 0.03624 d1 0.00104 d2 0.00078 f 0.02460) | val_rec=0.01281 val_sup=0.03618 [0.0677 0.0165 0.0444 0.0161] 8s
  ep 20 L=0.11601 rec=0.02929 sup=0.08673(w 0.03514 d1 0.00103 d2 0.00078 f 0.02327) | val_rec=0.01323 val_sup=0.03679 [0.0692 0.0165 0.0454 0.0160] S=0.879(enc1) 8s
  ep 21 L=0.11529 rec=0.02941 sup=0.08588(w 0.03492 d1 0.00102 d2 0.00078 f 0.02318) | val_rec=0.01340 val_sup=0.03640 [0.0683 0.0166 0.0445 0.0163] 8s
  ep 22 L=0.11484 rec=0.02763 sup=0.08721(w 0.03442 d1 0.00106 d2 0.00078 f 0.02242) | val_rec=0.01443 val_sup=0.03522 [0.0652 0.0164 0.0436 0.0157] S=0.880(enc1) 8s
  ep 23 L=0.11209 rec=0.02663 sup=0.08546(w 0.03403 d1 0.00103 d2 0.00078 f 0.02242) | val_rec=0.01176 val_sup=0.03431 [0.0607 0.0164 0.0441 0.0161] 8s
  ep 24 L=0.11527 rec=0.03036 sup=0.08490(w 0.03436 d1 0.00101 d2 0.00077 f 0.02271) | val_rec=0.01354 val_sup=0.03461 [0.0616 0.0164 0.0446 0.0157] S=0.881(enc1) 8s
  ep 25 L=0.11427 rec=0.02957 sup=0.08470(w 0.03421 d1 0.00101 d2 0.00077 f 0.02329) | val_rec=0.01436 val_sup=0.03498 [0.0632 0.0168 0.0442 0.0158] 8s
  ep 26 L=0.10895 rec=0.02575 sup=0.08320(w 0.03319 d1 0.00100 d2 0.00077 f 0.02196) | val_rec=0.01017 val_sup=0.03333 [0.0576 0.0164 0.0443 0.0151] S=0.890(enc1) 8s
  ep 27 L=0.10819 rec=0.02573 sup=0.08246(w 0.03281 d1 0.00099 d2 0.00077 f 0.02179) | val_rec=0.01351 val_sup=0.03446 [0.0617 0.0164 0.0437 0.0160] 8s
  ep 28 L=0.10870 rec=0.02630 sup=0.08241(w 0.03286 d1 0.00099 d2 0.00077 f 0.02201) | val_rec=0.01414 val_sup=0.03431 [0.0602 0.0165 0.0451 0.0154] S=0.902(enc1) 8s
  ep 29 L=0.11480 rec=0.03091 sup=0.08389(w 0.03400 d1 0.00100 d2 0.00077 f 0.02328) | val_rec=0.01548 val_sup=0.03474 [0.0626 0.0164 0.0446 0.0154] 8s
  ep 30 L=0.10953 rec=0.02719 sup=0.08234(w 0.03298 d1 0.00099 d2 0.00076 f 0.02209) | val_rec=0.00988 val_sup=0.03223 [0.0525 0.0165 0.0447 0.0152] S=0.891(enc1) 8s
  ep 31 L=0.11164 rec=0.02680 sup=0.08483(w 0.03272 d1 0.00104 d2 0.00078 f 0.02138) | val_rec=0.01614 val_sup=0.03745 [0.0739 0.0168 0.0442 0.0149] 8s
  ep 32 L=0.10982 rec=0.02605 sup=0.08376(w 0.03230 d1 0.00103 d2 0.00078 f 0.02111) | val_rec=0.01383 val_sup=0.03429 [0.0618 0.0163 0.0440 0.0151] S=0.877(enc1) 8s
  ep 33 L=0.10792 rec=0.02597 sup=0.08195(w 0.03222 d1 0.00099 d2 0.00077 f 0.02146) | val_rec=0.01450 val_sup=0.03418 [0.0616 0.0162 0.0443 0.0147] 9s
  ep 34 L=0.10469 rec=0.02412 sup=0.08057(w 0.03150 d1 0.00098 d2 0.00076 f 0.02083) | val_rec=0.01082 val_sup=0.03277 [0.0552 0.0166 0.0448 0.0145] S=0.900(enc1) 8s
  ep 35 L=0.10396 rec=0.02411 sup=0.07985(w 0.03127 d1 0.00097 d2 0.00076 f 0.02086) | val_rec=0.01154 val_sup=0.03218 [0.0536 0.0161 0.0439 0.0151] 8s
  ep 36 L=0.10881 rec=0.02770 sup=0.08111(w 0.03211 d1 0.00098 d2 0.00076 f 0.02212) | val_rec=0.01188 val_sup=0.03329 [0.0580 0.0162 0.0443 0.0147] S=0.894(enc1) 8s
  ep 37 L=0.10586 rec=0.02544 sup=0.08042(w 0.03159 d1 0.00098 d2 0.00076 f 0.02104) | val_rec=0.00928 val_sup=0.03188 [0.0510 0.0164 0.0459 0.0142] 8s
  ep 38 L=0.10214 rec=0.02285 sup=0.07929(w 0.03076 d1 0.00097 d2 0.00076 f 0.02037) | val_rec=0.01138 val_sup=0.03300 [0.0550 0.0166 0.0457 0.0147] S=0.895(enc1) 8s
  ep 39 L=0.10124 rec=0.02258 sup=0.07866(w 0.03020 d1 0.00097 d2 0.00076 f 0.01995) | val_rec=0.00905 val_sup=0.03145 [0.0508 0.0163 0.0445 0.0142] 8s
  ep 40 L=0.10203 rec=0.02341 sup=0.07862(w 0.03032 d1 0.00097 d2 0.00076 f 0.02014) | val_rec=0.00961 val_sup=0.03134 [0.0507 0.0163 0.0440 0.0143] S=0.900(enc1) 8s
  ep 41 L=0.09950 rec=0.02171 sup=0.07779(w 0.02969 d1 0.00096 d2 0.00076 f 0.01962) | val_rec=0.00859 val_sup=0.03114 [0.0502 0.0162 0.0440 0.0142] 8s
  ep 42 L=0.10025 rec=0.02212 sup=0.07813(w 0.02961 d1 0.00097 d2 0.00076 f 0.01961) | val_rec=0.00952 val_sup=0.03157 [0.0514 0.0162 0.0442 0.0145] S=0.891(enc1) 8s
  ep 43 L=0.10108 rec=0.02297 sup=0.07811(w 0.02945 d1 0.00097 d2 0.00076 f 0.01974) | val_rec=0.01687 val_sup=0.03489 [0.0624 0.0176 0.0441 0.0155] 8s
  ep 44 L=0.10362 rec=0.02515 sup=0.07847(w 0.02995 d1 0.00097 d2 0.00076 f 0.02021) | val_rec=0.00877 val_sup=0.03086 [0.0493 0.0162 0.0437 0.0143] S=0.900(enc1) 8s
  ep 45 L=0.10058 rec=0.02300 sup=0.07758(w 0.02930 d1 0.00097 d2 0.00076 f 0.01959) | val_rec=0.01538 val_sup=0.03410 [0.0595 0.0169 0.0449 0.0152] 8s
  ep 46 L=0.10054 rec=0.02295 sup=0.07759(w 0.02910 d1 0.00097 d2 0.00076 f 0.01931) | val_rec=0.01092 val_sup=0.03192 [0.0532 0.0163 0.0442 0.0140] S=0.890(enc1) 8s
  ep 47 L=0.09874 rec=0.02194 sup=0.07680(w 0.02869 d1 0.00096 d2 0.00076 f 0.01898) | val_rec=0.00882 val_sup=0.03068 [0.0484 0.0163 0.0441 0.0139] 8s
  ep 48 L=0.09682 rec=0.02110 sup=0.07572(w 0.02817 d1 0.00095 d2 0.00075 f 0.01851) | val_rec=0.00906 val_sup=0.03158 [0.0520 0.0162 0.0444 0.0138] S=0.905(enc1) 8s
  ep 49 L=0.09766 rec=0.02149 sup=0.07617(w 0.02807 d1 0.00096 d2 0.00076 f 0.01853) | val_rec=0.00925 val_sup=0.03143 [0.0501 0.0166 0.0446 0.0143] 8s
  ep 50 L=0.09917 rec=0.02281 sup=0.07636(w 0.02838 d1 0.00096 d2 0.00076 f 0.01888) | val_rec=0.00909 val_sup=0.03042 [0.0470 0.0163 0.0442 0.0142] S=0.905(enc1) 8s
  ep 51 L=0.09491 rec=0.02032 sup=0.07459(w 0.02709 d1 0.00095 d2 0.00076 f 0.01821) | val_rec=0.00833 val_sup=0.03041 [0.0478 0.0161 0.0439 0.0139] 8s
  ep 52 L=0.09235 rec=0.01905 sup=0.07330(w 0.02642 d1 0.00094 d2 0.00075 f 0.01729) | val_rec=0.00852 val_sup=0.03037 [0.0468 0.0162 0.0442 0.0143] S=0.909(enc1) 8s
  ep 53 L=0.09255 rec=0.01905 sup=0.07350(w 0.02634 d1 0.00094 d2 0.00075 f 0.01738) | val_rec=0.00778 val_sup=0.03041 [0.0473 0.0161 0.0444 0.0139] 8s
  ep 54 L=0.09206 rec=0.01894 sup=0.07311(w 0.02619 d1 0.00094 d2 0.00075 f 0.01726) | val_rec=0.00837 val_sup=0.03061 [0.0477 0.0162 0.0447 0.0139] S=0.910(enc1) 8s
  ep 55 L=0.09305 rec=0.01968 sup=0.07337(w 0.02627 d1 0.00094 d2 0.00075 f 0.01750) | val_rec=0.00962 val_sup=0.03060 [0.0467 0.0167 0.0446 0.0144] 8s
  ep 56 L=0.09227 rec=0.01923 sup=0.07304(w 0.02618 d1 0.00094 d2 0.00075 f 0.01726) | val_rec=0.00922 val_sup=0.03123 [0.0497 0.0164 0.0444 0.0144] S=0.913(enc1) 8s
  ep 57 L=0.09151 rec=0.01869 sup=0.07282(w 0.02599 d1 0.00094 d2 0.00075 f 0.01714) | val_rec=0.00934 val_sup=0.03060 [0.0479 0.0163 0.0441 0.0140] 8s
  ep 58 L=0.09184 rec=0.01901 sup=0.07283(w 0.02605 d1 0.00094 d2 0.00075 f 0.01721) | val_rec=0.00820 val_sup=0.03053 [0.0472 0.0165 0.0444 0.0140] S=0.907(enc1) 8s
  ep 59 L=0.09148 rec=0.01878 sup=0.07270(w 0.02594 d1 0.00094 d2 0.00075 f 0.01713) | val_rec=0.00805 val_sup=0.03028 [0.0464 0.0163 0.0444 0.0140] 8s
  ep 60 L=0.09212 rec=0.01897 sup=0.07316(w 0.02603 d1 0.00094 d2 0.00075 f 0.01728) | val_rec=0.00891 val_sup=0.03008 [0.0463 0.0162 0.0441 0.0137] S=0.910(enc1) 8s
  ep 61 L=0.09203 rec=0.01914 sup=0.07290(w 0.02595 d1 0.00094 d2 0.00075 f 0.01710) | val_rec=0.00830 val_sup=0.03057 [0.0476 0.0163 0.0442 0.0141] 8s
  ep 62 L=0.09166 rec=0.01876 sup=0.07289(w 0.02586 d1 0.00094 d2 0.00075 f 0.01702) | val_rec=0.00814 val_sup=0.03062 [0.0473 0.0164 0.0447 0.0142] S=0.915(enc1) 8s
  ep 63 L=0.09174 rec=0.01899 sup=0.07275(w 0.02585 d1 0.00094 d2 0.00075 f 0.01709) | val_rec=0.01065 val_sup=0.03088 [0.0490 0.0164 0.0442 0.0139] 8s
  ep 64 L=0.09170 rec=0.01884 sup=0.07286(w 0.02577 d1 0.00094 d2 0.00075 f 0.01702) | val_rec=0.00900 val_sup=0.03050 [0.0476 0.0163 0.0443 0.0137] S=0.910(enc1) 8s
  ep 65 L=0.09158 rec=0.01882 sup=0.07277(w 0.02566 d1 0.00094 d2 0.00075 f 0.01688) | val_rec=0.00802 val_sup=0.03063 [0.0476 0.0164 0.0447 0.0139] 8s
  ep 66 L=0.09135 rec=0.01875 sup=0.07260(w 0.02568 d1 0.00094 d2 0.00075 f 0.01702) | val_rec=0.00778 val_sup=0.03015 [0.0461 0.0164 0.0443 0.0139] S=0.913(enc1) 8s
  ep 67 L=0.09118 rec=0.01881 sup=0.07237(w 0.02563 d1 0.00093 d2 0.00075 f 0.01684) | val_rec=0.01043 val_sup=0.03053 [0.0473 0.0166 0.0443 0.0138] 8s
  ep 68 L=0.09148 rec=0.01891 sup=0.07257(w 0.02564 d1 0.00094 d2 0.00075 f 0.01700) | val_rec=0.00837 val_sup=0.03058 [0.0480 0.0164 0.0440 0.0139] S=0.911(enc1) 8s
  ep 69 L=0.09153 rec=0.01886 sup=0.07266(w 0.02564 d1 0.00094 d2 0.00075 f 0.01695) | val_rec=0.00809 val_sup=0.03046 [0.0472 0.0164 0.0444 0.0139] 8s
  ep 70 L=0.09133 rec=0.01887 sup=0.07247(w 0.02553 d1 0.00094 d2 0.00075 f 0.01681) | val_rec=0.00944 val_sup=0.03109 [0.0498 0.0165 0.0442 0.0138] S=0.902(enc1) 8s
  ep 71 L=0.09075 rec=0.01858 sup=0.07217(w 0.02540 d1 0.00094 d2 0.00075 f 0.01675) | val_rec=0.00777 val_sup=0.03007 [0.0457 0.0164 0.0444 0.0139] 8s
  ep 72 L=0.09081 rec=0.01857 sup=0.07224(w 0.02538 d1 0.00094 d2 0.00075 f 0.01675) | val_rec=0.00802 val_sup=0.03074 [0.0478 0.0167 0.0445 0.0140] S=0.915(enc1) 8s
  ep 73 L=0.09059 rec=0.01858 sup=0.07201(w 0.02532 d1 0.00093 d2 0.00075 f 0.01674) | val_rec=0.00770 val_sup=0.03002 [0.0450 0.0165 0.0446 0.0140] 8s
  ep 74 L=0.09150 rec=0.01915 sup=0.07235(w 0.02551 d1 0.00094 d2 0.00075 f 0.01687) | val_rec=0.01026 val_sup=0.03130 [0.0511 0.0164 0.0440 0.0137] S=0.912(enc1) 8s
  ep 75 L=0.09084 rec=0.01882 sup=0.07202(w 0.02531 d1 0.00093 d2 0.00075 f 0.01683) | val_rec=0.00875 val_sup=0.03032 [0.0456 0.0168 0.0447 0.0141] 8s
  ep 76 L=0.09076 rec=0.01868 sup=0.07208(w 0.02526 d1 0.00094 d2 0.00075 f 0.01674) | val_rec=0.00906 val_sup=0.03031 [0.0464 0.0166 0.0442 0.0140] S=0.911(enc1) 8s
  ep 77 L=0.09200 rec=0.01954 sup=0.07245(w 0.02553 d1 0.00094 d2 0.00075 f 0.01691) | val_rec=0.00882 val_sup=0.03035 [0.0470 0.0165 0.0442 0.0137] 8s
  ep 78 L=0.09111 rec=0.01903 sup=0.07207(w 0.02525 d1 0.00094 d2 0.00075 f 0.01664) | val_rec=0.00981 val_sup=0.03093 [0.0484 0.0168 0.0445 0.0140] S=0.911(enc1) 8s
  ep 79 L=0.09076 rec=0.01871 sup=0.07205(w 0.02520 d1 0.00094 d2 0.00075 f 0.01681) | val_rec=0.00770 val_sup=0.03002 [0.0451 0.0164 0.0446 0.0140] 8s
  ep 80 L=0.09012 rec=0.01842 sup=0.07170(w 0.02502 d1 0.00093 d2 0.00075 f 0.01649) | val_rec=0.00844 val_sup=0.03068 [0.0475 0.0165 0.0445 0.0142] S=0.912(enc1) 8s
  ep 81 L=0.09149 rec=0.01931 sup=0.07218(w 0.02534 d1 0.00094 d2 0.00075 f 0.01694) | val_rec=0.00756 val_sup=0.02970 [0.0442 0.0164 0.0443 0.0138] 8s
  ep 82 L=0.09072 rec=0.01871 sup=0.07201(w 0.02515 d1 0.00094 d2 0.00075 f 0.01658) | val_rec=0.00901 val_sup=0.03051 [0.0473 0.0166 0.0443 0.0139] S=0.918(enc1) 8s
  ep 83 L=0.08996 rec=0.01836 sup=0.07160(w 0.02489 d1 0.00093 d2 0.00075 f 0.01642) | val_rec=0.00790 val_sup=0.03034 [0.0461 0.0164 0.0447 0.0142] 8s
  ep 84 L=0.09055 rec=0.01874 sup=0.07181(w 0.02509 d1 0.00093 d2 0.00075 f 0.01663) | val_rec=0.00826 val_sup=0.03014 [0.0462 0.0164 0.0442 0.0137] S=0.911(enc1) 8s
  ep 85 L=0.09008 rec=0.01853 sup=0.07155(w 0.02484 d1 0.00093 d2 0.00075 f 0.01641) | val_rec=0.00767 val_sup=0.03027 [0.0464 0.0165 0.0443 0.0139] 8s
  ep 86 L=0.08989 rec=0.01840 sup=0.07149(w 0.02483 d1 0.00093 d2 0.00075 f 0.01639) | val_rec=0.00752 val_sup=0.02998 [0.0448 0.0166 0.0445 0.0140] S=0.917(enc1) 8s
  ep 87 L=0.09033 rec=0.01861 sup=0.07172(w 0.02486 d1 0.00094 d2 0.00075 f 0.01656) | val_rec=0.00809 val_sup=0.03040 [0.0470 0.0164 0.0444 0.0138] 8s
  ep 88 L=0.09045 rec=0.01885 sup=0.07160(w 0.02491 d1 0.00093 d2 0.00075 f 0.01650) | val_rec=0.00827 val_sup=0.03010 [0.0456 0.0165 0.0445 0.0139] S=0.919(enc1) 8s
  ep 89 L=0.09037 rec=0.01877 sup=0.07160(w 0.02482 d1 0.00094 d2 0.00075 f 0.01647) | val_rec=0.00759 val_sup=0.03005 [0.0452 0.0167 0.0444 0.0140] 8s
  ep 90 L=0.08967 rec=0.01830 sup=0.07136(w 0.02468 d1 0.00093 d2 0.00075 f 0.01635) | val_rec=0.00775 val_sup=0.03017 [0.0458 0.0165 0.0444 0.0140] S=0.917(enc1) 8s
  ep 91 L=0.08986 rec=0.01849 sup=0.07137(w 0.02469 d1 0.00093 d2 0.00075 f 0.01632) | val_rec=0.00834 val_sup=0.03021 [0.0456 0.0167 0.0445 0.0140] 8s
  ep 92 L=0.08945 rec=0.01841 sup=0.07105(w 0.02456 d1 0.00093 d2 0.00075 f 0.01623) | val_rec=0.00738 val_sup=0.03003 [0.0450 0.0166 0.0446 0.0140] S=0.919(enc1) 8s
  ep 93 L=0.08984 rec=0.01859 sup=0.07125(w 0.02459 d1 0.00093 d2 0.00075 f 0.01640) | val_rec=0.00756 val_sup=0.02995 [0.0451 0.0165 0.0442 0.0139] 8s
  ep 94 L=0.08998 rec=0.01877 sup=0.07121(w 0.02461 d1 0.00093 d2 0.00075 f 0.01623) | val_rec=0.00798 val_sup=0.03012 [0.0447 0.0168 0.0449 0.0142] S=0.917(enc1) 8s
  ep 95 L=0.08976 rec=0.01860 sup=0.07116(w 0.02456 d1 0.00093 d2 0.00075 f 0.01634) | val_rec=0.00767 val_sup=0.03000 [0.0446 0.0169 0.0445 0.0141] 8s
  ep 96 L=0.09025 rec=0.01874 sup=0.07151(w 0.02459 d1 0.00094 d2 0.00075 f 0.01635) | val_rec=0.00768 val_sup=0.03024 [0.0459 0.0166 0.0446 0.0139] S=0.917(enc1) 8s
  ep 97 L=0.08977 rec=0.01862 sup=0.07115(w 0.02453 d1 0.00093 d2 0.00075 f 0.01633) | val_rec=0.00796 val_sup=0.03045 [0.0468 0.0166 0.0446 0.0138] 8s
  ep 98 L=0.08992 rec=0.01863 sup=0.07129(w 0.02456 d1 0.00093 d2 0.00075 f 0.01627) | val_rec=0.00803 val_sup=0.03004 [0.0450 0.0167 0.0446 0.0138] S=0.917(enc1) 8s
  ep 99 L=0.08928 rec=0.01831 sup=0.07097(w 0.02440 d1 0.00093 d2 0.00075 f 0.01621) | val_rec=0.00753 val_sup=0.03038 [0.0460 0.0168 0.0447 0.0140] 8s
  ep100 L=0.08986 rec=0.01868 sup=0.07118(w 0.02445 d1 0.00093 d2 0.00075 f 0.01630) | val_rec=0.00799 val_sup=0.02993 [0.0450 0.0165 0.0444 0.0138] S=0.917(enc1) 8s
  ep101 L=0.08866 rec=0.01814 sup=0.07053(w 0.02409 d1 0.00093 d2 0.00075 f 0.01586) | val_rec=0.00964 val_sup=0.03100 [0.0470 0.0170 0.0452 0.0149] 8s
  ep102 L=0.08917 rec=0.01817 sup=0.07101(w 0.02425 d1 0.00094 d2 0.00075 f 0.01618) | val_rec=0.00719 val_sup=0.02969 [0.0437 0.0167 0.0446 0.0138] S=0.918(enc1) 8s
  ep103 L=0.08897 rec=0.01828 sup=0.07069(w 0.02408 d1 0.00093 d2 0.00075 f 0.01589) | val_rec=0.00769 val_sup=0.03007 [0.0451 0.0167 0.0445 0.0140] 8s
  ep104 L=0.08875 rec=0.01802 sup=0.07074(w 0.02404 d1 0.00093 d2 0.00075 f 0.01596) | val_rec=0.00727 val_sup=0.02980 [0.0442 0.0166 0.0445 0.0139] S=0.916(enc1) 8s
  ep105 L=0.08854 rec=0.01803 sup=0.07051(w 0.02398 d1 0.00093 d2 0.00075 f 0.01584) | val_rec=0.00920 val_sup=0.03014 [0.0442 0.0172 0.0450 0.0142] 8s
  ep106 L=0.08901 rec=0.01825 sup=0.07076(w 0.02413 d1 0.00093 d2 0.00075 f 0.01603) | val_rec=0.00755 val_sup=0.02966 [0.0440 0.0166 0.0443 0.0138] S=0.917(enc1) 8s
  ep107 L=0.08899 rec=0.01830 sup=0.07069(w 0.02407 d1 0.00093 d2 0.00075 f 0.01593) | val_rec=0.00937 val_sup=0.03063 [0.0464 0.0171 0.0447 0.0143] 8s
  ep108 L=0.08898 rec=0.01813 sup=0.07085(w 0.02406 d1 0.00094 d2 0.00075 f 0.01593) | val_rec=0.00798 val_sup=0.02995 [0.0437 0.0170 0.0450 0.0142] S=0.917(enc1) 8s
  ep109 L=0.08848 rec=0.01801 sup=0.07047(w 0.02397 d1 0.00093 d2 0.00075 f 0.01587) | val_rec=0.00791 val_sup=0.02988 [0.0435 0.0169 0.0450 0.0141] 8s
  ep110 L=0.08908 rec=0.01807 sup=0.07102(w 0.02406 d1 0.00094 d2 0.00075 f 0.01588) | val_rec=0.00759 val_sup=0.03000 [0.0450 0.0166 0.0446 0.0138] S=0.915(enc1) 8s
  ep111 L=0.08859 rec=0.01809 sup=0.07050(w 0.02398 d1 0.00093 d2 0.00075 f 0.01584) | val_rec=0.00909 val_sup=0.03078 [0.0459 0.0170 0.0452 0.0150] 8s
  ep112 L=0.08875 rec=0.01808 sup=0.07066(w 0.02405 d1 0.00093 d2 0.00075 f 0.01598) | val_rec=0.00763 val_sup=0.02978 [0.0443 0.0166 0.0444 0.0138] S=0.916(enc1) 8s
  ep113 L=0.08884 rec=0.01811 sup=0.07073(w 0.02402 d1 0.00093 d2 0.00075 f 0.01584) | val_rec=0.00772 val_sup=0.02986 [0.0442 0.0167 0.0448 0.0138] 8s
  ep114 L=0.08854 rec=0.01800 sup=0.07054(w 0.02395 d1 0.00093 d2 0.00075 f 0.01583) | val_rec=0.00736 val_sup=0.02989 [0.0438 0.0167 0.0449 0.0141] S=0.918(enc1) 8s
  ep115 L=0.08889 rec=0.01815 sup=0.07075(w 0.02404 d1 0.00093 d2 0.00075 f 0.01594) | val_rec=0.00767 val_sup=0.02982 [0.0442 0.0166 0.0447 0.0138] 8s
  ep116 L=0.08883 rec=0.01816 sup=0.07067(w 0.02403 d1 0.00093 d2 0.00075 f 0.01587) | val_rec=0.00813 val_sup=0.03005 [0.0445 0.0169 0.0447 0.0141] S=0.920(enc1) 8s
  ep117 L=0.08884 rec=0.01826 sup=0.07058(w 0.02402 d1 0.00093 d2 0.00075 f 0.01589) | val_rec=0.00726 val_sup=0.02992 [0.0446 0.0167 0.0445 0.0138] 8s
  ep118 L=0.08863 rec=0.01808 sup=0.07055(w 0.02395 d1 0.00093 d2 0.00075 f 0.01590) | val_rec=0.00823 val_sup=0.03050 [0.0467 0.0168 0.0445 0.0140] S=0.917(enc1) 8s
  ep119 L=0.08840 rec=0.01797 sup=0.07042(w 0.02390 d1 0.00093 d2 0.00075 f 0.01575) | val_rec=0.00767 val_sup=0.03001 [0.0444 0.0167 0.0446 0.0143] 8s
  ep120 L=0.08862 rec=0.01805 sup=0.07058(w 0.02396 d1 0.00093 d2 0.00075 f 0.01592) | val_rec=0.00728 val_sup=0.02972 [0.0442 0.0166 0.0443 0.0138] S=0.914(enc1) 8s
  ep121 L=0.08826 rec=0.01796 sup=0.07030(w 0.02387 d1 0.00093 d2 0.00075 f 0.01569) | val_rec=0.00747 val_sup=0.03008 [0.0446 0.0169 0.0448 0.0140] 8s
  ep122 L=0.08925 rec=0.01835 sup=0.07090(w 0.02408 d1 0.00094 d2 0.00075 f 0.01603) | val_rec=0.00875 val_sup=0.03007 [0.0451 0.0166 0.0447 0.0138] S=0.914(enc1) 8s
  ep123 L=0.08836 rec=0.01797 sup=0.07039(w 0.02391 d1 0.00093 d2 0.00075 f 0.01570) | val_rec=0.00868 val_sup=0.03104 [0.0476 0.0169 0.0450 0.0146] 8s
  ep124 L=0.08867 rec=0.01808 sup=0.07059(w 0.02397 d1 0.00093 d2 0.00075 f 0.01600) | val_rec=0.00792 val_sup=0.02991 [0.0444 0.0168 0.0445 0.0140] S=0.917(enc1) 8s
  ep125 L=0.08834 rec=0.01797 sup=0.07037(w 0.02388 d1 0.00093 d2 0.00075 f 0.01570) | val_rec=0.00934 val_sup=0.03057 [0.0448 0.0174 0.0454 0.0146] 8s
  ep126 L=0.08860 rec=0.01810 sup=0.07050(w 0.02401 d1 0.00093 d2 0.00075 f 0.01591) | val_rec=0.00794 val_sup=0.03008 [0.0453 0.0166 0.0446 0.0139] S=0.915(enc1) 8s
  ep127 L=0.08827 rec=0.01794 sup=0.07033(w 0.02391 d1 0.00093 d2 0.00075 f 0.01585) | val_rec=0.00767 val_sup=0.03010 [0.0447 0.0169 0.0447 0.0141] 8s
  ep128 L=0.08831 rec=0.01804 sup=0.07027(w 0.02394 d1 0.00093 d2 0.00074 f 0.01583) | val_rec=0.00862 val_sup=0.03048 [0.0461 0.0169 0.0448 0.0142] S=0.919(enc1) 8s
  ep129 L=0.08841 rec=0.01791 sup=0.07050(w 0.02389 d1 0.00093 d2 0.00075 f 0.01579) | val_rec=0.00759 val_sup=0.02990 [0.0435 0.0169 0.0449 0.0143] 8s
  ep130 L=0.08889 rec=0.01819 sup=0.07070(w 0.02404 d1 0.00093 d2 0.00075 f 0.01597) | val_rec=0.00855 val_sup=0.02984 [0.0449 0.0165 0.0443 0.0137] S=0.919(enc1) 8s
  ep131 L=0.08902 rec=0.01817 sup=0.07085(w 0.02405 d1 0.00094 d2 0.00075 f 0.01593) | val_rec=0.00763 val_sup=0.02980 [0.0442 0.0167 0.0445 0.0138] 8s
  ep132 L=0.08871 rec=0.01825 sup=0.07046(w 0.02399 d1 0.00093 d2 0.00075 f 0.01583) | val_rec=0.00762 val_sup=0.03002 [0.0446 0.0169 0.0446 0.0140] S=0.917(enc1) 8s
  ep133 L=0.08856 rec=0.01811 sup=0.07045(w 0.02394 d1 0.00093 d2 0.00075 f 0.01591) | val_rec=0.00741 val_sup=0.02997 [0.0444 0.0168 0.0447 0.0140] 8s
  ep134 L=0.08855 rec=0.01803 sup=0.07052(w 0.02394 d1 0.00093 d2 0.00075 f 0.01581) | val_rec=0.00764 val_sup=0.03012 [0.0455 0.0166 0.0444 0.0139] S=0.917(enc1) 8s
  ep135 L=0.08848 rec=0.01810 sup=0.07037(w 0.02386 d1 0.00093 d2 0.00075 f 0.01582) | val_rec=0.00873 val_sup=0.03042 [0.0443 0.0172 0.0452 0.0150] 8s
  ep136 L=0.08849 rec=0.01812 sup=0.07037(w 0.02388 d1 0.00093 d2 0.00075 f 0.01577) | val_rec=0.00818 val_sup=0.03039 [0.0460 0.0169 0.0447 0.0140] S=0.918(enc1) 8s
  ep137 L=0.08828 rec=0.01800 sup=0.07028(w 0.02382 d1 0.00093 d2 0.00075 f 0.01575) | val_rec=0.00937 val_sup=0.03005 [0.0448 0.0169 0.0446 0.0140] 8s
  ep138 L=0.08851 rec=0.01804 sup=0.07047(w 0.02389 d1 0.00093 d2 0.00075 f 0.01582) | val_rec=0.00860 val_sup=0.03038 [0.0457 0.0168 0.0449 0.0141] S=0.918(enc1) 8s
  ep139 L=0.08839 rec=0.01801 sup=0.07038(w 0.02389 d1 0.00093 d2 0.00075 f 0.01575) | val_rec=0.00798 val_sup=0.03063 [0.0466 0.0168 0.0449 0.0142] 8s
  ep140 L=0.08824 rec=0.01796 sup=0.07029(w 0.02385 d1 0.00093 d2 0.00075 f 0.01584) | val_rec=0.00798 val_sup=0.03016 [0.0451 0.0168 0.0445 0.0141] S=0.918(enc1) 8s
  ep141 L=0.08848 rec=0.01798 sup=0.07049(w 0.02389 d1 0.00093 d2 0.00075 f 0.01581) | val_rec=0.00753 val_sup=0.02991 [0.0445 0.0167 0.0445 0.0139] 8s
  ep142 L=0.08820 rec=0.01795 sup=0.07025(w 0.02385 d1 0.00093 d2 0.00075 f 0.01578) | val_rec=0.00771 val_sup=0.03002 [0.0451 0.0167 0.0444 0.0139] S=0.913(enc1) 8s
  ep143 L=0.08890 rec=0.01839 sup=0.07051(w 0.02400 d1 0.00093 d2 0.00075 f 0.01590) | val_rec=0.00888 val_sup=0.03072 [0.0469 0.0170 0.0449 0.0141] 8s
  ep144 L=0.08837 rec=0.01809 sup=0.07028(w 0.02389 d1 0.00093 d2 0.00075 f 0.01585) | val_rec=0.00821 val_sup=0.03011 [0.0449 0.0169 0.0446 0.0140] S=0.917(enc1) 8s
  ep145 L=0.08907 rec=0.01839 sup=0.07068(w 0.02400 d1 0.00093 d2 0.00075 f 0.01593) | val_rec=0.01219 val_sup=0.03097 [0.0490 0.0168 0.0444 0.0137] 8s
  ep146 L=0.08874 rec=0.01828 sup=0.07046(w 0.02390 d1 0.00093 d2 0.00075 f 0.01583) | val_rec=0.00778 val_sup=0.03014 [0.0446 0.0169 0.0450 0.0141] S=0.922(enc1) 8s
  ep147 L=0.08839 rec=0.01801 sup=0.07038(w 0.02382 d1 0.00093 d2 0.00075 f 0.01584) | val_rec=0.00702 val_sup=0.02968 [0.0436 0.0167 0.0445 0.0139] 8s
  ep148 L=0.08850 rec=0.01808 sup=0.07042(w 0.02388 d1 0.00093 d2 0.00075 f 0.01576) | val_rec=0.00765 val_sup=0.03001 [0.0448 0.0167 0.0445 0.0139] S=0.915(enc1) 8s
  ep149 L=0.08857 rec=0.01819 sup=0.07038(w 0.02392 d1 0.00093 d2 0.00075 f 0.01583) | val_rec=0.00738 val_sup=0.02989 [0.0442 0.0168 0.0446 0.0140] 8s
  ep150 L=0.08923 rec=0.01818 sup=0.07104(w 0.02394 d1 0.00094 d2 0.00076 f 0.01597) | val_rec=0.00804 val_sup=0.03005 [0.0455 0.0165 0.0445 0.0137] S=0.917(enc1) 8s
  ep151 L=0.08885 rec=0.01828 sup=0.07057(w 0.02396 d1 0.00093 d2 0.00075 f 0.01578) | val_rec=0.00788 val_sup=0.02983 [0.0441 0.0167 0.0445 0.0140] 8s
  ep152 L=0.08846 rec=0.01804 sup=0.07043(w 0.02384 d1 0.00093 d2 0.00075 f 0.01573) | val_rec=0.00742 val_sup=0.02979 [0.0440 0.0166 0.0445 0.0140] S=0.917(enc1) 8s
  ep153 L=0.08883 rec=0.01820 sup=0.07063(w 0.02393 d1 0.00093 d2 0.00075 f 0.01583) | val_rec=0.00744 val_sup=0.02985 [0.0445 0.0166 0.0445 0.0138] 8s
  ep154 L=0.08879 rec=0.01812 sup=0.07068(w 0.02389 d1 0.00094 d2 0.00075 f 0.01580) | val_rec=0.00744 val_sup=0.02993 [0.0446 0.0167 0.0446 0.0138] S=0.914(enc1) 8s
  ep155 L=0.08872 rec=0.01801 sup=0.07071(w 0.02385 d1 0.00094 d2 0.00075 f 0.01577) | val_rec=0.00749 val_sup=0.02978 [0.0438 0.0166 0.0446 0.0141] 8s
  ep156 L=0.08800 rec=0.01788 sup=0.07011(w 0.02378 d1 0.00093 d2 0.00074 f 0.01571) | val_rec=0.01020 val_sup=0.03075 [0.0466 0.0172 0.0447 0.0146] S=0.918(enc1) 8s
  조기 종료 (val_sup 50에폭 정체)
[s1_해상도\C64] 완료. 156에폭, 판정 79개
  min L_sup^val = 0.02966   min L_recon^val = 0.00719
  C (ratio 1.5) = 73개, 에폭 12~156
  t* = 에폭 106  val_sup 0.02966 [0.0440 0.0166 0.0443 0.0138]  val_recon 0.00755  S 0.9172
    민감도 ratio 1.2: C 68개 (에폭 22~156) -> t* 106  val_sup 0.02966
    민감도 ratio 1.5: C 73개 (에폭 12~156) -> t* 106  val_sup 0.02966
    민감도 ratio 2.0: C 76개 (에폭 6~156) -> t* 106  val_sup 0.02966

[정량 지표] 학습 종료 후 자동 산출 — 03 성분 정렬 · 04 복원 세 방식
  성분 정렬 완료
  복원 세 방식 완료
