[s3_잔차\C16_res_w03] device=cuda K=4 seed=42 hidden=64 train=5760 val=900 V=300
  구조  깊이 4 · 압축률 16 · 인코딩 시간축 225 (조각당 0.044초)
        채널 [32, 32, 64, 64] · dilations [1, 1, 4, 32]
        수용영역 3316 표본 = 9.21초 · 패딩 3600(양쪽 0)
        잔차 연결 블록 [0] · 가중치 0.3  (성분을 뽑을 때 그 인코더의 잔차만 살린다)
  L = MSE(x_hat, x_noisy) + 1 * L_sup   [지도학습]
  L_sup = (1/K) sum_k [ MSE(s_k, r_k) + 50*MSE(d1 s_k, d1 r_k) + 0*MSE(d2 s_k, d2 r_k) + 0*MSE(|F s_k|, |F r_k|) ]
    d1 = 1차 차분, d2 = 2차 차분, F = rfft(norm='ortho') 크기
  소스별 정규화 없음 (sup_normalize: none)
  배정  enc1=x_clean · enc2=bw · enc3=ma · enc4=em
  정칙화 3항 해제 — lambda_mixing=0 lambda_zero_recon=0 lambda_z_l2=0
  선택  C = { L_sup^val <= 1.5 x min } 에서 L_sup^val 최소, 2에폭 간격
  ep  1 L=0.55847 rec=0.12902 sup=0.42945(w 0.12842 d1 0.00602 d2 0.01061 f 0.10381) | val_rec=0.01320 val_sup=0.06457 [0.1328 0.0371 0.0580 0.0304] S=0.061(enc3) 8s
  ep  2 L=0.12199 rec=0.00921 sup=0.11278(w 0.05730 d1 0.00111 d2 0.00085 f 0.04228) | val_rec=0.00431 val_sup=0.04349 [0.0730 0.0255 0.0523 0.0231] S=0.059(enc3) 7s
  ep  3 L=0.09761 rec=0.00584 sup=0.09177(w 0.05178 d1 0.00080 d2 0.00074 f 0.03610) | val_rec=0.00424 val_sup=0.03809 [0.0673 0.0210 0.0434 0.0207] 7s
  ep  4 L=0.08897 rec=0.00689 sup=0.08208(w 0.04790 d1 0.00068 d2 0.00067 f 0.03345) | val_rec=0.00962 val_sup=0.03876 [0.0619 0.0250 0.0429 0.0252] S=0.064(enc1) 7s
  ep  5 L=0.08148 rec=0.00483 sup=0.07665(w 0.04533 d1 0.00063 d2 0.00064 f 0.03120) | val_rec=0.00215 val_sup=0.03039 [0.0467 0.0200 0.0343 0.0205] 7s
  ep  6 L=0.07391 rec=0.00354 sup=0.07037(w 0.04127 d1 0.00058 d2 0.00061 f 0.02698) | val_rec=0.00340 val_sup=0.02919 [0.0468 0.0189 0.0307 0.0204] S=0.078(enc1) 7s
  ep  7 L=0.06970 rec=0.00279 sup=0.06691(w 0.03942 d1 0.00055 d2 0.00059 f 0.02589) | val_rec=0.00695 val_sup=0.02776 [0.0445 0.0184 0.0284 0.0197] 7s
  ep  8 L=0.06865 rec=0.00332 sup=0.06532(w 0.03865 d1 0.00053 d2 0.00058 f 0.02507) | val_rec=0.00297 val_sup=0.02807 [0.0400 0.0229 0.0287 0.0206] S=0.078(enc1) 7s
  ep  9 L=0.06650 rec=0.00307 sup=0.06343(w 0.03757 d1 0.00052 d2 0.00057 f 0.02415) | val_rec=0.00113 val_sup=0.02496 [0.0364 0.0180 0.0274 0.0181] 7s
  ep 10 L=0.06295 rec=0.00210 sup=0.06085(w 0.03545 d1 0.00051 d2 0.00057 f 0.02228) | val_rec=0.00053 val_sup=0.02494 [0.0355 0.0190 0.0273 0.0179] S=0.079(enc1) 7s
  ep 11 L=0.06490 rec=0.00400 sup=0.06090(w 0.03572 d1 0.00050 d2 0.00056 f 0.02282) | val_rec=0.00420 val_sup=0.02509 [0.0345 0.0227 0.0258 0.0173] 7s
  ep 12 L=0.06234 rec=0.00286 sup=0.05949(w 0.03493 d1 0.00049 d2 0.00055 f 0.02217) | val_rec=0.00073 val_sup=0.02307 [0.0332 0.0173 0.0255 0.0163] S=0.082(enc1) 8s
  ep 13 L=0.06067 rec=0.00306 sup=0.05761(w 0.03356 d1 0.00048 d2 0.00054 f 0.02113) | val_rec=0.00178 val_sup=0.02329 [0.0332 0.0183 0.0257 0.0160] 7s
  ep 14 L=0.05839 rec=0.00206 sup=0.05633(w 0.03271 d1 0.00047 d2 0.00054 f 0.02046) | val_rec=0.00391 val_sup=0.02332 [0.0336 0.0190 0.0251 0.0156] S=0.086(enc1) 7s
  ep 15 L=0.05869 rec=0.00282 sup=0.05588(w 0.03268 d1 0.00046 d2 0.00053 f 0.02078) | val_rec=0.00103 val_sup=0.02309 [0.0333 0.0171 0.0264 0.0155] 8s
  ep 16 L=0.05928 rec=0.00335 sup=0.05593(w 0.03298 d1 0.00046 d2 0.00053 f 0.02095) | val_rec=0.00729 val_sup=0.02438 [0.0364 0.0196 0.0255 0.0160] S=0.091(enc1) 8s
  ep 17 L=0.05986 rec=0.00425 sup=0.05561(w 0.03264 d1 0.00046 d2 0.00052 f 0.02092) | val_rec=0.00062 val_sup=0.02198 [0.0312 0.0171 0.0241 0.0154] 8s
  ep 18 L=0.05614 rec=0.00225 sup=0.05389(w 0.03145 d1 0.00045 d2 0.00052 f 0.01964) | val_rec=0.00314 val_sup=0.02187 [0.0295 0.0176 0.0254 0.0149] S=0.083(enc1) 8s
  ep 19 L=0.05673 rec=0.00276 sup=0.05396(w 0.03173 d1 0.00044 d2 0.00051 f 0.01982) | val_rec=0.00124 val_sup=0.02250 [0.0312 0.0186 0.0252 0.0149] 7s
  ep 20 L=0.05556 rec=0.00251 sup=0.05304(w 0.03113 d1 0.00044 d2 0.00051 f 0.01926) | val_rec=0.00045 val_sup=0.02194 [0.0290 0.0185 0.0255 0.0147] S=0.087(enc1) 7s
  ep 21 L=0.05406 rec=0.00215 sup=0.05191(w 0.03050 d1 0.00043 d2 0.00050 f 0.01924) | val_rec=0.00062 val_sup=0.02247 [0.0305 0.0184 0.0257 0.0153] 7s
  ep 22 L=0.05409 rec=0.00223 sup=0.05186(w 0.03063 d1 0.00042 d2 0.00049 f 0.01892) | val_rec=0.00066 val_sup=0.02068 [0.0284 0.0172 0.0236 0.0135] S=0.082(enc1) 8s
  ep 23 L=0.05332 rec=0.00223 sup=0.05108(w 0.03013 d1 0.00042 d2 0.00049 f 0.01877) | val_rec=0.00297 val_sup=0.02240 [0.0349 0.0173 0.0236 0.0137] 7s
  ep 24 L=0.05239 rec=0.00191 sup=0.05048(w 0.02965 d1 0.00042 d2 0.00048 f 0.01835) | val_rec=0.00050 val_sup=0.02053 [0.0279 0.0168 0.0234 0.0141] S=0.084(enc1) 7s
  ep 25 L=0.05401 rec=0.00317 sup=0.05083(w 0.03015 d1 0.00041 d2 0.00048 f 0.01905) | val_rec=0.00044 val_sup=0.02103 [0.0294 0.0179 0.0236 0.0132] 7s
  ep 26 L=0.05185 rec=0.00184 sup=0.05001(w 0.02966 d1 0.00041 d2 0.00047 f 0.01841) | val_rec=0.00046 val_sup=0.02005 [0.0282 0.0168 0.0222 0.0129] S=0.080(enc1) 7s
  ep 27 L=0.05142 rec=0.00222 sup=0.04919(w 0.02926 d1 0.00040 d2 0.00046 f 0.01808) | val_rec=0.00495 val_sup=0.02258 [0.0338 0.0189 0.0238 0.0138] 7s
  ep 28 L=0.05196 rec=0.00279 sup=0.04917(w 0.02944 d1 0.00039 d2 0.00045 f 0.01868) | val_rec=0.00069 val_sup=0.02031 [0.0292 0.0164 0.0226 0.0131] S=0.079(enc1) 7s
  ep 29 L=0.05136 rec=0.00258 sup=0.04878(w 0.02909 d1 0.00039 d2 0.00045 f 0.01852) | val_rec=0.00213 val_sup=0.02100 [0.0301 0.0168 0.0232 0.0139] 7s
  ep 30 L=0.05000 rec=0.00174 sup=0.04826(w 0.02868 d1 0.00039 d2 0.00045 f 0.01772) | val_rec=0.00032 val_sup=0.01971 [0.0275 0.0169 0.0217 0.0126] S=0.079(enc1) 7s
  ep 31 L=0.04989 rec=0.00170 sup=0.04819(w 0.02870 d1 0.00039 d2 0.00044 f 0.01787) | val_rec=0.00283 val_sup=0.02115 [0.0307 0.0173 0.0237 0.0129] 7s
  ep 32 L=0.05054 rec=0.00243 sup=0.04811(w 0.02885 d1 0.00039 d2 0.00044 f 0.01826) | val_rec=0.00131 val_sup=0.02020 [0.0302 0.0165 0.0216 0.0125] S=0.081(enc1) 7s
  ep 33 L=0.04993 rec=0.00223 sup=0.04770(w 0.02862 d1 0.00038 d2 0.00043 f 0.01777) | val_rec=0.00215 val_sup=0.02014 [0.0284 0.0167 0.0225 0.0130] 7s
  ep 34 L=0.04867 rec=0.00199 sup=0.04668(w 0.02795 d1 0.00037 d2 0.00043 f 0.01754) | val_rec=0.00270 val_sup=0.02129 [0.0321 0.0180 0.0223 0.0127] S=0.093(enc1) 7s
  ep 35 L=0.04964 rec=0.00256 sup=0.04708(w 0.02827 d1 0.00038 d2 0.00042 f 0.01772) | val_rec=0.00155 val_sup=0.01970 [0.0279 0.0169 0.0216 0.0125] 7s
  ep 36 L=0.04980 rec=0.00292 sup=0.04689(w 0.02818 d1 0.00037 d2 0.00042 f 0.01801) | val_rec=0.00072 val_sup=0.01980 [0.0278 0.0166 0.0226 0.0122] S=0.086(enc1) 7s
  ep 37 L=0.04775 rec=0.00188 sup=0.04588(w 0.02739 d1 0.00037 d2 0.00042 f 0.01719) | val_rec=0.00082 val_sup=0.01953 [0.0273 0.0166 0.0218 0.0124] 7s
  ep 38 L=0.04776 rec=0.00196 sup=0.04580(w 0.02744 d1 0.00037 d2 0.00041 f 0.01702) | val_rec=0.00100 val_sup=0.02081 [0.0305 0.0179 0.0221 0.0127] S=0.098(enc1) 7s
  ep 39 L=0.04689 rec=0.00175 sup=0.04514(w 0.02717 d1 0.00036 d2 0.00040 f 0.01682) | val_rec=0.00110 val_sup=0.01961 [0.0271 0.0170 0.0214 0.0130] 7s
  ep 40 L=0.04826 rec=0.00262 sup=0.04564(w 0.02756 d1 0.00036 d2 0.00040 f 0.01729) | val_rec=0.00103 val_sup=0.01997 [0.0268 0.0175 0.0223 0.0132] S=0.083(enc1) 7s
  ep 41 L=0.04593 rec=0.00133 sup=0.04460(w 0.02686 d1 0.00035 d2 0.00039 f 0.01665) | val_rec=0.00161 val_sup=0.01956 [0.0284 0.0165 0.0211 0.0123] 7s
  ep 42 L=0.04580 rec=0.00163 sup=0.04417(w 0.02662 d1 0.00035 d2 0.00038 f 0.01677) | val_rec=0.00034 val_sup=0.01960 [0.0280 0.0170 0.0210 0.0125] S=0.098(enc1) 7s
  ep 43 L=0.04535 rec=0.00161 sup=0.04374(w 0.02623 d1 0.00035 d2 0.00038 f 0.01639) | val_rec=0.00164 val_sup=0.01963 [0.0279 0.0172 0.0210 0.0124] 7s
  ep 44 L=0.04664 rec=0.00235 sup=0.04429(w 0.02683 d1 0.00035 d2 0.00037 f 0.01693) | val_rec=0.00214 val_sup=0.02041 [0.0304 0.0169 0.0219 0.0125] S=0.097(enc1) 7s
  ep 45 L=0.04943 rec=0.00432 sup=0.04511(w 0.02743 d1 0.00035 d2 0.00038 f 0.01739) | val_rec=0.00106 val_sup=0.02070 [0.0296 0.0173 0.0227 0.0132] 7s
  ep 46 L=0.04613 rec=0.00169 sup=0.04444(w 0.02695 d1 0.00035 d2 0.00037 f 0.01716) | val_rec=0.00068 val_sup=0.01936 [0.0262 0.0167 0.0219 0.0125] S=0.088(enc1) 7s
  ep 47 L=0.04622 rec=0.00231 sup=0.04391(w 0.02654 d1 0.00035 d2 0.00036 f 0.01685) | val_rec=0.00089 val_sup=0.01903 [0.0260 0.0170 0.0209 0.0123] 7s
  ep 48 L=0.04496 rec=0.00159 sup=0.04337(w 0.02624 d1 0.00034 d2 0.00036 f 0.01645) | val_rec=0.00111 val_sup=0.01929 [0.0272 0.0168 0.0204 0.0127] S=0.095(enc1) 7s
  ep 49 L=0.04401 rec=0.00142 sup=0.04259(w 0.02574 d1 0.00034 d2 0.00035 f 0.01584) | val_rec=0.00066 val_sup=0.01875 [0.0252 0.0170 0.0205 0.0123] 7s
  ep 50 L=0.04481 rec=0.00203 sup=0.04278(w 0.02583 d1 0.00034 d2 0.00035 f 0.01604) | val_rec=0.00040 val_sup=0.01925 [0.0254 0.0176 0.0214 0.0127] S=0.065(enc1) 7s
  ep 51 L=0.04396 rec=0.00166 sup=0.04230(w 0.02554 d1 0.00034 d2 0.00035 f 0.01651) | val_rec=0.00164 val_sup=0.01889 [0.0261 0.0164 0.0209 0.0122] 7s
  ep 52 L=0.04221 rec=0.00099 sup=0.04122(w 0.02456 d1 0.00033 d2 0.00034 f 0.01513) | val_rec=0.00040 val_sup=0.01860 [0.0253 0.0166 0.0204 0.0122] S=0.085(enc1) 7s
  ep 53 L=0.04230 rec=0.00106 sup=0.04125(w 0.02454 d1 0.00033 d2 0.00034 f 0.01526) | val_rec=0.00070 val_sup=0.01899 [0.0259 0.0165 0.0214 0.0122] 7s
  ep 54 L=0.04224 rec=0.00120 sup=0.04104(w 0.02440 d1 0.00033 d2 0.00034 f 0.01507) | val_rec=0.00154 val_sup=0.01877 [0.0257 0.0167 0.0205 0.0122] S=0.092(enc1) 7s
  ep 55 L=0.04254 rec=0.00143 sup=0.04111(w 0.02448 d1 0.00033 d2 0.00034 f 0.01528) | val_rec=0.00247 val_sup=0.01887 [0.0255 0.0172 0.0206 0.0122] 7s
  ep 56 L=0.04213 rec=0.00116 sup=0.04097(w 0.02439 d1 0.00033 d2 0.00034 f 0.01520) | val_rec=0.00026 val_sup=0.01875 [0.0256 0.0167 0.0204 0.0123] S=0.085(enc1) 7s
  ep 57 L=0.04175 rec=0.00090 sup=0.04085(w 0.02427 d1 0.00033 d2 0.00034 f 0.01505) | val_rec=0.00106 val_sup=0.01880 [0.0259 0.0166 0.0204 0.0122] 7s
  ep 58 L=0.04212 rec=0.00124 sup=0.04088(w 0.02432 d1 0.00033 d2 0.00034 f 0.01514) | val_rec=0.00130 val_sup=0.01870 [0.0254 0.0168 0.0204 0.0122] S=0.094(enc1) 7s
  ep 59 L=0.04187 rec=0.00102 sup=0.04085(w 0.02428 d1 0.00033 d2 0.00034 f 0.01510) | val_rec=0.00049 val_sup=0.01885 [0.0259 0.0168 0.0204 0.0123] 7s
  ep 60 L=0.04225 rec=0.00123 sup=0.04102(w 0.02438 d1 0.00033 d2 0.00034 f 0.01521) | val_rec=0.00299 val_sup=0.01921 [0.0274 0.0163 0.0210 0.0121] S=0.082(enc1) 7s
  ep 61 L=0.04196 rec=0.00116 sup=0.04080(w 0.02422 d1 0.00033 d2 0.00034 f 0.01503) | val_rec=0.00021 val_sup=0.01852 [0.0250 0.0167 0.0203 0.0121] 8s
  ep 62 L=0.04186 rec=0.00103 sup=0.04083(w 0.02427 d1 0.00033 d2 0.00034 f 0.01503) | val_rec=0.00132 val_sup=0.01901 [0.0257 0.0170 0.0209 0.0124] S=0.090(enc1) 7s
  ep 63 L=0.04190 rec=0.00108 sup=0.04082(w 0.02427 d1 0.00033 d2 0.00034 f 0.01509) | val_rec=0.00175 val_sup=0.01919 [0.0274 0.0169 0.0202 0.0123] 7s
  ep 64 L=0.04173 rec=0.00095 sup=0.04078(w 0.02419 d1 0.00033 d2 0.00034 f 0.01506) | val_rec=0.00184 val_sup=0.01911 [0.0268 0.0165 0.0212 0.0120] S=0.085(enc1) 7s
  ep 65 L=0.04179 rec=0.00110 sup=0.04070(w 0.02414 d1 0.00033 d2 0.00034 f 0.01490) | val_rec=0.00127 val_sup=0.01877 [0.0251 0.0169 0.0209 0.0121] 7s
  ep 66 L=0.04164 rec=0.00095 sup=0.04069(w 0.02415 d1 0.00033 d2 0.00034 f 0.01493) | val_rec=0.00029 val_sup=0.01853 [0.0247 0.0170 0.0203 0.0121] S=0.081(enc1) 7s
  ep 67 L=0.04173 rec=0.00103 sup=0.04070(w 0.02413 d1 0.00033 d2 0.00034 f 0.01494) | val_rec=0.00227 val_sup=0.01917 [0.0275 0.0168 0.0203 0.0121] 7s
  ep 68 L=0.04181 rec=0.00112 sup=0.04068(w 0.02414 d1 0.00033 d2 0.00034 f 0.01505) | val_rec=0.00069 val_sup=0.01886 [0.0258 0.0168 0.0205 0.0122] S=0.089(enc1) 7s
  ep 69 L=0.04224 rec=0.00136 sup=0.04087(w 0.02425 d1 0.00033 d2 0.00034 f 0.01520) | val_rec=0.00126 val_sup=0.01892 [0.0263 0.0165 0.0207 0.0123] 7s
  ep 70 L=0.04173 rec=0.00106 sup=0.04067(w 0.02411 d1 0.00033 d2 0.00034 f 0.01482) | val_rec=0.00159 val_sup=0.01890 [0.0261 0.0166 0.0207 0.0122] S=0.090(enc1) 7s
  ep 71 L=0.04147 rec=0.00101 sup=0.04045(w 0.02397 d1 0.00033 d2 0.00034 f 0.01478) | val_rec=0.00019 val_sup=0.01863 [0.0250 0.0166 0.0207 0.0122] 7s
  ep 72 L=0.04135 rec=0.00089 sup=0.04046(w 0.02398 d1 0.00033 d2 0.00034 f 0.01487) | val_rec=0.00104 val_sup=0.01889 [0.0259 0.0170 0.0204 0.0123] S=0.090(enc1) 8s
  ep 73 L=0.04137 rec=0.00095 sup=0.04043(w 0.02395 d1 0.00033 d2 0.00034 f 0.01486) | val_rec=0.00039 val_sup=0.01862 [0.0252 0.0169 0.0203 0.0122] 7s
  ep 74 L=0.04195 rec=0.00138 sup=0.04057(w 0.02413 d1 0.00033 d2 0.00034 f 0.01505) | val_rec=0.00311 val_sup=0.01914 [0.0277 0.0164 0.0202 0.0122] S=0.082(enc1) 7s
  ep 75 L=0.04160 rec=0.00115 sup=0.04044(w 0.02400 d1 0.00033 d2 0.00034 f 0.01487) | val_rec=0.00086 val_sup=0.01888 [0.0253 0.0176 0.0203 0.0123] 7s
  ep 76 L=0.04169 rec=0.00124 sup=0.04045(w 0.02400 d1 0.00033 d2 0.00034 f 0.01505) | val_rec=0.00119 val_sup=0.01871 [0.0252 0.0171 0.0203 0.0122] S=0.077(enc1) 7s
  ep 77 L=0.04192 rec=0.00128 sup=0.04065(w 0.02416 d1 0.00033 d2 0.00034 f 0.01491) | val_rec=0.00175 val_sup=0.01890 [0.0263 0.0166 0.0204 0.0123] 7s
  ep 78 L=0.04194 rec=0.00146 sup=0.04048(w 0.02401 d1 0.00033 d2 0.00034 f 0.01486) | val_rec=0.00184 val_sup=0.01922 [0.0266 0.0177 0.0201 0.0125] S=0.075(enc1) 7s
  ep 79 L=0.04123 rec=0.00093 sup=0.04030(w 0.02391 d1 0.00033 d2 0.00034 f 0.01491) | val_rec=0.00030 val_sup=0.01865 [0.0250 0.0169 0.0203 0.0124] 7s
  ep 80 L=0.04111 rec=0.00093 sup=0.04017(w 0.02381 d1 0.00033 d2 0.00033 f 0.01470) | val_rec=0.00017 val_sup=0.01864 [0.0252 0.0168 0.0203 0.0122] S=0.087(enc1) 7s
  ep 81 L=0.04181 rec=0.00133 sup=0.04048(w 0.02403 d1 0.00033 d2 0.00034 f 0.01490) | val_rec=0.00032 val_sup=0.01853 [0.0244 0.0167 0.0209 0.0121] 7s
  ep 82 L=0.04143 rec=0.00107 sup=0.04036(w 0.02392 d1 0.00033 d2 0.00034 f 0.01490) | val_rec=0.00053 val_sup=0.01867 [0.0254 0.0167 0.0204 0.0122] S=0.086(enc1) 8s
  ep 83 L=0.04107 rec=0.00095 sup=0.04013(w 0.02379 d1 0.00033 d2 0.00033 f 0.01470) | val_rec=0.00137 val_sup=0.01881 [0.0256 0.0167 0.0206 0.0123] 7s
  ep 84 L=0.04173 rec=0.00123 sup=0.04050(w 0.02406 d1 0.00033 d2 0.00034 f 0.01489) | val_rec=0.00137 val_sup=0.01877 [0.0258 0.0166 0.0206 0.0121] S=0.088(enc1) 7s
  ep 85 L=0.04126 rec=0.00111 sup=0.04016(w 0.02381 d1 0.00033 d2 0.00033 f 0.01466) | val_rec=0.00029 val_sup=0.01866 [0.0252 0.0168 0.0204 0.0122] 7s
  ep 86 L=0.04119 rec=0.00104 sup=0.04015(w 0.02377 d1 0.00033 d2 0.00033 f 0.01474) | val_rec=0.00067 val_sup=0.01860 [0.0248 0.0170 0.0204 0.0122] S=0.087(enc1) 7s
  ep 87 L=0.04127 rec=0.00105 sup=0.04021(w 0.02387 d1 0.00033 d2 0.00033 f 0.01490) | val_rec=0.00117 val_sup=0.01877 [0.0254 0.0166 0.0208 0.0122] 7s
  ep 88 L=0.04141 rec=0.00122 sup=0.04020(w 0.02380 d1 0.00033 d2 0.00033 f 0.01467) | val_rec=0.00131 val_sup=0.01892 [0.0263 0.0169 0.0203 0.0122] S=0.079(enc1) 7s
  ep 89 L=0.04116 rec=0.00108 sup=0.04008(w 0.02374 d1 0.00033 d2 0.00033 f 0.01478) | val_rec=0.00073 val_sup=0.01858 [0.0249 0.0168 0.0205 0.0122] 7s
  ep 90 L=0.04087 rec=0.00090 sup=0.03997(w 0.02366 d1 0.00033 d2 0.00033 f 0.01464) | val_rec=0.00051 val_sup=0.01854 [0.0250 0.0166 0.0203 0.0122] S=0.086(enc1) 7s
  ep 91 L=0.04116 rec=0.00111 sup=0.04005(w 0.02372 d1 0.00033 d2 0.00033 f 0.01468) | val_rec=0.00205 val_sup=0.01892 [0.0258 0.0169 0.0207 0.0123] 7s
  ep 92 L=0.04118 rec=0.00116 sup=0.04002(w 0.02370 d1 0.00033 d2 0.00033 f 0.01468) | val_rec=0.00032 val_sup=0.01853 [0.0248 0.0168 0.0204 0.0122] S=0.088(enc1) 7s
  ep 93 L=0.04111 rec=0.00108 sup=0.04002(w 0.02370 d1 0.00033 d2 0.00033 f 0.01476) | val_rec=0.00057 val_sup=0.01870 [0.0255 0.0166 0.0206 0.0121] 7s
  ep 94 L=0.04095 rec=0.00106 sup=0.03989(w 0.02364 d1 0.00033 d2 0.00033 f 0.01465) | val_rec=0.00070 val_sup=0.01865 [0.0250 0.0171 0.0202 0.0123] S=0.090(enc1) 7s
  ep 95 L=0.04104 rec=0.00112 sup=0.03991(w 0.02365 d1 0.00033 d2 0.00033 f 0.01469) | val_rec=0.00036 val_sup=0.01853 [0.0246 0.0167 0.0207 0.0121] 7s
  ep 96 L=0.04126 rec=0.00126 sup=0.04000(w 0.02368 d1 0.00033 d2 0.00033 f 0.01478) | val_rec=0.00090 val_sup=0.01860 [0.0249 0.0168 0.0206 0.0121] S=0.089(enc1) 7s
  ep 97 L=0.04103 rec=0.00111 sup=0.03992(w 0.02364 d1 0.00033 d2 0.00033 f 0.01463) | val_rec=0.00038 val_sup=0.01890 [0.0256 0.0168 0.0209 0.0123] 7s
  ep 98 L=0.04158 rec=0.00148 sup=0.04010(w 0.02383 d1 0.00033 d2 0.00033 f 0.01476) | val_rec=0.00077 val_sup=0.01930 [0.0273 0.0169 0.0207 0.0122] S=0.088(enc1) 7s
  ep 99 L=0.04103 rec=0.00108 sup=0.03995(w 0.02372 d1 0.00032 d2 0.00033 f 0.01464) | val_rec=0.00125 val_sup=0.01874 [0.0254 0.0170 0.0204 0.0123] 7s
  ep100 L=0.04121 rec=0.00121 sup=0.04000(w 0.02372 d1 0.00033 d2 0.00033 f 0.01475) | val_rec=0.00069 val_sup=0.01856 [0.0248 0.0168 0.0205 0.0122] S=0.087(enc1) 7s
  ep101 L=0.04066 rec=0.00104 sup=0.03962(w 0.02338 d1 0.00032 d2 0.00033 f 0.01440) | val_rec=0.00149 val_sup=0.01900 [0.0258 0.0173 0.0203 0.0126] 7s
  ep102 L=0.04081 rec=0.00094 sup=0.03987(w 0.02357 d1 0.00033 d2 0.00033 f 0.01468) | val_rec=0.00044 val_sup=0.01864 [0.0246 0.0169 0.0210 0.0121] S=0.086(enc1) 8s
  ep103 L=0.04073 rec=0.00112 sup=0.03961(w 0.02341 d1 0.00032 d2 0.00033 f 0.01451) | val_rec=0.00088 val_sup=0.01852 [0.0249 0.0168 0.0203 0.0121] 7s
  ep104 L=0.04047 rec=0.00082 sup=0.03965(w 0.02340 d1 0.00032 d2 0.00033 f 0.01447) | val_rec=0.00029 val_sup=0.01848 [0.0245 0.0168 0.0205 0.0121] S=0.085(enc1) 7s
  ep105 L=0.04039 rec=0.00087 sup=0.03952(w 0.02330 d1 0.00032 d2 0.00033 f 0.01442) | val_rec=0.00087 val_sup=0.01871 [0.0253 0.0173 0.0201 0.0122] 7s
  ep106 L=0.04082 rec=0.00106 sup=0.03976(w 0.02348 d1 0.00033 d2 0.00033 f 0.01459) | val_rec=0.00071 val_sup=0.01862 [0.0251 0.0167 0.0206 0.0121] S=0.087(enc1) 7s
  ep107 L=0.04076 rec=0.00110 sup=0.03966(w 0.02339 d1 0.00033 d2 0.00033 f 0.01450) | val_rec=0.00092 val_sup=0.01909 [0.0262 0.0176 0.0202 0.0124] 7s
  ep108 L=0.04055 rec=0.00091 sup=0.03963(w 0.02338 d1 0.00033 d2 0.00033 f 0.01448) | val_rec=0.00137 val_sup=0.01868 [0.0249 0.0171 0.0206 0.0121] S=0.089(enc1) 7s
  ep109 L=0.04039 rec=0.00085 sup=0.03954(w 0.02334 d1 0.00032 d2 0.00033 f 0.01446) | val_rec=0.00057 val_sup=0.01850 [0.0245 0.0171 0.0202 0.0121] 8s
  ep110 L=0.04060 rec=0.00086 sup=0.03974(w 0.02342 d1 0.00033 d2 0.00033 f 0.01448) | val_rec=0.00078 val_sup=0.01890 [0.0251 0.0167 0.0217 0.0121] S=0.085(enc1) 7s
  ep111 L=0.04046 rec=0.00095 sup=0.03951(w 0.02333 d1 0.00032 d2 0.00033 f 0.01443) | val_rec=0.00109 val_sup=0.01884 [0.0254 0.0174 0.0202 0.0125] 7s
  ep112 L=0.04050 rec=0.00088 sup=0.03962(w 0.02339 d1 0.00032 d2 0.00033 f 0.01455) | val_rec=0.00107 val_sup=0.01868 [0.0252 0.0167 0.0208 0.0121] S=0.088(enc1) 7s
  ep113 L=0.04055 rec=0.00090 sup=0.03965(w 0.02340 d1 0.00033 d2 0.00033 f 0.01444) | val_rec=0.00119 val_sup=0.01865 [0.0251 0.0168 0.0205 0.0122] 7s
  ep114 L=0.04042 rec=0.00087 sup=0.03955(w 0.02332 d1 0.00032 d2 0.00033 f 0.01440) | val_rec=0.00047 val_sup=0.01857 [0.0246 0.0170 0.0206 0.0121] S=0.085(enc1) 7s
  ep115 L=0.04067 rec=0.00099 sup=0.03969(w 0.02343 d1 0.00033 d2 0.00033 f 0.01456) | val_rec=0.00087 val_sup=0.01870 [0.0254 0.0166 0.0207 0.0120] 7s
  ep116 L=0.04062 rec=0.00098 sup=0.03964(w 0.02339 d1 0.00032 d2 0.00033 f 0.01445) | val_rec=0.00064 val_sup=0.01863 [0.0253 0.0170 0.0200 0.0122] S=0.083(enc1) 7s
  ep117 L=0.04081 rec=0.00115 sup=0.03966(w 0.02340 d1 0.00033 d2 0.00033 f 0.01449) | val_rec=0.00022 val_sup=0.01842 [0.0244 0.0168 0.0203 0.0121] 7s
  ep118 L=0.04046 rec=0.00093 sup=0.03953(w 0.02332 d1 0.00032 d2 0.00033 f 0.01448) | val_rec=0.00049 val_sup=0.01862 [0.0252 0.0169 0.0202 0.0122] S=0.084(enc1) 7s
  ep119 L=0.04026 rec=0.00081 sup=0.03945(w 0.02328 d1 0.00032 d2 0.00033 f 0.01437) | val_rec=0.00039 val_sup=0.01852 [0.0249 0.0168 0.0203 0.0122] 7s
  ep120 L=0.04050 rec=0.00091 sup=0.03959(w 0.02336 d1 0.00032 d2 0.00033 f 0.01450) | val_rec=0.00047 val_sup=0.01844 [0.0247 0.0166 0.0204 0.0120] S=0.086(enc1) 7s
  ep121 L=0.04033 rec=0.00088 sup=0.03945(w 0.02327 d1 0.00032 d2 0.00033 f 0.01437) | val_rec=0.00025 val_sup=0.01858 [0.0250 0.0168 0.0203 0.0122] 7s
  ep122 L=0.04093 rec=0.00119 sup=0.03975(w 0.02345 d1 0.00033 d2 0.00033 f 0.01456) | val_rec=0.00213 val_sup=0.01914 [0.0265 0.0167 0.0213 0.0121] S=0.093(enc1) 7s
  ep123 L=0.04036 rec=0.00087 sup=0.03949(w 0.02330 d1 0.00032 d2 0.00033 f 0.01437) | val_rec=0.00087 val_sup=0.01901 [0.0262 0.0172 0.0202 0.0125] 7s
  ep124 L=0.04052 rec=0.00095 sup=0.03957(w 0.02334 d1 0.00032 d2 0.00033 f 0.01452) | val_rec=0.00061 val_sup=0.01855 [0.0249 0.0167 0.0205 0.0120] S=0.086(enc1) 7s
  ep125 L=0.04025 rec=0.00082 sup=0.03943(w 0.02326 d1 0.00032 d2 0.00033 f 0.01435) | val_rec=0.00200 val_sup=0.01895 [0.0255 0.0176 0.0202 0.0124] 7s
  ep126 L=0.04066 rec=0.00100 sup=0.03966(w 0.02343 d1 0.00032 d2 0.00033 f 0.01450) | val_rec=0.00094 val_sup=0.01863 [0.0253 0.0167 0.0204 0.0122] S=0.091(enc1) 7s
  ep127 L=0.04028 rec=0.00081 sup=0.03946(w 0.02330 d1 0.00032 d2 0.00033 f 0.01445) | val_rec=0.00064 val_sup=0.01859 [0.0249 0.0169 0.0204 0.0122] 7s
  ep128 L=0.04060 rec=0.00105 sup=0.03955(w 0.02336 d1 0.00032 d2 0.00033 f 0.01444) | val_rec=0.00106 val_sup=0.01889 [0.0260 0.0170 0.0203 0.0123] S=0.082(enc1) 8s
  ep129 L=0.04024 rec=0.00077 sup=0.03947(w 0.02329 d1 0.00032 d2 0.00033 f 0.01441) | val_rec=0.00032 val_sup=0.01860 [0.0244 0.0172 0.0207 0.0121] 8s
  ep130 L=0.04082 rec=0.00105 sup=0.03977(w 0.02348 d1 0.00033 d2 0.00033 f 0.01459) | val_rec=0.00245 val_sup=0.01906 [0.0267 0.0165 0.0208 0.0122] S=0.087(enc1) 8s
  ep131 L=0.04081 rec=0.00103 sup=0.03977(w 0.02346 d1 0.00033 d2 0.00033 f 0.01459) | val_rec=0.00120 val_sup=0.01874 [0.0253 0.0166 0.0209 0.0121] 8s
  ep132 L=0.04069 rec=0.00114 sup=0.03956(w 0.02336 d1 0.00032 d2 0.00033 f 0.01443) | val_rec=0.00079 val_sup=0.01859 [0.0249 0.0170 0.0203 0.0122] S=0.087(enc1) 7s
  ep133 L=0.04056 rec=0.00102 sup=0.03954(w 0.02333 d1 0.00032 d2 0.00033 f 0.01443) | val_rec=0.00021 val_sup=0.01846 [0.0246 0.0169 0.0202 0.0122] 7s
  ep134 L=0.04048 rec=0.00091 sup=0.03957(w 0.02333 d1 0.00032 d2 0.00033 f 0.01443) | val_rec=0.00037 val_sup=0.01851 [0.0250 0.0167 0.0202 0.0121] S=0.084(enc1) 7s
  ep135 L=0.04045 rec=0.00104 sup=0.03941(w 0.02326 d1 0.00032 d2 0.00033 f 0.01441) | val_rec=0.00106 val_sup=0.01884 [0.0250 0.0173 0.0204 0.0126] 7s
  ep136 L=0.04047 rec=0.00100 sup=0.03947(w 0.02328 d1 0.00032 d2 0.00033 f 0.01438) | val_rec=0.00088 val_sup=0.01867 [0.0255 0.0168 0.0202 0.0121] S=0.085(enc1) 8s
  ep137 L=0.04038 rec=0.00090 sup=0.03948(w 0.02329 d1 0.00032 d2 0.00033 f 0.01442) | val_rec=0.00179 val_sup=0.01876 [0.0260 0.0167 0.0203 0.0120] 8s
  ep138 L=0.04048 rec=0.00094 sup=0.03954(w 0.02332 d1 0.00032 d2 0.00033 f 0.01441) | val_rec=0.00245 val_sup=0.01881 [0.0255 0.0170 0.0205 0.0123] S=0.092(enc1) 8s
  ep139 L=0.04048 rec=0.00094 sup=0.03954(w 0.02331 d1 0.00032 d2 0.00033 f 0.01438) | val_rec=0.00038 val_sup=0.01881 [0.0254 0.0171 0.0204 0.0123] 7s
  ep140 L=0.04040 rec=0.00092 sup=0.03948(w 0.02330 d1 0.00032 d2 0.00033 f 0.01445) | val_rec=0.00055 val_sup=0.01863 [0.0254 0.0168 0.0202 0.0122] S=0.084(enc1) 7s
  ep141 L=0.04036 rec=0.00087 sup=0.03949(w 0.02332 d1 0.00032 d2 0.00033 f 0.01444) | val_rec=0.00054 val_sup=0.01866 [0.0251 0.0168 0.0206 0.0121] 7s
  ep142 L=0.04034 rec=0.00088 sup=0.03946(w 0.02328 d1 0.00032 d2 0.00033 f 0.01438) | val_rec=0.00070 val_sup=0.01849 [0.0250 0.0166 0.0203 0.0121] S=0.087(enc1) 7s
  ep143 L=0.04100 rec=0.00136 sup=0.03965(w 0.02340 d1 0.00032 d2 0.00033 f 0.01452) | val_rec=0.00265 val_sup=0.01880 [0.0254 0.0172 0.0204 0.0122] 7s
  ep144 L=0.04053 rec=0.00100 sup=0.03952(w 0.02333 d1 0.00032 d2 0.00033 f 0.01447) | val_rec=0.00076 val_sup=0.01864 [0.0251 0.0171 0.0202 0.0121] S=0.081(enc1) 7s
  ep145 L=0.04089 rec=0.00127 sup=0.03962(w 0.02340 d1 0.00032 d2 0.00033 f 0.01454) | val_rec=0.00446 val_sup=0.01955 [0.0290 0.0166 0.0207 0.0120] 7s
  ep146 L=0.04072 rec=0.00120 sup=0.03952(w 0.02331 d1 0.00032 d2 0.00033 f 0.01442) | val_rec=0.00066 val_sup=0.01853 [0.0248 0.0170 0.0201 0.0122] S=0.085(enc1) 7s
  ep147 L=0.04041 rec=0.00090 sup=0.03952(w 0.02331 d1 0.00032 d2 0.00033 f 0.01446) | val_rec=0.00028 val_sup=0.01847 [0.0245 0.0168 0.0206 0.0120] 7s
  ep148 L=0.04043 rec=0.00092 sup=0.03952(w 0.02332 d1 0.00032 d2 0.00033 f 0.01442) | val_rec=0.00104 val_sup=0.01854 [0.0248 0.0168 0.0203 0.0122] S=0.090(enc1) 7s
  ep149 L=0.04074 rec=0.00117 sup=0.03957(w 0.02338 d1 0.00032 d2 0.00033 f 0.01447) | val_rec=0.00017 val_sup=0.01840 [0.0244 0.0168 0.0203 0.0121] 7s
  ep150 L=0.04073 rec=0.00098 sup=0.03975(w 0.02338 d1 0.00033 d2 0.00033 f 0.01454) | val_rec=0.00157 val_sup=0.01914 [0.0260 0.0166 0.0218 0.0121] S=0.085(enc1) 7s
  ep151 L=0.04091 rec=0.00121 sup=0.03969(w 0.02345 d1 0.00032 d2 0.00033 f 0.01455) | val_rec=0.00071 val_sup=0.01863 [0.0253 0.0168 0.0204 0.0120] 7s
  ep152 L=0.04050 rec=0.00098 sup=0.03952(w 0.02332 d1 0.00032 d2 0.00033 f 0.01447) | val_rec=0.00076 val_sup=0.01882 [0.0258 0.0166 0.0206 0.0122] S=0.087(enc1) 7s
  ep153 L=0.04080 rec=0.00117 sup=0.03963(w 0.02339 d1 0.00032 d2 0.00033 f 0.01450) | val_rec=0.00062 val_sup=0.01865 [0.0249 0.0166 0.0210 0.0121] 7s
  ep154 L=0.04066 rec=0.00102 sup=0.03964(w 0.02338 d1 0.00033 d2 0.00033 f 0.01448) | val_rec=0.00109 val_sup=0.01876 [0.0252 0.0167 0.0210 0.0121] S=0.089(enc1) 7s
  ep155 L=0.04045 rec=0.00091 sup=0.03954(w 0.02330 d1 0.00032 d2 0.00033 f 0.01441) | val_rec=0.00069 val_sup=0.01881 [0.0256 0.0167 0.0209 0.0121] 7s
  ep156 L=0.04031 rec=0.00090 sup=0.03942(w 0.02326 d1 0.00032 d2 0.00033 f 0.01437) | val_rec=0.00182 val_sup=0.01906 [0.0266 0.0170 0.0202 0.0124] S=0.075(enc1) 7s
  ep157 L=0.04053 rec=0.00099 sup=0.03954(w 0.02332 d1 0.00032 d2 0.00033 f 0.01443) | val_rec=0.00176 val_sup=0.01882 [0.0256 0.0170 0.0203 0.0123] 7s
  ep158 L=0.04072 rec=0.00112 sup=0.03960(w 0.02335 d1 0.00033 d2 0.00033 f 0.01447) | val_rec=0.00092 val_sup=0.01877 [0.0255 0.0166 0.0209 0.0120] S=0.087(enc1) 7s
  ep159 L=0.04015 rec=0.00078 sup=0.03938(w 0.02324 d1 0.00032 d2 0.00033 f 0.01436) | val_rec=0.00081 val_sup=0.01874 [0.0254 0.0171 0.0202 0.0123] 7s
  ep160 L=0.04054 rec=0.00096 sup=0.03958(w 0.02338 d1 0.00032 d2 0.00033 f 0.01448) | val_rec=0.00201 val_sup=0.01893 [0.0266 0.0167 0.0205 0.0120] S=0.079(enc1) 7s
  ep161 L=0.04038 rec=0.00092 sup=0.03945(w 0.02328 d1 0.00032 d2 0.00033 f 0.01440) | val_rec=0.00034 val_sup=0.01849 [0.0245 0.0171 0.0202 0.0122] 7s
  ep162 L=0.04031 rec=0.00080 sup=0.03951(w 0.02331 d1 0.00032 d2 0.00033 f 0.01441) | val_rec=0.00099 val_sup=0.01861 [0.0254 0.0167 0.0202 0.0120] S=0.083(enc1) 7s
  ep163 L=0.04025 rec=0.00082 sup=0.03943(w 0.02323 d1 0.00032 d2 0.00033 f 0.01436) | val_rec=0.00068 val_sup=0.01858 [0.0246 0.0169 0.0206 0.0122] 7s
  ep164 L=0.04008 rec=0.00069 sup=0.03939(w 0.02324 d1 0.00032 d2 0.00033 f 0.01437) | val_rec=0.00082 val_sup=0.01852 [0.0244 0.0171 0.0205 0.0121] S=0.086(enc1) 7s
  ep165 L=0.04055 rec=0.00110 sup=0.03944(w 0.02330 d1 0.00032 d2 0.00033 f 0.01441) | val_rec=0.00124 val_sup=0.01870 [0.0251 0.0170 0.0203 0.0124] 7s
  ep166 L=0.04090 rec=0.00124 sup=0.03965(w 0.02339 d1 0.00033 d2 0.00033 f 0.01449) | val_rec=0.00134 val_sup=0.01864 [0.0248 0.0170 0.0206 0.0122] S=0.091(enc1) 7s
  ep167 L=0.04054 rec=0.00101 sup=0.03953(w 0.02329 d1 0.00032 d2 0.00033 f 0.01444) | val_rec=0.00238 val_sup=0.01893 [0.0266 0.0167 0.0204 0.0120] 7s
  ep168 L=0.04040 rec=0.00097 sup=0.03943(w 0.02326 d1 0.00032 d2 0.00033 f 0.01440) | val_rec=0.00042 val_sup=0.01855 [0.0247 0.0169 0.0205 0.0121] S=0.083(enc1) 7s
  ep169 L=0.04058 rec=0.00107 sup=0.03950(w 0.02330 d1 0.00032 d2 0.00033 f 0.01443) | val_rec=0.00135 val_sup=0.01873 [0.0255 0.0168 0.0205 0.0121] 7s
  ep170 L=0.04058 rec=0.00116 sup=0.03942(w 0.02328 d1 0.00032 d2 0.00033 f 0.01441) | val_rec=0.00168 val_sup=0.01909 [0.0263 0.0172 0.0202 0.0126] S=0.084(enc1) 7s
  ep171 L=0.04026 rec=0.00079 sup=0.03947(w 0.02328 d1 0.00032 d2 0.00033 f 0.01441) | val_rec=0.00031 val_sup=0.01850 [0.0246 0.0168 0.0206 0.0121] 7s
  ep172 L=0.04024 rec=0.00078 sup=0.03946(w 0.02326 d1 0.00032 d2 0.00033 f 0.01439) | val_rec=0.00077 val_sup=0.01862 [0.0253 0.0166 0.0206 0.0120] S=0.088(enc1) 7s
  ep173 L=0.04040 rec=0.00097 sup=0.03942(w 0.02327 d1 0.00032 d2 0.00033 f 0.01438) | val_rec=0.00053 val_sup=0.01865 [0.0251 0.0170 0.0203 0.0121] 7s
  ep174 L=0.04060 rec=0.00105 sup=0.03955(w 0.02336 d1 0.00032 d2 0.00033 f 0.01450) | val_rec=0.00036 val_sup=0.01857 [0.0244 0.0170 0.0207 0.0122] S=0.086(enc1) 7s
  ep175 L=0.04078 rec=0.00112 sup=0.03966(w 0.02340 d1 0.00033 d2 0.00033 f 0.01454) | val_rec=0.00128 val_sup=0.01879 [0.0258 0.0166 0.0208 0.0120] 7s
  ep176 L=0.04021 rec=0.00088 sup=0.03934(w 0.02321 d1 0.00032 d2 0.00033 f 0.01433) | val_rec=0.00143 val_sup=0.01884 [0.0254 0.0173 0.0202 0.0125] S=0.083(enc1) 7s
  ep177 L=0.04042 rec=0.00101 sup=0.03941(w 0.02326 d1 0.00032 d2 0.00033 f 0.01442) | val_rec=0.00019 val_sup=0.01869 [0.0251 0.0171 0.0203 0.0122] 7s
  ep178 L=0.04083 rec=0.00124 sup=0.03959(w 0.02340 d1 0.00032 d2 0.00033 f 0.01452) | val_rec=0.00138 val_sup=0.01880 [0.0260 0.0167 0.0204 0.0121] S=0.082(enc1) 7s
  ep179 L=0.04041 rec=0.00100 sup=0.03941(w 0.02327 d1 0.00032 d2 0.00033 f 0.01438) | val_rec=0.00139 val_sup=0.01897 [0.0260 0.0173 0.0203 0.0123] 7s
  ep180 L=0.04053 rec=0.00099 sup=0.03954(w 0.02332 d1 0.00032 d2 0.00033 f 0.01443) | val_rec=0.00040 val_sup=0.01884 [0.0253 0.0172 0.0205 0.0123] S=0.085(enc1) 7s
  ep181 L=0.04045 rec=0.00100 sup=0.03945(w 0.02330 d1 0.00032 d2 0.00033 f 0.01449) | val_rec=0.00141 val_sup=0.01860 [0.0248 0.0169 0.0206 0.0121] 7s
  ep182 L=0.04046 rec=0.00103 sup=0.03943(w 0.02326 d1 0.00032 d2 0.00033 f 0.01440) | val_rec=0.00052 val_sup=0.01872 [0.0253 0.0171 0.0203 0.0122] S=0.087(enc1) 7s
  ep183 L=0.04039 rec=0.00088 sup=0.03951(w 0.02334 d1 0.00032 d2 0.00033 f 0.01445) | val_rec=0.00168 val_sup=0.01874 [0.0252 0.0168 0.0208 0.0122] 7s
  ep184 L=0.04063 rec=0.00107 sup=0.03956(w 0.02335 d1 0.00032 d2 0.00033 f 0.01450) | val_rec=0.00040 val_sup=0.01859 [0.0249 0.0167 0.0208 0.0120] S=0.084(enc1) 7s
  ep185 L=0.04049 rec=0.00099 sup=0.03950(w 0.02330 d1 0.00032 d2 0.00033 f 0.01442) | val_rec=0.00072 val_sup=0.01867 [0.0252 0.0171 0.0203 0.0121] 7s
  ep186 L=0.04069 rec=0.00108 sup=0.03962(w 0.02334 d1 0.00033 d2 0.00033 f 0.01446) | val_rec=0.00062 val_sup=0.01855 [0.0246 0.0168 0.0208 0.0121] S=0.086(enc1) 7s
  ep187 L=0.04020 rec=0.00079 sup=0.03941(w 0.02323 d1 0.00032 d2 0.00033 f 0.01436) | val_rec=0.00025 val_sup=0.01852 [0.0247 0.0170 0.0202 0.0122] 7s
  ep188 L=0.04117 rec=0.00135 sup=0.03982(w 0.02347 d1 0.00033 d2 0.00033 f 0.01457) | val_rec=0.00107 val_sup=0.01889 [0.0254 0.0166 0.0215 0.0120] S=0.085(enc1) 7s
  ep189 L=0.04034 rec=0.00083 sup=0.03951(w 0.02328 d1 0.00032 d2 0.00033 f 0.01441) | val_rec=0.00166 val_sup=0.01893 [0.0259 0.0167 0.0210 0.0122] 7s
  ep190 L=0.04103 rec=0.00128 sup=0.03975(w 0.02346 d1 0.00033 d2 0.00033 f 0.01456) | val_rec=0.00261 val_sup=0.01911 [0.0269 0.0165 0.0209 0.0121] S=0.086(enc1) 7s
  ep191 L=0.04048 rec=0.00097 sup=0.03951(w 0.02332 d1 0.00032 d2 0.00033 f 0.01442) | val_rec=0.00028 val_sup=0.01854 [0.0250 0.0167 0.0205 0.0121] 7s
  ep192 L=0.04053 rec=0.00100 sup=0.03952(w 0.02329 d1 0.00032 d2 0.00033 f 0.01442) | val_rec=0.00452 val_sup=0.01968 [0.0294 0.0170 0.0202 0.0121] S=0.073(enc1) 7s
  ep193 L=0.04057 rec=0.00115 sup=0.03942(w 0.02327 d1 0.00032 d2 0.00033 f 0.01443) | val_rec=0.00190 val_sup=0.01965 [0.0281 0.0172 0.0205 0.0128] 7s
  ep194 L=0.04053 rec=0.00105 sup=0.03948(w 0.02328 d1 0.00032 d2 0.00033 f 0.01442) | val_rec=0.00051 val_sup=0.01851 [0.0249 0.0167 0.0204 0.0121] S=0.086(enc1) 7s
  ep195 L=0.04051 rec=0.00102 sup=0.03949(w 0.02329 d1 0.00032 d2 0.00033 f 0.01442) | val_rec=0.00037 val_sup=0.01858 [0.0245 0.0173 0.0203 0.0122] 7s
  ep196 L=0.04053 rec=0.00097 sup=0.03955(w 0.02328 d1 0.00033 d2 0.00033 f 0.01441) | val_rec=0.00026 val_sup=0.01861 [0.0245 0.0168 0.0210 0.0121] S=0.086(enc1) 7s
  ep197 L=0.04041 rec=0.00094 sup=0.03947(w 0.02327 d1 0.00032 d2 0.00033 f 0.01438) | val_rec=0.00062 val_sup=0.01869 [0.0251 0.0171 0.0204 0.0122] 7s
  ep198 L=0.04021 rec=0.00084 sup=0.03937(w 0.02322 d1 0.00032 d2 0.00033 f 0.01435) | val_rec=0.00072 val_sup=0.01853 [0.0246 0.0171 0.0203 0.0121] S=0.083(enc1) 7s
  ep199 L=0.04053 rec=0.00103 sup=0.03950(w 0.02330 d1 0.00032 d2 0.00033 f 0.01444) | val_rec=0.00037 val_sup=0.01852 [0.0247 0.0167 0.0206 0.0121] 7s
  조기 종료 (val_sup 50에폭 정체)
[s3_잔차\C16_res_w03] 완료. 199에폭, 판정 100개
  min L_sup^val = 0.01844   min L_recon^val = 0.00017
  C (ratio 1.5) = 95개, 에폭 10~198
  t* = 에폭 120  val_sup 0.01844 [0.0247 0.0166 0.0204 0.0120]  val_recon 0.00047  S 0.0864
    민감도 ratio 1.2: C 91개 (에폭 18~198) -> t* 120  val_sup 0.01844
    민감도 ratio 1.5: C 95개 (에폭 10~198) -> t* 120  val_sup 0.01844
    민감도 ratio 2.0: C 97개 (에폭 6~198) -> t* 120  val_sup 0.01844

[정량 지표] 학습 종료 후 자동 산출 — 03 성분 정렬 · 04 복원 세 방식
  성분 정렬 완료
  복원 세 방식 완료
