[s3_잔차\C16_res_w01] device=cuda K=4 seed=42 hidden=64 train=5760 val=900 V=300
  구조  깊이 4 · 압축률 16 · 인코딩 시간축 225 (조각당 0.044초)
        채널 [32, 32, 64, 64] · dilations [1, 1, 4, 32]
        수용영역 3316 표본 = 9.21초 · 패딩 3600(양쪽 0)
        잔차 연결 블록 [0] · 가중치 0.1  (성분을 뽑을 때 그 인코더의 잔차만 살린다)
  L = MSE(x_hat, x_noisy) + 1 * L_sup   [지도학습]
  L_sup = (1/K) sum_k [ MSE(s_k, r_k) + 50*MSE(d1 s_k, d1 r_k) + 0*MSE(d2 s_k, d2 r_k) + 0*MSE(|F s_k|, |F r_k|) ]
    d1 = 1차 차분, d2 = 2차 차분, F = rfft(norm='ortho') 크기
  소스별 정규화 없음 (sup_normalize: none)
  배정  enc1=x_clean · enc2=bw · enc3=ma · enc4=em
  정칙화 3항 해제 — lambda_mixing=0 lambda_zero_recon=0 lambda_z_l2=0
  선택  C = { L_sup^val <= 1.5 x min } 에서 L_sup^val 최소, 2에폭 간격
  ep  1 L=0.66675 rec=0.23410 sup=0.43266(w 0.13272 d1 0.00600 d2 0.01027 f 0.10930) | val_rec=0.03728 val_sup=0.07561 [0.1888 0.0247 0.0590 0.0300] S=0.084(enc3) 8s
  ep  2 L=0.17734 rec=0.03921 sup=0.13813(w 0.06955 d1 0.00137 d2 0.00086 f 0.05786) | val_rec=0.01086 val_sup=0.06025 [0.1214 0.0313 0.0610 0.0274] S=0.068(enc3) 7s
  ep  3 L=0.13301 rec=0.01486 sup=0.11815(w 0.06109 d1 0.00114 d2 0.00084 f 0.04820) | val_rec=0.00624 val_sup=0.05055 [0.0966 0.0264 0.0535 0.0257] 7s
  ep  4 L=0.11458 rec=0.01024 sup=0.10435(w 0.05614 d1 0.00096 d2 0.00078 f 0.04146) | val_rec=0.00739 val_sup=0.04800 [0.0877 0.0261 0.0537 0.0245] S=0.067(enc2) 7s
  ep  5 L=0.10105 rec=0.00885 sup=0.09221(w 0.05285 d1 0.00079 d2 0.00073 f 0.03755) | val_rec=0.00732 val_sup=0.04241 [0.0712 0.0262 0.0496 0.0226] 7s
  ep  6 L=0.09260 rec=0.00750 sup=0.08510(w 0.05020 d1 0.00070 d2 0.00068 f 0.03502) | val_rec=0.00260 val_sup=0.03652 [0.0574 0.0273 0.0399 0.0215] S=0.078(enc4) 7s
  ep  7 L=0.08335 rec=0.00560 sup=0.07776(w 0.04557 d1 0.00064 d2 0.00065 f 0.03030) | val_rec=0.00595 val_sup=0.03232 [0.0508 0.0196 0.0387 0.0201] 7s
  ep  8 L=0.07631 rec=0.00471 sup=0.07160(w 0.04191 d1 0.00059 d2 0.00062 f 0.02715) | val_rec=0.00147 val_sup=0.02990 [0.0465 0.0200 0.0338 0.0193] S=0.082(enc4) 7s
  ep  9 L=0.07736 rec=0.00610 sup=0.07126(w 0.04271 d1 0.00057 d2 0.00060 f 0.02947) | val_rec=0.00726 val_sup=0.03310 [0.0475 0.0286 0.0335 0.0227] 7s
  ep 10 L=0.07432 rec=0.00607 sup=0.06825(w 0.04043 d1 0.00056 d2 0.00059 f 0.02676) | val_rec=0.00500 val_sup=0.02919 [0.0494 0.0188 0.0304 0.0182] S=0.064(enc1) 7s
  ep 11 L=0.07225 rec=0.00613 sup=0.06612(w 0.03885 d1 0.00055 d2 0.00059 f 0.02533) | val_rec=0.00140 val_sup=0.02675 [0.0416 0.0192 0.0283 0.0178] 7s
  ep 12 L=0.06756 rec=0.00391 sup=0.06365(w 0.03715 d1 0.00053 d2 0.00058 f 0.02364) | val_rec=0.00843 val_sup=0.03111 [0.0433 0.0242 0.0337 0.0233] S=0.068(enc1) 7s
  ep 13 L=0.07620 rec=0.00945 sup=0.06674(w 0.04067 d1 0.00052 d2 0.00057 f 0.02876) | val_rec=0.00200 val_sup=0.02640 [0.0411 0.0205 0.0271 0.0169] 7s
  ep 14 L=0.06462 rec=0.00342 sup=0.06119(w 0.03552 d1 0.00051 d2 0.00057 f 0.02232) | val_rec=0.01018 val_sup=0.02775 [0.0438 0.0223 0.0271 0.0178] S=0.073(enc1) 7s
  ep 15 L=0.06583 rec=0.00439 sup=0.06144(w 0.03644 d1 0.00050 d2 0.00056 f 0.02349) | val_rec=0.00471 val_sup=0.02766 [0.0413 0.0216 0.0289 0.0189] 7s
  ep 16 L=0.06731 rec=0.00620 sup=0.06111(w 0.03620 d1 0.00050 d2 0.00055 f 0.02424) | val_rec=0.00980 val_sup=0.03147 [0.0415 0.0277 0.0342 0.0224] S=0.063(enc1) 7s
  ep 17 L=0.06675 rec=0.00536 sup=0.06139(w 0.03671 d1 0.00049 d2 0.00055 f 0.02433) | val_rec=0.00360 val_sup=0.02453 [0.0357 0.0185 0.0264 0.0176] 7s
  ep 18 L=0.06344 rec=0.00450 sup=0.05894(w 0.03489 d1 0.00048 d2 0.00055 f 0.02210) | val_rec=0.00637 val_sup=0.02570 [0.0410 0.0188 0.0267 0.0163] S=0.062(enc1) 7s
  ep 19 L=0.06117 rec=0.00347 sup=0.05771(w 0.03380 d1 0.00048 d2 0.00054 f 0.02115) | val_rec=0.00326 val_sup=0.02368 [0.0355 0.0173 0.0262 0.0157] 7s
  ep 20 L=0.05886 rec=0.00240 sup=0.05645(w 0.03313 d1 0.00047 d2 0.00054 f 0.02043) | val_rec=0.00111 val_sup=0.02276 [0.0329 0.0173 0.0256 0.0152] S=0.061(enc2) 8s
  ep 21 L=0.06380 rec=0.00592 sup=0.05788(w 0.03495 d1 0.00046 d2 0.00053 f 0.02331) | val_rec=0.00245 val_sup=0.02284 [0.0334 0.0179 0.0246 0.0155] 7s
  ep 22 L=0.06244 rec=0.00528 sup=0.05716(w 0.03407 d1 0.00046 d2 0.00053 f 0.02233) | val_rec=0.00861 val_sup=0.02595 [0.0364 0.0209 0.0284 0.0181] S=0.061(enc2) 8s
  ep 23 L=0.06428 rec=0.00601 sup=0.05828(w 0.03526 d1 0.00046 d2 0.00052 f 0.02318) | val_rec=0.00194 val_sup=0.02288 [0.0328 0.0191 0.0247 0.0149] 7s
  ep 24 L=0.05877 rec=0.00375 sup=0.05502(w 0.03262 d1 0.00045 d2 0.00052 f 0.02055) | val_rec=0.00147 val_sup=0.02256 [0.0339 0.0174 0.0238 0.0152] S=0.060(enc2) 7s
  ep 25 L=0.06194 rec=0.00590 sup=0.05605(w 0.03369 d1 0.00045 d2 0.00051 f 0.02207) | val_rec=0.00153 val_sup=0.02466 [0.0308 0.0246 0.0260 0.0172] 7s
  ep 26 L=0.05544 rec=0.00208 sup=0.05336(w 0.03156 d1 0.00044 d2 0.00051 f 0.01943) | val_rec=0.00116 val_sup=0.02166 [0.0313 0.0170 0.0240 0.0142] S=0.060(enc2) 7s
  ep 27 L=0.05803 rec=0.00421 sup=0.05382(w 0.03241 d1 0.00043 d2 0.00050 f 0.02089) | val_rec=0.00375 val_sup=0.02278 [0.0351 0.0173 0.0241 0.0146] 7s
  ep 28 L=0.05933 rec=0.00569 sup=0.05364(w 0.03247 d1 0.00042 d2 0.00049 f 0.02140) | val_rec=0.00367 val_sup=0.02257 [0.0336 0.0173 0.0247 0.0147] S=0.059(enc2) 7s
  ep 29 L=0.05679 rec=0.00405 sup=0.05274(w 0.03161 d1 0.00042 d2 0.00049 f 0.01999) | val_rec=0.00238 val_sup=0.02177 [0.0309 0.0179 0.0239 0.0143] 7s
  ep 30 L=0.05374 rec=0.00238 sup=0.05136(w 0.03053 d1 0.00042 d2 0.00049 f 0.01896) | val_rec=0.00219 val_sup=0.02141 [0.0303 0.0181 0.0231 0.0141] S=0.058(enc1) 7s
  ep 31 L=0.05429 rec=0.00267 sup=0.05162(w 0.03089 d1 0.00041 d2 0.00048 f 0.01956) | val_rec=0.00154 val_sup=0.02091 [0.0296 0.0179 0.0224 0.0138] 7s
  ep 32 L=0.05516 rec=0.00351 sup=0.05165(w 0.03106 d1 0.00041 d2 0.00047 f 0.01938) | val_rec=0.00266 val_sup=0.02212 [0.0308 0.0186 0.0235 0.0155] S=0.061(enc1) 8s
  ep 33 L=0.05498 rec=0.00360 sup=0.05138(w 0.03108 d1 0.00041 d2 0.00047 f 0.01935) | val_rec=0.00305 val_sup=0.02138 [0.0312 0.0169 0.0233 0.0142] 8s
  ep 34 L=0.05513 rec=0.00460 sup=0.05054(w 0.03062 d1 0.00040 d2 0.00046 f 0.01949) | val_rec=0.00391 val_sup=0.02164 [0.0317 0.0168 0.0242 0.0138] S=0.063(enc1) 7s
  ep 35 L=0.05251 rec=0.00240 sup=0.05012(w 0.03023 d1 0.00040 d2 0.00046 f 0.01867) | val_rec=0.00184 val_sup=0.02134 [0.0279 0.0196 0.0230 0.0148] 7s
  ep 36 L=0.05675 rec=0.00548 sup=0.05126(w 0.03126 d1 0.00040 d2 0.00045 f 0.02004) | val_rec=0.00430 val_sup=0.02211 [0.0317 0.0181 0.0247 0.0138] S=0.066(enc1) 7s
  ep 37 L=0.05241 rec=0.00295 sup=0.04946(w 0.02977 d1 0.00039 d2 0.00045 f 0.01867) | val_rec=0.00065 val_sup=0.02059 [0.0292 0.0174 0.0218 0.0140] 7s
  ep 38 L=0.05160 rec=0.00265 sup=0.04895(w 0.02963 d1 0.00039 d2 0.00044 f 0.01817) | val_rec=0.00102 val_sup=0.02030 [0.0290 0.0166 0.0222 0.0133] S=0.059(enc1) 7s
  ep 39 L=0.05019 rec=0.00216 sup=0.04803(w 0.02905 d1 0.00038 d2 0.00044 f 0.01793) | val_rec=0.00484 val_sup=0.02229 [0.0323 0.0186 0.0234 0.0148] 7s
  ep 40 L=0.05349 rec=0.00433 sup=0.04916(w 0.03014 d1 0.00038 d2 0.00043 f 0.01913) | val_rec=0.00411 val_sup=0.02170 [0.0325 0.0175 0.0229 0.0139] S=0.057(enc1) 7s
  ep 41 L=0.04901 rec=0.00178 sup=0.04723(w 0.02845 d1 0.00038 d2 0.00043 f 0.01755) | val_rec=0.00132 val_sup=0.02019 [0.0271 0.0175 0.0226 0.0135] 7s
  ep 42 L=0.05141 rec=0.00374 sup=0.04767(w 0.02906 d1 0.00037 d2 0.00043 f 0.01835) | val_rec=0.00109 val_sup=0.01949 [0.0270 0.0164 0.0213 0.0133] S=0.060(enc1) 7s
  ep 43 L=0.04917 rec=0.00236 sup=0.04680(w 0.02823 d1 0.00037 d2 0.00042 f 0.01755) | val_rec=0.00134 val_sup=0.02064 [0.0283 0.0182 0.0216 0.0144] 7s
  ep 44 L=0.05072 rec=0.00327 sup=0.04745(w 0.02894 d1 0.00037 d2 0.00042 f 0.01854) | val_rec=0.00332 val_sup=0.02082 [0.0317 0.0167 0.0215 0.0135] S=0.062(enc1) 7s
  ep 45 L=0.05149 rec=0.00365 sup=0.04784(w 0.02914 d1 0.00037 d2 0.00042 f 0.01821) | val_rec=0.00248 val_sup=0.02060 [0.0307 0.0163 0.0222 0.0132] 7s
  ep 46 L=0.04870 rec=0.00219 sup=0.04651(w 0.02804 d1 0.00037 d2 0.00042 f 0.01735) | val_rec=0.00243 val_sup=0.01958 [0.0272 0.0164 0.0217 0.0131] S=0.058(enc2) 7s
  ep 47 L=0.04901 rec=0.00268 sup=0.04634(w 0.02795 d1 0.00037 d2 0.00041 f 0.01759) | val_rec=0.00082 val_sup=0.02004 [0.0282 0.0163 0.0215 0.0142] 7s
  ep 48 L=0.04724 rec=0.00164 sup=0.04560(w 0.02743 d1 0.00036 d2 0.00041 f 0.01699) | val_rec=0.00102 val_sup=0.01990 [0.0265 0.0173 0.0225 0.0133] S=0.059(enc1) 7s
  ep 49 L=0.04690 rec=0.00189 sup=0.04501(w 0.02718 d1 0.00036 d2 0.00040 f 0.01684) | val_rec=0.00103 val_sup=0.01924 [0.0263 0.0165 0.0213 0.0129] 7s
  ep 50 L=0.04740 rec=0.00233 sup=0.04507(w 0.02724 d1 0.00036 d2 0.00040 f 0.01709) | val_rec=0.00072 val_sup=0.01920 [0.0260 0.0164 0.0213 0.0131] S=0.057(enc1) 7s
  ep 51 L=0.04638 rec=0.00199 sup=0.04439(w 0.02674 d1 0.00035 d2 0.00039 f 0.01704) | val_rec=0.00152 val_sup=0.01912 [0.0258 0.0163 0.0215 0.0129] 7s
  ep 52 L=0.04461 rec=0.00112 sup=0.04349(w 0.02596 d1 0.00035 d2 0.00039 f 0.01596) | val_rec=0.00070 val_sup=0.01879 [0.0250 0.0163 0.0209 0.0130] S=0.058(enc2) 7s
  ep 53 L=0.04477 rec=0.00118 sup=0.04359(w 0.02600 d1 0.00035 d2 0.00039 f 0.01615) | val_rec=0.00102 val_sup=0.01920 [0.0261 0.0162 0.0216 0.0129] 7s
  ep 54 L=0.04460 rec=0.00127 sup=0.04333(w 0.02584 d1 0.00035 d2 0.00039 f 0.01590) | val_rec=0.00162 val_sup=0.01920 [0.0263 0.0164 0.0211 0.0130] S=0.059(enc2) 7s
  ep 55 L=0.04522 rec=0.00170 sup=0.04352(w 0.02600 d1 0.00035 d2 0.00039 f 0.01621) | val_rec=0.00126 val_sup=0.01912 [0.0258 0.0166 0.0211 0.0130] 7s
  ep 56 L=0.04477 rec=0.00140 sup=0.04337(w 0.02594 d1 0.00035 d2 0.00039 f 0.01611) | val_rec=0.00094 val_sup=0.01914 [0.0262 0.0162 0.0209 0.0132] S=0.058(enc1) 7s
  ep 57 L=0.04417 rec=0.00102 sup=0.04315(w 0.02572 d1 0.00035 d2 0.00039 f 0.01589) | val_rec=0.00129 val_sup=0.01885 [0.0252 0.0163 0.0209 0.0130] 7s
  ep 58 L=0.04448 rec=0.00130 sup=0.04318(w 0.02577 d1 0.00035 d2 0.00039 f 0.01600) | val_rec=0.00100 val_sup=0.01891 [0.0252 0.0164 0.0211 0.0130] S=0.059(enc2) 7s
  ep 59 L=0.04424 rec=0.00113 sup=0.04311(w 0.02570 d1 0.00035 d2 0.00039 f 0.01591) | val_rec=0.00067 val_sup=0.01899 [0.0256 0.0164 0.0210 0.0130] 7s
  ep 60 L=0.04462 rec=0.00132 sup=0.04329(w 0.02582 d1 0.00035 d2 0.00039 f 0.01610) | val_rec=0.00239 val_sup=0.01918 [0.0265 0.0162 0.0213 0.0128] S=0.055(enc2) 7s
  ep 61 L=0.04470 rec=0.00154 sup=0.04316(w 0.02574 d1 0.00035 d2 0.00039 f 0.01599) | val_rec=0.00084 val_sup=0.01889 [0.0256 0.0162 0.0209 0.0128] 7s
  ep 62 L=0.04401 rec=0.00100 sup=0.04301(w 0.02563 d1 0.00035 d2 0.00039 f 0.01578) | val_rec=0.00088 val_sup=0.01926 [0.0262 0.0165 0.0213 0.0130] S=0.058(enc2) 7s
  ep 63 L=0.04431 rec=0.00123 sup=0.04308(w 0.02571 d1 0.00035 d2 0.00039 f 0.01594) | val_rec=0.00190 val_sup=0.01909 [0.0262 0.0165 0.0207 0.0130] 7s
  ep 64 L=0.04403 rec=0.00105 sup=0.04298(w 0.02558 d1 0.00035 d2 0.00039 f 0.01590) | val_rec=0.00177 val_sup=0.01908 [0.0262 0.0162 0.0213 0.0127] S=0.055(enc1) 7s
  ep 65 L=0.04403 rec=0.00115 sup=0.04288(w 0.02552 d1 0.00035 d2 0.00038 f 0.01578) | val_rec=0.00101 val_sup=0.01910 [0.0259 0.0165 0.0212 0.0128] 7s
  ep 66 L=0.04387 rec=0.00097 sup=0.04290(w 0.02557 d1 0.00035 d2 0.00038 f 0.01575) | val_rec=0.00047 val_sup=0.01880 [0.0252 0.0163 0.0210 0.0127] S=0.057(enc2) 7s
  ep 67 L=0.04398 rec=0.00111 sup=0.04288(w 0.02553 d1 0.00035 d2 0.00038 f 0.01576) | val_rec=0.00194 val_sup=0.01877 [0.0251 0.0163 0.0210 0.0128] 7s
  ep 68 L=0.04414 rec=0.00125 sup=0.04289(w 0.02556 d1 0.00035 d2 0.00038 f 0.01594) | val_rec=0.00088 val_sup=0.01878 [0.0250 0.0163 0.0210 0.0128] S=0.058(enc1) 7s
  ep 69 L=0.04448 rec=0.00144 sup=0.04303(w 0.02563 d1 0.00035 d2 0.00038 f 0.01601) | val_rec=0.00127 val_sup=0.01901 [0.0259 0.0164 0.0209 0.0129] 7s
  ep 70 L=0.04407 rec=0.00117 sup=0.04290(w 0.02556 d1 0.00035 d2 0.00038 f 0.01569) | val_rec=0.00262 val_sup=0.01917 [0.0263 0.0165 0.0211 0.0128] S=0.061(enc1) 7s
  ep 71 L=0.04367 rec=0.00105 sup=0.04262(w 0.02536 d1 0.00035 d2 0.00038 f 0.01564) | val_rec=0.00061 val_sup=0.01878 [0.0251 0.0162 0.0211 0.0128] 7s
  ep 72 L=0.04359 rec=0.00095 sup=0.04264(w 0.02539 d1 0.00035 d2 0.00038 f 0.01570) | val_rec=0.00108 val_sup=0.01927 [0.0266 0.0166 0.0210 0.0129] S=0.060(enc1) 7s
  ep 73 L=0.04368 rec=0.00114 sup=0.04255(w 0.02532 d1 0.00034 d2 0.00038 f 0.01575) | val_rec=0.00071 val_sup=0.01890 [0.0252 0.0166 0.0210 0.0128] 7s
  ep 74 L=0.04414 rec=0.00148 sup=0.04266(w 0.02548 d1 0.00034 d2 0.00038 f 0.01587) | val_rec=0.00235 val_sup=0.01888 [0.0259 0.0161 0.0208 0.0127] S=0.058(enc1) 7s
  ep 75 L=0.04382 rec=0.00125 sup=0.04257(w 0.02539 d1 0.00034 d2 0.00038 f 0.01574) | val_rec=0.00083 val_sup=0.01883 [0.0242 0.0172 0.0209 0.0130] 7s
  ep 76 L=0.04382 rec=0.00126 sup=0.04256(w 0.02539 d1 0.00034 d2 0.00038 f 0.01584) | val_rec=0.00099 val_sup=0.01867 [0.0246 0.0165 0.0207 0.0129] S=0.059(enc1) 7s
  ep 77 L=0.04433 rec=0.00154 sup=0.04279(w 0.02555 d1 0.00034 d2 0.00038 f 0.01576) | val_rec=0.00145 val_sup=0.01879 [0.0251 0.0164 0.0208 0.0129] 7s
  ep 78 L=0.04421 rec=0.00165 sup=0.04256(w 0.02537 d1 0.00034 d2 0.00038 f 0.01570) | val_rec=0.00158 val_sup=0.01897 [0.0249 0.0168 0.0210 0.0131] S=0.059(enc1) 7s
  ep 79 L=0.04333 rec=0.00097 sup=0.04236(w 0.02525 d1 0.00034 d2 0.00038 f 0.01577) | val_rec=0.00053 val_sup=0.01882 [0.0249 0.0165 0.0208 0.0130] 7s
  ep 80 L=0.04323 rec=0.00098 sup=0.04225(w 0.02518 d1 0.00034 d2 0.00037 f 0.01553) | val_rec=0.00054 val_sup=0.01883 [0.0252 0.0164 0.0209 0.0129] S=0.061(enc1) 7s
  ep 81 L=0.04438 rec=0.00170 sup=0.04267(w 0.02550 d1 0.00034 d2 0.00038 f 0.01579) | val_rec=0.00075 val_sup=0.01878 [0.0245 0.0167 0.0212 0.0129] 7s
  ep 82 L=0.04371 rec=0.00124 sup=0.04248(w 0.02535 d1 0.00034 d2 0.00038 f 0.01570) | val_rec=0.00147 val_sup=0.01913 [0.0264 0.0163 0.0210 0.0128] S=0.057(enc1) 7s
  ep 83 L=0.04307 rec=0.00093 sup=0.04214(w 0.02511 d1 0.00034 d2 0.00037 f 0.01547) | val_rec=0.00110 val_sup=0.01914 [0.0262 0.0165 0.0210 0.0129] 7s
  ep 84 L=0.04379 rec=0.00132 sup=0.04248(w 0.02533 d1 0.00034 d2 0.00037 f 0.01573) | val_rec=0.00179 val_sup=0.01900 [0.0261 0.0163 0.0209 0.0127] S=0.059(enc1) 7s
  ep 85 L=0.04337 rec=0.00121 sup=0.04216(w 0.02514 d1 0.00034 d2 0.00037 f 0.01552) | val_rec=0.00076 val_sup=0.01874 [0.0251 0.0163 0.0209 0.0127] 7s
  ep 86 L=0.04323 rec=0.00110 sup=0.04213(w 0.02507 d1 0.00034 d2 0.00037 f 0.01553) | val_rec=0.00086 val_sup=0.01886 [0.0254 0.0165 0.0208 0.0127] S=0.059(enc1) 7s
  ep 87 L=0.04333 rec=0.00113 sup=0.04221(w 0.02518 d1 0.00034 d2 0.00037 f 0.01570) | val_rec=0.00174 val_sup=0.01898 [0.0259 0.0162 0.0211 0.0127] 7s
  ep 88 L=0.04355 rec=0.00138 sup=0.04217(w 0.02512 d1 0.00034 d2 0.00037 f 0.01545) | val_rec=0.00103 val_sup=0.01863 [0.0244 0.0165 0.0208 0.0127] S=0.058(enc1) 7s
  ep 89 L=0.04332 rec=0.00117 sup=0.04214(w 0.02515 d1 0.00034 d2 0.00037 f 0.01561) | val_rec=0.00093 val_sup=0.01886 [0.0251 0.0166 0.0210 0.0127] 7s
  ep 90 L=0.04289 rec=0.00094 sup=0.04195(w 0.02499 d1 0.00034 d2 0.00037 f 0.01549) | val_rec=0.00078 val_sup=0.01867 [0.0248 0.0164 0.0208 0.0127] S=0.058(enc1) 7s
  ep 91 L=0.04320 rec=0.00118 sup=0.04202(w 0.02505 d1 0.00034 d2 0.00037 f 0.01549) | val_rec=0.00208 val_sup=0.01909 [0.0260 0.0167 0.0209 0.0128] 7s
  ep 92 L=0.04311 rec=0.00120 sup=0.04191(w 0.02498 d1 0.00034 d2 0.00037 f 0.01546) | val_rec=0.00058 val_sup=0.01894 [0.0256 0.0164 0.0209 0.0128] S=0.057(enc1) 7s
  ep 93 L=0.04317 rec=0.00121 sup=0.04196(w 0.02500 d1 0.00034 d2 0.00037 f 0.01557) | val_rec=0.00084 val_sup=0.01884 [0.0250 0.0165 0.0212 0.0127] 7s
  ep 94 L=0.04294 rec=0.00113 sup=0.04181(w 0.02494 d1 0.00034 d2 0.00037 f 0.01540) | val_rec=0.00127 val_sup=0.01899 [0.0253 0.0169 0.0209 0.0129] S=0.058(enc1) 7s
  ep 95 L=0.04305 rec=0.00122 sup=0.04183(w 0.02495 d1 0.00034 d2 0.00037 f 0.01545) | val_rec=0.00061 val_sup=0.01875 [0.0251 0.0164 0.0207 0.0127] 7s
  ep 96 L=0.04332 rec=0.00138 sup=0.04194(w 0.02500 d1 0.00034 d2 0.00037 f 0.01557) | val_rec=0.00102 val_sup=0.01899 [0.0260 0.0164 0.0209 0.0127] S=0.058(enc1) 7s
  ep 97 L=0.04324 rec=0.00131 sup=0.04193(w 0.02506 d1 0.00034 d2 0.00037 f 0.01547) | val_rec=0.00075 val_sup=0.01908 [0.0257 0.0166 0.0213 0.0127] 7s
  ep 98 L=0.04329 rec=0.00131 sup=0.04198(w 0.02509 d1 0.00034 d2 0.00037 f 0.01541) | val_rec=0.00090 val_sup=0.01871 [0.0248 0.0164 0.0209 0.0127] S=0.058(enc2) 7s
  ep 99 L=0.04286 rec=0.00111 sup=0.04175(w 0.02492 d1 0.00034 d2 0.00036 f 0.01545) | val_rec=0.00130 val_sup=0.01900 [0.0255 0.0166 0.0211 0.0128] 7s
  ep100 L=0.04326 rec=0.00137 sup=0.04189(w 0.02501 d1 0.00034 d2 0.00036 f 0.01558) | val_rec=0.00127 val_sup=0.01894 [0.0254 0.0165 0.0212 0.0127] S=0.058(enc1) 8s
  ep101 L=0.04259 rec=0.00110 sup=0.04150(w 0.02467 d1 0.00034 d2 0.00036 f 0.01529) | val_rec=0.00159 val_sup=0.01923 [0.0260 0.0168 0.0209 0.0133] 7s
  ep102 L=0.04277 rec=0.00100 sup=0.04176(w 0.02487 d1 0.00034 d2 0.00036 f 0.01550) | val_rec=0.00067 val_sup=0.01878 [0.0244 0.0167 0.0212 0.0128] S=0.059(enc1) 7s
  ep103 L=0.04263 rec=0.00115 sup=0.04147(w 0.02468 d1 0.00034 d2 0.00036 f 0.01529) | val_rec=0.00114 val_sup=0.01885 [0.0255 0.0166 0.0207 0.0127] 7s
  ep104 L=0.04237 rec=0.00088 sup=0.04148(w 0.02466 d1 0.00034 d2 0.00036 f 0.01524) | val_rec=0.00055 val_sup=0.01876 [0.0248 0.0166 0.0209 0.0127] S=0.060(enc1) 7s
  ep105 L=0.04230 rec=0.00091 sup=0.04139(w 0.02459 d1 0.00034 d2 0.00036 f 0.01521) | val_rec=0.00102 val_sup=0.01873 [0.0248 0.0168 0.0206 0.0128] 7s
  ep106 L=0.04274 rec=0.00112 sup=0.04163(w 0.02476 d1 0.00034 d2 0.00036 f 0.01539) | val_rec=0.00090 val_sup=0.01867 [0.0245 0.0165 0.0210 0.0126] S=0.058(enc1) 7s
  ep107 L=0.04266 rec=0.00112 sup=0.04154(w 0.02469 d1 0.00034 d2 0.00036 f 0.01529) | val_rec=0.00089 val_sup=0.01885 [0.0250 0.0167 0.0206 0.0130] 7s
  ep108 L=0.04247 rec=0.00095 sup=0.04151(w 0.02466 d1 0.00034 d2 0.00036 f 0.01528) | val_rec=0.00118 val_sup=0.01897 [0.0253 0.0168 0.0209 0.0128] S=0.058(enc1) 7s
  ep109 L=0.04231 rec=0.00091 sup=0.04141(w 0.02464 d1 0.00034 d2 0.00036 f 0.01525) | val_rec=0.00075 val_sup=0.01875 [0.0247 0.0169 0.0207 0.0128] 7s
  ep110 L=0.04254 rec=0.00091 sup=0.04163(w 0.02472 d1 0.00034 d2 0.00036 f 0.01528) | val_rec=0.00082 val_sup=0.01908 [0.0251 0.0166 0.0220 0.0127] S=0.059(enc1) 7s
  ep111 L=0.04236 rec=0.00102 sup=0.04134(w 0.02459 d1 0.00033 d2 0.00036 f 0.01521) | val_rec=0.00120 val_sup=0.01911 [0.0259 0.0167 0.0207 0.0131] 7s
  ep112 L=0.04239 rec=0.00091 sup=0.04148(w 0.02468 d1 0.00034 d2 0.00036 f 0.01536) | val_rec=0.00145 val_sup=0.01893 [0.0257 0.0165 0.0210 0.0126] S=0.062(enc1) 7s
  ep113 L=0.04247 rec=0.00097 sup=0.04150(w 0.02468 d1 0.00034 d2 0.00036 f 0.01522) | val_rec=0.00134 val_sup=0.01893 [0.0255 0.0166 0.0209 0.0127] 7s
  ep114 L=0.04230 rec=0.00092 sup=0.04139(w 0.02459 d1 0.00034 d2 0.00036 f 0.01521) | val_rec=0.00063 val_sup=0.01881 [0.0252 0.0165 0.0208 0.0127] S=0.057(enc2) 7s
  ep115 L=0.04257 rec=0.00103 sup=0.04154(w 0.02471 d1 0.00034 d2 0.00036 f 0.01534) | val_rec=0.00115 val_sup=0.01886 [0.0255 0.0164 0.0210 0.0126] 7s
  ep116 L=0.04253 rec=0.00105 sup=0.04148(w 0.02466 d1 0.00034 d2 0.00036 f 0.01524) | val_rec=0.00068 val_sup=0.01861 [0.0244 0.0166 0.0206 0.0129] S=0.059(enc1) 7s
  ep117 L=0.04273 rec=0.00124 sup=0.04150(w 0.02467 d1 0.00034 d2 0.00036 f 0.01531) | val_rec=0.00040 val_sup=0.01858 [0.0243 0.0166 0.0207 0.0127] 7s
  ep118 L=0.04239 rec=0.00099 sup=0.04139(w 0.02461 d1 0.00034 d2 0.00036 f 0.01528) | val_rec=0.00067 val_sup=0.01861 [0.0246 0.0164 0.0207 0.0127] S=0.058(enc1) 7s
  ep119 L=0.04215 rec=0.00088 sup=0.04128(w 0.02454 d1 0.00033 d2 0.00036 f 0.01513) | val_rec=0.00056 val_sup=0.01868 [0.0250 0.0164 0.0206 0.0127] 7s
  ep120 L=0.04244 rec=0.00098 sup=0.04146(w 0.02466 d1 0.00034 d2 0.00036 f 0.01532) | val_rec=0.00068 val_sup=0.01856 [0.0244 0.0165 0.0208 0.0126] S=0.059(enc1) 7s
  ep121 L=0.04222 rec=0.00093 sup=0.04129(w 0.02454 d1 0.00033 d2 0.00036 f 0.01514) | val_rec=0.00049 val_sup=0.01877 [0.0248 0.0166 0.0208 0.0128] 7s
  ep122 L=0.04284 rec=0.00124 sup=0.04159(w 0.02473 d1 0.00034 d2 0.00036 f 0.01537) | val_rec=0.00237 val_sup=0.01938 [0.0269 0.0166 0.0215 0.0126] S=0.061(enc1) 8s
  ep123 L=0.04231 rec=0.00095 sup=0.04136(w 0.02460 d1 0.00034 d2 0.00036 f 0.01515) | val_rec=0.00104 val_sup=0.01913 [0.0259 0.0168 0.0206 0.0132] 7s
  ep124 L=0.04243 rec=0.00100 sup=0.04143(w 0.02463 d1 0.00034 d2 0.00036 f 0.01536) | val_rec=0.00078 val_sup=0.01861 [0.0246 0.0164 0.0208 0.0127] S=0.058(enc1) 7s
  ep125 L=0.04214 rec=0.00087 sup=0.04127(w 0.02454 d1 0.00033 d2 0.00036 f 0.01511) | val_rec=0.00199 val_sup=0.01921 [0.0261 0.0171 0.0207 0.0130] 7s
  ep126 L=0.04252 rec=0.00105 sup=0.04147(w 0.02468 d1 0.00034 d2 0.00036 f 0.01526) | val_rec=0.00138 val_sup=0.01897 [0.0258 0.0165 0.0208 0.0127] S=0.060(enc1) 7s
  ep127 L=0.04218 rec=0.00089 sup=0.04129(w 0.02456 d1 0.00033 d2 0.00036 f 0.01524) | val_rec=0.00080 val_sup=0.01884 [0.0252 0.0166 0.0208 0.0128] 7s
  ep128 L=0.04249 rec=0.00109 sup=0.04139(w 0.02463 d1 0.00034 d2 0.00036 f 0.01522) | val_rec=0.00108 val_sup=0.01891 [0.0250 0.0166 0.0210 0.0130] S=0.056(enc2) 7s
  ep129 L=0.04213 rec=0.00082 sup=0.04131(w 0.02455 d1 0.00034 d2 0.00036 f 0.01519) | val_rec=0.00052 val_sup=0.01877 [0.0247 0.0167 0.0209 0.0128] 8s
  ep130 L=0.04273 rec=0.00111 sup=0.04162(w 0.02476 d1 0.00034 d2 0.00036 f 0.01539) | val_rec=0.00243 val_sup=0.01905 [0.0262 0.0164 0.0210 0.0127] S=0.061(enc1) 7s
  ep131 L=0.04273 rec=0.00109 sup=0.04164(w 0.02475 d1 0.00034 d2 0.00036 f 0.01540) | val_rec=0.00146 val_sup=0.01896 [0.0254 0.0165 0.0213 0.0126] 7s
  ep132 L=0.04258 rec=0.00119 sup=0.04139(w 0.02464 d1 0.00034 d2 0.00036 f 0.01521) | val_rec=0.00092 val_sup=0.01879 [0.0250 0.0166 0.0208 0.0127] S=0.057(enc1) 8s
  ep133 L=0.04241 rec=0.00105 sup=0.04136(w 0.02460 d1 0.00034 d2 0.00036 f 0.01523) | val_rec=0.00040 val_sup=0.01863 [0.0246 0.0166 0.0206 0.0127] 7s
  ep134 L=0.04239 rec=0.00095 sup=0.04144(w 0.02464 d1 0.00034 d2 0.00036 f 0.01526) | val_rec=0.00051 val_sup=0.01856 [0.0245 0.0164 0.0207 0.0127] S=0.058(enc1) 7s
  ep135 L=0.04232 rec=0.00110 sup=0.04122(w 0.02452 d1 0.00033 d2 0.00036 f 0.01520) | val_rec=0.00120 val_sup=0.01905 [0.0252 0.0169 0.0206 0.0134] 7s
  ep136 L=0.04237 rec=0.00106 sup=0.04130(w 0.02455 d1 0.00034 d2 0.00036 f 0.01516) | val_rec=0.00091 val_sup=0.01871 [0.0249 0.0166 0.0206 0.0127] S=0.058(enc2) 7s
  ep137 L=0.04228 rec=0.00097 sup=0.04131(w 0.02455 d1 0.00034 d2 0.00036 f 0.01519) | val_rec=0.00162 val_sup=0.01870 [0.0251 0.0165 0.0206 0.0127] 7s
  ep138 L=0.04234 rec=0.00098 sup=0.04136(w 0.02459 d1 0.00034 d2 0.00036 f 0.01520) | val_rec=0.00200 val_sup=0.01913 [0.0262 0.0167 0.0208 0.0128] S=0.061(enc1) 7s
  ep139 L=0.04238 rec=0.00100 sup=0.04138(w 0.02460 d1 0.00034 d2 0.00036 f 0.01515) | val_rec=0.00063 val_sup=0.01890 [0.0254 0.0166 0.0207 0.0129] 7s
  ep140 L=0.04231 rec=0.00099 sup=0.04133(w 0.02458 d1 0.00033 d2 0.00036 f 0.01528) | val_rec=0.00077 val_sup=0.01872 [0.0249 0.0164 0.0207 0.0129] S=0.058(enc2) 7s
  ep141 L=0.04226 rec=0.00093 sup=0.04133(w 0.02459 d1 0.00033 d2 0.00036 f 0.01523) | val_rec=0.00060 val_sup=0.01868 [0.0247 0.0164 0.0209 0.0127] 7s
  ep142 L=0.04222 rec=0.00093 sup=0.04129(w 0.02455 d1 0.00033 d2 0.00036 f 0.01519) | val_rec=0.00075 val_sup=0.01858 [0.0246 0.0163 0.0207 0.0126] S=0.059(enc1) 7s
  ep143 L=0.04285 rec=0.00140 sup=0.04146(w 0.02467 d1 0.00034 d2 0.00036 f 0.01528) | val_rec=0.00221 val_sup=0.01897 [0.0256 0.0168 0.0207 0.0128] 7s
  ep144 L=0.04237 rec=0.00104 sup=0.04133(w 0.02459 d1 0.00033 d2 0.00036 f 0.01522) | val_rec=0.00072 val_sup=0.01857 [0.0243 0.0165 0.0207 0.0127] S=0.057(enc1) 7s
  ep145 L=0.04282 rec=0.00135 sup=0.04147(w 0.02470 d1 0.00034 d2 0.00036 f 0.01537) | val_rec=0.00422 val_sup=0.01938 [0.0277 0.0163 0.0210 0.0125] 7s
  ep146 L=0.04259 rec=0.00125 sup=0.04134(w 0.02458 d1 0.00034 d2 0.00036 f 0.01520) | val_rec=0.00090 val_sup=0.01881 [0.0253 0.0166 0.0206 0.0128] S=0.059(enc1) 7s
  ep147 L=0.04231 rec=0.00096 sup=0.04135(w 0.02459 d1 0.00034 d2 0.00036 f 0.01528) | val_rec=0.00050 val_sup=0.01862 [0.0245 0.0166 0.0208 0.0126] 7s
  ep148 L=0.04232 rec=0.00097 sup=0.04135(w 0.02460 d1 0.00033 d2 0.00036 f 0.01521) | val_rec=0.00121 val_sup=0.01875 [0.0249 0.0166 0.0207 0.0127] S=0.058(enc1) 7s
  ep149 L=0.04259 rec=0.00121 sup=0.04137(w 0.02463 d1 0.00033 d2 0.00036 f 0.01526) | val_rec=0.00034 val_sup=0.01852 [0.0242 0.0165 0.0207 0.0127] 7s
  ep150 L=0.04261 rec=0.00102 sup=0.04159(w 0.02466 d1 0.00034 d2 0.00036 f 0.01536) | val_rec=0.00152 val_sup=0.01930 [0.0261 0.0165 0.0220 0.0126] S=0.061(enc1) 7s
  ep151 L=0.04278 rec=0.00126 sup=0.04152(w 0.02472 d1 0.00034 d2 0.00036 f 0.01532) | val_rec=0.00077 val_sup=0.01857 [0.0242 0.0165 0.0208 0.0127] 7s
  ep152 L=0.04237 rec=0.00103 sup=0.04134(w 0.02459 d1 0.00034 d2 0.00036 f 0.01523) | val_rec=0.00119 val_sup=0.01887 [0.0257 0.0164 0.0208 0.0126] S=0.059(enc1) 7s
  ep153 L=0.04264 rec=0.00118 sup=0.04146(w 0.02467 d1 0.00034 d2 0.00036 f 0.01528) | val_rec=0.00092 val_sup=0.01878 [0.0249 0.0164 0.0212 0.0126] 7s
  ep154 L=0.04255 rec=0.00106 sup=0.04148(w 0.02467 d1 0.00034 d2 0.00036 f 0.01525) | val_rec=0.00129 val_sup=0.01894 [0.0254 0.0165 0.0213 0.0126] S=0.061(enc1) 7s
  ep155 L=0.04233 rec=0.00095 sup=0.04139(w 0.02458 d1 0.00034 d2 0.00036 f 0.01520) | val_rec=0.00095 val_sup=0.01899 [0.0257 0.0164 0.0212 0.0126] 7s
  ep156 L=0.04215 rec=0.00093 sup=0.04122(w 0.02451 d1 0.00033 d2 0.00036 f 0.01515) | val_rec=0.00170 val_sup=0.01899 [0.0256 0.0165 0.0207 0.0131] S=0.058(enc1) 7s
  ep157 L=0.04238 rec=0.00102 sup=0.04136(w 0.02457 d1 0.00034 d2 0.00036 f 0.01521) | val_rec=0.00164 val_sup=0.01904 [0.0258 0.0167 0.0208 0.0129] 7s
  ep158 L=0.04261 rec=0.00117 sup=0.04143(w 0.02462 d1 0.00034 d2 0.00036 f 0.01525) | val_rec=0.00124 val_sup=0.01890 [0.0254 0.0165 0.0211 0.0126] S=0.060(enc1) 7s
  ep159 L=0.04202 rec=0.00083 sup=0.04119(w 0.02450 d1 0.00033 d2 0.00036 f 0.01513) | val_rec=0.00098 val_sup=0.01884 [0.0248 0.0168 0.0207 0.0130] 7s
  ep160 L=0.04241 rec=0.00100 sup=0.04141(w 0.02466 d1 0.00034 d2 0.00036 f 0.01525) | val_rec=0.00181 val_sup=0.01872 [0.0251 0.0164 0.0208 0.0126] S=0.059(enc1) 7s
  ep161 L=0.04222 rec=0.00096 sup=0.04126(w 0.02454 d1 0.00033 d2 0.00036 f 0.01517) | val_rec=0.00046 val_sup=0.01863 [0.0243 0.0167 0.0207 0.0128] 7s
  ep162 L=0.04217 rec=0.00085 sup=0.04132(w 0.02457 d1 0.00034 d2 0.00036 f 0.01518) | val_rec=0.00099 val_sup=0.01857 [0.0245 0.0164 0.0207 0.0126] S=0.060(enc1) 7s
  ep163 L=0.04211 rec=0.00087 sup=0.04124(w 0.02449 d1 0.00034 d2 0.00036 f 0.01513) | val_rec=0.00085 val_sup=0.01889 [0.0251 0.0166 0.0210 0.0129] 7s
  ep164 L=0.04194 rec=0.00074 sup=0.04121(w 0.02451 d1 0.00033 d2 0.00036 f 0.01515) | val_rec=0.00095 val_sup=0.01881 [0.0250 0.0168 0.0207 0.0128] S=0.059(enc1) 7s
  ep165 L=0.04238 rec=0.00113 sup=0.04126(w 0.02456 d1 0.00033 d2 0.00036 f 0.01521) | val_rec=0.00130 val_sup=0.01900 [0.0256 0.0166 0.0208 0.0130] 7s
  ep166 L=0.04273 rec=0.00129 sup=0.04144(w 0.02463 d1 0.00034 d2 0.00036 f 0.01526) | val_rec=0.00135 val_sup=0.01894 [0.0254 0.0167 0.0208 0.0128] S=0.061(enc1) 7s
  ep167 L=0.04241 rec=0.00108 sup=0.04133(w 0.02455 d1 0.00034 d2 0.00036 f 0.01522) | val_rec=0.00201 val_sup=0.01870 [0.0251 0.0164 0.0207 0.0126] 7s
  ep168 L=0.04223 rec=0.00100 sup=0.04123(w 0.02452 d1 0.00033 d2 0.00036 f 0.01517) | val_rec=0.00053 val_sup=0.01867 [0.0245 0.0166 0.0208 0.0128] S=0.060(enc1) 7s
  ep169 L=0.04247 rec=0.00113 sup=0.04134(w 0.02459 d1 0.00033 d2 0.00036 f 0.01523) | val_rec=0.00164 val_sup=0.01894 [0.0258 0.0165 0.0209 0.0126] 7s
  ep170 L=0.04243 rec=0.00121 sup=0.04121(w 0.02453 d1 0.00033 d2 0.00036 f 0.01519) | val_rec=0.00182 val_sup=0.01904 [0.0254 0.0167 0.0206 0.0134] S=0.061(enc1) 7s
  ep171 L=0.04212 rec=0.00084 sup=0.04128(w 0.02454 d1 0.00033 d2 0.00036 f 0.01520) | val_rec=0.00056 val_sup=0.01861 [0.0244 0.0165 0.0209 0.0126] 7s
  ep172 L=0.04213 rec=0.00083 sup=0.04130(w 0.02455 d1 0.00033 d2 0.00036 f 0.01519) | val_rec=0.00097 val_sup=0.01877 [0.0252 0.0164 0.0210 0.0125] S=0.058(enc1) 7s
  ep173 L=0.04227 rec=0.00104 sup=0.04123(w 0.02453 d1 0.00033 d2 0.00036 f 0.01517) | val_rec=0.00065 val_sup=0.01865 [0.0246 0.0166 0.0207 0.0127] 7s
  ep174 L=0.04246 rec=0.00109 sup=0.04137(w 0.02464 d1 0.00033 d2 0.00036 f 0.01529) | val_rec=0.00054 val_sup=0.01875 [0.0244 0.0168 0.0209 0.0129] S=0.056(enc2) 7s
  ep175 L=0.04263 rec=0.00116 sup=0.04147(w 0.02467 d1 0.00034 d2 0.00036 f 0.01533) | val_rec=0.00134 val_sup=0.01895 [0.0257 0.0164 0.0212 0.0125] 7s
  ep176 L=0.04207 rec=0.00094 sup=0.04113(w 0.02446 d1 0.00033 d2 0.00036 f 0.01510) | val_rec=0.00163 val_sup=0.01905 [0.0254 0.0169 0.0206 0.0132] S=0.057(enc2) 7s
  ep177 L=0.04227 rec=0.00103 sup=0.04124(w 0.02454 d1 0.00033 d2 0.00036 f 0.01522) | val_rec=0.00037 val_sup=0.01870 [0.0247 0.0165 0.0208 0.0128] 7s
  ep178 L=0.04269 rec=0.00129 sup=0.04139(w 0.02465 d1 0.00033 d2 0.00036 f 0.01529) | val_rec=0.00133 val_sup=0.01879 [0.0255 0.0164 0.0207 0.0126] S=0.060(enc1) 7s
  ep179 L=0.04227 rec=0.00106 sup=0.04121(w 0.02452 d1 0.00033 d2 0.00036 f 0.01515) | val_rec=0.00170 val_sup=0.01924 [0.0264 0.0169 0.0207 0.0130] 7s
  ep180 L=0.04240 rec=0.00105 sup=0.04135(w 0.02459 d1 0.00034 d2 0.00036 f 0.01522) | val_rec=0.00071 val_sup=0.01888 [0.0253 0.0166 0.0209 0.0127] S=0.057(enc1) 7s
  ep181 L=0.04228 rec=0.00104 sup=0.04124(w 0.02454 d1 0.00033 d2 0.00036 f 0.01525) | val_rec=0.00148 val_sup=0.01892 [0.0255 0.0166 0.0208 0.0127] 7s
  ep182 L=0.04231 rec=0.00107 sup=0.04125(w 0.02452 d1 0.00033 d2 0.00036 f 0.01517) | val_rec=0.00066 val_sup=0.01873 [0.0247 0.0166 0.0207 0.0129] S=0.058(enc1) 7s
  ep183 L=0.04224 rec=0.00091 sup=0.04133(w 0.02461 d1 0.00033 d2 0.00036 f 0.01523) | val_rec=0.00185 val_sup=0.01910 [0.0259 0.0167 0.0211 0.0128] 7s
  ep184 L=0.04251 rec=0.00112 sup=0.04139(w 0.02463 d1 0.00034 d2 0.00036 f 0.01530) | val_rec=0.00055 val_sup=0.01870 [0.0248 0.0165 0.0209 0.0126] S=0.058(enc1) 7s
  ep185 L=0.04234 rec=0.00103 sup=0.04132(w 0.02457 d1 0.00034 d2 0.00036 f 0.01521) | val_rec=0.00081 val_sup=0.01866 [0.0247 0.0166 0.0207 0.0127] 7s
  ep186 L=0.04259 rec=0.00113 sup=0.04146(w 0.02463 d1 0.00034 d2 0.00036 f 0.01524) | val_rec=0.00076 val_sup=0.01880 [0.0249 0.0166 0.0211 0.0126] S=0.060(enc1) 7s
  ep187 L=0.04205 rec=0.00084 sup=0.04122(w 0.02449 d1 0.00033 d2 0.00036 f 0.01515) | val_rec=0.00045 val_sup=0.01861 [0.0245 0.0166 0.0207 0.0127] 7s
  ep188 L=0.04306 rec=0.00141 sup=0.04164(w 0.02474 d1 0.00034 d2 0.00036 f 0.01536) | val_rec=0.00134 val_sup=0.01908 [0.0257 0.0165 0.0216 0.0126] S=0.061(enc1) 7s
  ep189 L=0.04224 rec=0.00089 sup=0.04135(w 0.02458 d1 0.00034 d2 0.00036 f 0.01521) | val_rec=0.00212 val_sup=0.01924 [0.0267 0.0165 0.0211 0.0127] 7s
  ep190 L=0.04288 rec=0.00131 sup=0.04156(w 0.02472 d1 0.00034 d2 0.00036 f 0.01535) | val_rec=0.00265 val_sup=0.01917 [0.0264 0.0164 0.0213 0.0126] S=0.059(enc1) 7s
  ep191 L=0.04235 rec=0.00101 sup=0.04134(w 0.02460 d1 0.00033 d2 0.00036 f 0.01521) | val_rec=0.00055 val_sup=0.01866 [0.0248 0.0165 0.0208 0.0127] 7s
  ep192 L=0.04238 rec=0.00103 sup=0.04134(w 0.02455 d1 0.00034 d2 0.00036 f 0.01519) | val_rec=0.00391 val_sup=0.01917 [0.0268 0.0166 0.0205 0.0127] S=0.058(enc1) 7s
  ep193 L=0.04238 rec=0.00117 sup=0.04121(w 0.02452 d1 0.00033 d2 0.00036 f 0.01520) | val_rec=0.00184 val_sup=0.01954 [0.0269 0.0166 0.0213 0.0133] 7s
  ep194 L=0.04240 rec=0.00110 sup=0.04129(w 0.02456 d1 0.00033 d2 0.00036 f 0.01523) | val_rec=0.00064 val_sup=0.01854 [0.0242 0.0165 0.0208 0.0127] S=0.058(enc1) 7s
  ep195 L=0.04234 rec=0.00105 sup=0.04129(w 0.02455 d1 0.00033 d2 0.00036 f 0.01518) | val_rec=0.00052 val_sup=0.01866 [0.0243 0.0168 0.0207 0.0129] 7s
  ep196 L=0.04240 rec=0.00101 sup=0.04140(w 0.02457 d1 0.00034 d2 0.00036 f 0.01521) | val_rec=0.00044 val_sup=0.01871 [0.0244 0.0166 0.0212 0.0126] S=0.058(enc1) 7s
  ep197 L=0.04230 rec=0.00100 sup=0.04130(w 0.02455 d1 0.00033 d2 0.00036 f 0.01519) | val_rec=0.00084 val_sup=0.01880 [0.0249 0.0167 0.0208 0.0128] 7s
  ep198 L=0.04205 rec=0.00087 sup=0.04118(w 0.02448 d1 0.00033 d2 0.00036 f 0.01514) | val_rec=0.00083 val_sup=0.01861 [0.0242 0.0168 0.0206 0.0128] S=0.058(enc1) 7s
  ep199 L=0.04238 rec=0.00108 sup=0.04130(w 0.02455 d1 0.00034 d2 0.00036 f 0.01521) | val_rec=0.00070 val_sup=0.01883 [0.0254 0.0165 0.0208 0.0126] 7s
  조기 종료 (val_sup 50에폭 정체)
[s3_잔차\C16_res_w01] 완료. 199에폭, 판정 100개
  min L_sup^val = 0.01854   min L_recon^val = 0.00044
  C (ratio 1.5) = 92개, 에폭 14~198
  t* = 에폭 194  val_sup 0.01854 [0.0242 0.0165 0.0208 0.0127]  val_recon 0.00064  S 0.0575
    민감도 ratio 1.2: C 86개 (에폭 26~198) -> t* 194  val_sup 0.01854
    민감도 ratio 1.5: C 92개 (에폭 14~198) -> t* 194  val_sup 0.01854
    민감도 ratio 2.0: C 97개 (에폭 6~198) -> t* 194  val_sup 0.01854

[정량 지표] 학습 종료 후 자동 산출 — 03 성분 정렬 · 04 복원 세 방식
  성분 정렬 완료
  복원 세 방식 완료
