[C16_seed42] device=cuda K=4 seed=42 hidden=64 train=5760 val=900 V=300
  구조  깊이 4 · 압축률 16 · 인코딩 시간축 225 (조각당 0.044초)
        채널 [32, 32, 64, 64] · dilations [1, 1, 4, 32]
        수용영역 3316 표본 = 9.21초 · 패딩 3600(양쪽 0)
        잔차 연결 없음
  L = MSE(x_hat, x_noisy) + 1 * L_sup   [지도학습]
  L_sup = (1/K) sum_k [ MSE(s_k, r_k) + 50*MSE(d1 s_k, d1 r_k) + 0*MSE(d2 s_k, d2 r_k) + 0*MSE(|F s_k|, |F r_k|) ]
    d1 = 1차 차분, d2 = 2차 차분, F = rfft(norm='ortho') 크기
  소스별 정규화 없음 (sup_normalize: none)
  배정  enc1=x_clean · enc2=bw · enc3=ma · enc4=em
  정칙화 3항 해제 — lambda_mixing=0 lambda_zero_recon=0 lambda_z_l2=0
  선택  C = { L_sup^val <= 1.5 x min } 에서 L_sup^val 최소, 2에폭 간격
  ep  1 L=0.73789 rec=0.29901 sup=0.43888(w 0.13679 d1 0.00604 d2 0.01021 f 0.11228) | val_rec=0.08374 val_sup=0.08476 [0.2306 0.0265 0.0555 0.0264] S=0.148(enc3) 8s
  ep  2 L=0.27796 rec=0.12015 sup=0.15782(w 0.07535 d1 0.00165 d2 0.00085 f 0.06128) | val_rec=0.04387 val_sup=0.08182 [0.2242 0.0250 0.0533 0.0248] S=0.361(enc3) 7s
  ep  3 L=0.21339 rec=0.06582 sup=0.14757(w 0.06631 d1 0.00163 d2 0.00085 f 0.05153) | val_rec=0.03237 val_sup=0.07779 [0.2152 0.0209 0.0530 0.0220] 7s
  ep  4 L=0.18134 rec=0.05049 sup=0.13085(w 0.05525 d1 0.00151 d2 0.00087 f 0.04005) | val_rec=0.02446 val_sup=0.06273 [0.1599 0.0203 0.0502 0.0206] S=0.606(enc1) 7s
  ep  5 L=0.15849 rec=0.04267 sup=0.11583(w 0.04899 d1 0.00134 d2 0.00087 f 0.03395) | val_rec=0.01976 val_sup=0.05291 [0.1195 0.0211 0.0496 0.0214] 7s
  ep  6 L=0.14708 rec=0.03859 sup=0.10849(w 0.04664 d1 0.00124 d2 0.00085 f 0.03167) | val_rec=0.03106 val_sup=0.05127 [0.1139 0.0215 0.0489 0.0208] S=0.810(enc1) 7s
  ep  7 L=0.13762 rec=0.03306 sup=0.10456(w 0.04521 d1 0.00119 d2 0.00084 f 0.03054) | val_rec=0.01514 val_sup=0.04313 [0.0855 0.0192 0.0484 0.0194] 7s
  ep  8 L=0.13539 rec=0.03409 sup=0.10130(w 0.04429 d1 0.00114 d2 0.00083 f 0.03038) | val_rec=0.01454 val_sup=0.04281 [0.0835 0.0196 0.0485 0.0196] S=0.862(enc1) 7s
  ep  9 L=0.12747 rec=0.02953 sup=0.09794(w 0.04240 d1 0.00111 d2 0.00082 f 0.02836) | val_rec=0.01241 val_sup=0.03976 [0.0723 0.0194 0.0479 0.0195] 7s
  ep 10 L=0.12198 rec=0.02634 sup=0.09564(w 0.04119 d1 0.00109 d2 0.00081 f 0.02726) | val_rec=0.01268 val_sup=0.03929 [0.0727 0.0183 0.0478 0.0183] S=0.884(enc1) 8s
  ep 11 L=0.12070 rec=0.02678 sup=0.09392(w 0.04057 d1 0.00107 d2 0.00081 f 0.02703) | val_rec=0.01082 val_sup=0.03788 [0.0666 0.0184 0.0481 0.0185] 7s
  ep 12 L=0.11687 rec=0.02481 sup=0.09206(w 0.03955 d1 0.00105 d2 0.00080 f 0.02590) | val_rec=0.00992 val_sup=0.03601 [0.0609 0.0182 0.0472 0.0178] S=0.903(enc1) 8s
  ep 13 L=0.11488 rec=0.02380 sup=0.09108(w 0.03907 d1 0.00104 d2 0.00080 f 0.02592) | val_rec=0.01352 val_sup=0.03762 [0.0627 0.0199 0.0480 0.0199] 7s
  ep 14 L=0.11438 rec=0.02363 sup=0.09075(w 0.03893 d1 0.00104 d2 0.00079 f 0.02556) | val_rec=0.00892 val_sup=0.03457 [0.0561 0.0179 0.0470 0.0172] S=0.910(enc1) 8s
  ep 15 L=0.11189 rec=0.02233 sup=0.08957(w 0.03826 d1 0.00103 d2 0.00079 f 0.02534) | val_rec=0.00924 val_sup=0.03473 [0.0565 0.0179 0.0472 0.0173] 7s
  ep 16 L=0.11007 rec=0.02154 sup=0.08853(w 0.03768 d1 0.00102 d2 0.00079 f 0.02469) | val_rec=0.01113 val_sup=0.03562 [0.0586 0.0187 0.0475 0.0177] S=0.911(enc1) 8s
  ep 17 L=0.11038 rec=0.02208 sup=0.08830(w 0.03763 d1 0.00101 d2 0.00078 f 0.02449) | val_rec=0.00720 val_sup=0.03231 [0.0492 0.0177 0.0462 0.0162] 7s
  ep 18 L=0.10780 rec=0.02049 sup=0.08731(w 0.03695 d1 0.00101 d2 0.00078 f 0.02409) | val_rec=0.01212 val_sup=0.03606 [0.0590 0.0190 0.0477 0.0185] S=0.918(enc1) 7s
  ep 19 L=0.11720 rec=0.02679 sup=0.09042(w 0.03976 d1 0.00101 d2 0.00078 f 0.02794) | val_rec=0.00953 val_sup=0.03448 [0.0587 0.0174 0.0459 0.0158] 7s
  ep 20 L=0.10880 rec=0.02115 sup=0.08766(w 0.03657 d1 0.00102 d2 0.00079 f 0.02343) | val_rec=0.00834 val_sup=0.03280 [0.0505 0.0180 0.0466 0.0162] S=0.914(enc1) 7s
  ep 21 L=0.10820 rec=0.02182 sup=0.08638(w 0.03623 d1 0.00100 d2 0.00078 f 0.02370) | val_rec=0.00751 val_sup=0.03270 [0.0519 0.0171 0.0459 0.0158] 7s
  ep 22 L=0.10349 rec=0.01854 sup=0.08495(w 0.03533 d1 0.00099 d2 0.00078 f 0.02272) | val_rec=0.00629 val_sup=0.03121 [0.0462 0.0177 0.0456 0.0154] S=0.920(enc1) 7s
  ep 23 L=0.10261 rec=0.01810 sup=0.08451(w 0.03514 d1 0.00099 d2 0.00078 f 0.02280) | val_rec=0.00629 val_sup=0.03099 [0.0456 0.0179 0.0453 0.0151] 7s
  ep 24 L=0.10443 rec=0.02011 sup=0.08432(w 0.03518 d1 0.00098 d2 0.00077 f 0.02297) | val_rec=0.00640 val_sup=0.03042 [0.0445 0.0170 0.0449 0.0152] S=0.924(enc1) 7s
  ep 25 L=0.10611 rec=0.02163 sup=0.08448(w 0.03532 d1 0.00098 d2 0.00077 f 0.02340) | val_rec=0.00892 val_sup=0.03160 [0.0489 0.0173 0.0452 0.0150] 7s
  ep 26 L=0.10268 rec=0.01864 sup=0.08405(w 0.03490 d1 0.00098 d2 0.00077 f 0.02241) | val_rec=0.00669 val_sup=0.03026 [0.0432 0.0174 0.0453 0.0152] S=0.924(enc1) 7s
  ep 27 L=0.10266 rec=0.01897 sup=0.08369(w 0.03473 d1 0.00098 d2 0.00077 f 0.02261) | val_rec=0.00670 val_sup=0.03049 [0.0453 0.0169 0.0450 0.0148] 7s
  ep 28 L=0.10136 rec=0.01830 sup=0.08305(w 0.03428 d1 0.00098 d2 0.00077 f 0.02208) | val_rec=0.00779 val_sup=0.03052 [0.0448 0.0170 0.0451 0.0152] S=0.926(enc1) 7s
  ep 29 L=0.10468 rec=0.02094 sup=0.08374(w 0.03470 d1 0.00098 d2 0.00077 f 0.02295) | val_rec=0.01016 val_sup=0.03102 [0.0466 0.0169 0.0456 0.0149] 7s
  ep 30 L=0.10132 rec=0.01860 sup=0.08272(w 0.03400 d1 0.00097 d2 0.00077 f 0.02210) | val_rec=0.00680 val_sup=0.02989 [0.0424 0.0175 0.0451 0.0146] S=0.925(enc1) 7s
  ep 31 L=0.09992 rec=0.01732 sup=0.08260(w 0.03376 d1 0.00098 d2 0.00077 f 0.02189) | val_rec=0.00621 val_sup=0.03010 [0.0429 0.0177 0.0452 0.0147] 7s
  ep 32 L=0.10377 rec=0.02033 sup=0.08344(w 0.03489 d1 0.00097 d2 0.00077 f 0.02330) | val_rec=0.00785 val_sup=0.02949 [0.0415 0.0171 0.0447 0.0146] S=0.925(enc1) 7s
  ep 33 L=0.10158 rec=0.01917 sup=0.08241(w 0.03387 d1 0.00097 d2 0.00077 f 0.02189) | val_rec=0.00716 val_sup=0.03068 [0.0463 0.0171 0.0448 0.0146] 7s
  ep 34 L=0.10112 rec=0.01904 sup=0.08207(w 0.03378 d1 0.00097 d2 0.00076 f 0.02214) | val_rec=0.00970 val_sup=0.03150 [0.0489 0.0177 0.0447 0.0147] S=0.927(enc1) 8s
  ep 35 L=0.09938 rec=0.01791 sup=0.08147(w 0.03333 d1 0.00096 d2 0.00076 f 0.02173) | val_rec=0.00760 val_sup=0.03012 [0.0413 0.0185 0.0453 0.0154] 7s
  ep 36 L=0.10246 rec=0.02002 sup=0.08244(w 0.03404 d1 0.00097 d2 0.00077 f 0.02236) | val_rec=0.00725 val_sup=0.03005 [0.0439 0.0167 0.0453 0.0143] S=0.927(enc1) 8s
  ep 37 L=0.09981 rec=0.01803 sup=0.08177(w 0.03351 d1 0.00097 d2 0.00077 f 0.02198) | val_rec=0.00596 val_sup=0.02884 [0.0404 0.0166 0.0445 0.0139] 7s
  ep 38 L=0.09861 rec=0.01754 sup=0.08108(w 0.03298 d1 0.00096 d2 0.00077 f 0.02148) | val_rec=0.00548 val_sup=0.02880 [0.0399 0.0166 0.0447 0.0140] S=0.929(enc1) 8s
  ep 39 L=0.09665 rec=0.01644 sup=0.08021(w 0.03248 d1 0.00095 d2 0.00076 f 0.02106) | val_rec=0.00512 val_sup=0.02869 [0.0391 0.0165 0.0452 0.0140] 7s
  ep 40 L=0.09852 rec=0.01781 sup=0.08070(w 0.03289 d1 0.00096 d2 0.00076 f 0.02141) | val_rec=0.00562 val_sup=0.02892 [0.0400 0.0170 0.0447 0.0140] S=0.928(enc1) 8s
  ep 41 L=0.09765 rec=0.01729 sup=0.08036(w 0.03257 d1 0.00096 d2 0.00076 f 0.02132) | val_rec=0.00569 val_sup=0.02855 [0.0388 0.0168 0.0446 0.0140] 7s
  ep 42 L=0.09690 rec=0.01667 sup=0.08023(w 0.03260 d1 0.00095 d2 0.00076 f 0.02122) | val_rec=0.00766 val_sup=0.02962 [0.0407 0.0176 0.0455 0.0147] S=0.927(enc1) 8s
  ep 43 L=0.09681 rec=0.01664 sup=0.08018(w 0.03233 d1 0.00096 d2 0.00076 f 0.02100) | val_rec=0.00581 val_sup=0.02864 [0.0390 0.0168 0.0449 0.0138] 7s
  ep 44 L=0.09917 rec=0.01855 sup=0.08063(w 0.03271 d1 0.00096 d2 0.00076 f 0.02165) | val_rec=0.00731 val_sup=0.02949 [0.0422 0.0169 0.0448 0.0140] S=0.933(enc1) 8s
  ep 45 L=0.09881 rec=0.01862 sup=0.08019(w 0.03276 d1 0.00095 d2 0.00076 f 0.02162) | val_rec=0.00721 val_sup=0.02929 [0.0396 0.0175 0.0456 0.0144] 7s
  ep 46 L=0.09578 rec=0.01609 sup=0.07969(w 0.03214 d1 0.00095 d2 0.00076 f 0.02089) | val_rec=0.00632 val_sup=0.02831 [0.0388 0.0163 0.0445 0.0137] S=0.935(enc1) 7s
  ep 47 L=0.09524 rec=0.01596 sup=0.07927(w 0.03190 d1 0.00095 d2 0.00076 f 0.02065) | val_rec=0.00522 val_sup=0.02817 [0.0378 0.0168 0.0445 0.0135] 7s
  ep 48 L=0.09405 rec=0.01519 sup=0.07886(w 0.03163 d1 0.00094 d2 0.00076 f 0.02039) | val_rec=0.00572 val_sup=0.02828 [0.0390 0.0164 0.0443 0.0133] S=0.934(enc1) 7s
  ep 49 L=0.09394 rec=0.01529 sup=0.07865(w 0.03151 d1 0.00094 d2 0.00076 f 0.02035) | val_rec=0.00700 val_sup=0.02888 [0.0405 0.0165 0.0448 0.0137] 7s
  ep 50 L=0.09596 rec=0.01684 sup=0.07912(w 0.03185 d1 0.00095 d2 0.00076 f 0.02083) | val_rec=0.00606 val_sup=0.02849 [0.0377 0.0171 0.0449 0.0142] S=0.935(enc1) 7s
  ep 51 L=0.09478 rec=0.01560 sup=0.07918(w 0.03180 d1 0.00095 d2 0.00076 f 0.02117) | val_rec=0.00541 val_sup=0.02817 [0.0380 0.0164 0.0447 0.0136] 7s
  ep 52 L=0.09167 rec=0.01387 sup=0.07780(w 0.03094 d1 0.00094 d2 0.00075 f 0.01986) | val_rec=0.00475 val_sup=0.02778 [0.0374 0.0162 0.0441 0.0133] S=0.935(enc1) 7s
  ep 53 L=0.09227 rec=0.01402 sup=0.07824(w 0.03104 d1 0.00094 d2 0.00076 f 0.02014) | val_rec=0.00487 val_sup=0.02789 [0.0373 0.0163 0.0444 0.0135] 7s
  ep 54 L=0.09169 rec=0.01391 sup=0.07778(w 0.03084 d1 0.00094 d2 0.00076 f 0.01983) | val_rec=0.00566 val_sup=0.02823 [0.0385 0.0164 0.0445 0.0135] S=0.937(enc1) 7s
  ep 55 L=0.09266 rec=0.01460 sup=0.07806(w 0.03095 d1 0.00094 d2 0.00076 f 0.02011) | val_rec=0.00529 val_sup=0.02775 [0.0369 0.0165 0.0443 0.0134] 7s
  ep 56 L=0.09203 rec=0.01419 sup=0.07784(w 0.03094 d1 0.00094 d2 0.00076 f 0.01998) | val_rec=0.00521 val_sup=0.02858 [0.0405 0.0162 0.0442 0.0134] S=0.936(enc1) 7s
  ep 57 L=0.09138 rec=0.01371 sup=0.07767(w 0.03079 d1 0.00094 d2 0.00075 f 0.01984) | val_rec=0.00612 val_sup=0.02803 [0.0385 0.0162 0.0442 0.0133] 7s
  ep 58 L=0.09169 rec=0.01400 sup=0.07769(w 0.03086 d1 0.00094 d2 0.00075 f 0.01995) | val_rec=0.00515 val_sup=0.02790 [0.0375 0.0164 0.0443 0.0134] S=0.935(enc1) 7s
  ep 59 L=0.09144 rec=0.01380 sup=0.07764(w 0.03081 d1 0.00094 d2 0.00076 f 0.01987) | val_rec=0.00484 val_sup=0.02809 [0.0386 0.0162 0.0442 0.0133] 7s
  ep 60 L=0.09214 rec=0.01401 sup=0.07813(w 0.03095 d1 0.00094 d2 0.00076 f 0.02011) | val_rec=0.00627 val_sup=0.02793 [0.0378 0.0162 0.0443 0.0134] S=0.936(enc1) 7s
  ep 61 L=0.09190 rec=0.01410 sup=0.07780(w 0.03079 d1 0.00094 d2 0.00076 f 0.01988) | val_rec=0.00475 val_sup=0.02799 [0.0383 0.0162 0.0442 0.0134] 7s
  ep 62 L=0.09160 rec=0.01373 sup=0.07787(w 0.03081 d1 0.00094 d2 0.00076 f 0.01981) | val_rec=0.00483 val_sup=0.02820 [0.0387 0.0164 0.0443 0.0134] S=0.936(enc1) 7s
  ep 63 L=0.09171 rec=0.01393 sup=0.07778(w 0.03084 d1 0.00094 d2 0.00076 f 0.01987) | val_rec=0.00733 val_sup=0.02847 [0.0402 0.0163 0.0441 0.0133] 7s
  ep 64 L=0.09173 rec=0.01379 sup=0.07794(w 0.03080 d1 0.00094 d2 0.00076 f 0.01993) | val_rec=0.00621 val_sup=0.02794 [0.0379 0.0162 0.0443 0.0134] S=0.935(enc1) 8s
  ep 65 L=0.09172 rec=0.01383 sup=0.07788(w 0.03071 d1 0.00094 d2 0.00076 f 0.01977) | val_rec=0.00499 val_sup=0.02789 [0.0374 0.0164 0.0444 0.0135] 7s
  ep 66 L=0.09142 rec=0.01371 sup=0.07772(w 0.03074 d1 0.00094 d2 0.00076 f 0.01978) | val_rec=0.00463 val_sup=0.02769 [0.0369 0.0162 0.0442 0.0134] S=0.936(enc1) 7s
  ep 67 L=0.09131 rec=0.01379 sup=0.07752(w 0.03071 d1 0.00094 d2 0.00075 f 0.01979) | val_rec=0.00716 val_sup=0.02793 [0.0381 0.0162 0.0442 0.0132] 7s
  ep 68 L=0.09180 rec=0.01395 sup=0.07784(w 0.03083 d1 0.00094 d2 0.00076 f 0.02003) | val_rec=0.00521 val_sup=0.02806 [0.0386 0.0163 0.0441 0.0133] S=0.935(enc1) 7s
  ep 69 L=0.09182 rec=0.01391 sup=0.07790(w 0.03082 d1 0.00094 d2 0.00076 f 0.01992) | val_rec=0.00476 val_sup=0.02819 [0.0387 0.0164 0.0443 0.0134] 7s
  ep 70 L=0.09159 rec=0.01390 sup=0.07769(w 0.03074 d1 0.00094 d2 0.00076 f 0.01976) | val_rec=0.00653 val_sup=0.02793 [0.0373 0.0165 0.0444 0.0135] S=0.936(enc1) 7s
  ep 71 L=0.09100 rec=0.01361 sup=0.07740(w 0.03059 d1 0.00094 d2 0.00076 f 0.01970) | val_rec=0.00487 val_sup=0.02799 [0.0382 0.0162 0.0443 0.0133] 7s
  ep 72 L=0.09107 rec=0.01356 sup=0.07750(w 0.03061 d1 0.00094 d2 0.00076 f 0.01973) | val_rec=0.00478 val_sup=0.02838 [0.0394 0.0164 0.0443 0.0134] S=0.936(enc1) 7s
  ep 73 L=0.09095 rec=0.01362 sup=0.07733(w 0.03056 d1 0.00094 d2 0.00076 f 0.01972) | val_rec=0.00445 val_sup=0.02760 [0.0363 0.0164 0.0443 0.0134] 7s
  ep 74 L=0.09182 rec=0.01413 sup=0.07770(w 0.03079 d1 0.00094 d2 0.00076 f 0.01986) | val_rec=0.00710 val_sup=0.02884 [0.0418 0.0161 0.0442 0.0133] S=0.936(enc1) 7s
  ep 75 L=0.09131 rec=0.01389 sup=0.07742(w 0.03065 d1 0.00094 d2 0.00075 f 0.01974) | val_rec=0.00527 val_sup=0.02777 [0.0370 0.0165 0.0443 0.0133] 7s
  ep 76 L=0.09129 rec=0.01372 sup=0.07757(w 0.03065 d1 0.00094 d2 0.00076 f 0.01987) | val_rec=0.00567 val_sup=0.02781 [0.0374 0.0163 0.0443 0.0133] S=0.935(enc1) 7s
  ep 77 L=0.09213 rec=0.01444 sup=0.07769(w 0.03077 d1 0.00094 d2 0.00076 f 0.01972) | val_rec=0.00589 val_sup=0.02811 [0.0388 0.0161 0.0442 0.0133] 7s
  ep 78 L=0.09180 rec=0.01424 sup=0.07756(w 0.03068 d1 0.00094 d2 0.00076 f 0.01981) | val_rec=0.00644 val_sup=0.02820 [0.0389 0.0163 0.0444 0.0133] S=0.934(enc1) 7s
  ep 79 L=0.09114 rec=0.01361 sup=0.07752(w 0.03062 d1 0.00094 d2 0.00076 f 0.01986) | val_rec=0.00458 val_sup=0.02783 [0.0371 0.0165 0.0443 0.0134] 7s
  ep 80 L=0.09072 rec=0.01349 sup=0.07723(w 0.03049 d1 0.00093 d2 0.00075 f 0.01965) | val_rec=0.00470 val_sup=0.02797 [0.0382 0.0162 0.0442 0.0132] S=0.937(enc1) 7s
  ep 81 L=0.09191 rec=0.01422 sup=0.07769(w 0.03077 d1 0.00094 d2 0.00076 f 0.01987) | val_rec=0.00485 val_sup=0.02745 [0.0354 0.0165 0.0444 0.0135] 7s
  ep 82 L=0.09131 rec=0.01373 sup=0.07758(w 0.03065 d1 0.00094 d2 0.00076 f 0.01978) | val_rec=0.00579 val_sup=0.02818 [0.0391 0.0161 0.0443 0.0132] S=0.937(enc1) 7s
  ep 83 L=0.09058 rec=0.01339 sup=0.07719(w 0.03044 d1 0.00094 d2 0.00075 f 0.01954) | val_rec=0.00518 val_sup=0.02803 [0.0378 0.0164 0.0446 0.0133] 7s
  ep 84 L=0.09130 rec=0.01378 sup=0.07752(w 0.03073 d1 0.00094 d2 0.00076 f 0.01976) | val_rec=0.00594 val_sup=0.02784 [0.0374 0.0163 0.0443 0.0134] S=0.937(enc1) 7s
  ep 85 L=0.09105 rec=0.01373 sup=0.07732(w 0.03053 d1 0.00094 d2 0.00076 f 0.01963) | val_rec=0.00491 val_sup=0.02797 [0.0381 0.0162 0.0442 0.0133] 7s
  ep 86 L=0.09060 rec=0.01347 sup=0.07713(w 0.03042 d1 0.00093 d2 0.00075 f 0.01962) | val_rec=0.00481 val_sup=0.02764 [0.0366 0.0164 0.0444 0.0132] S=0.937(enc1) 7s
  ep 87 L=0.09117 rec=0.01366 sup=0.07751(w 0.03061 d1 0.00094 d2 0.00076 f 0.01984) | val_rec=0.00547 val_sup=0.02800 [0.0379 0.0161 0.0445 0.0135] 7s
  ep 88 L=0.09113 rec=0.01387 sup=0.07726(w 0.03052 d1 0.00093 d2 0.00076 f 0.01954) | val_rec=0.00565 val_sup=0.02771 [0.0373 0.0162 0.0441 0.0132] S=0.937(enc1) 7s
  ep 89 L=0.09110 rec=0.01374 sup=0.07736(w 0.03053 d1 0.00094 d2 0.00076 f 0.01972) | val_rec=0.00516 val_sup=0.02762 [0.0362 0.0165 0.0443 0.0134] 7s
  ep 90 L=0.09049 rec=0.01333 sup=0.07716(w 0.03042 d1 0.00093 d2 0.00076 f 0.01960) | val_rec=0.00486 val_sup=0.02783 [0.0376 0.0163 0.0442 0.0133] S=0.937(enc1) 7s
  ep 91 L=0.09077 rec=0.01357 sup=0.07720(w 0.03043 d1 0.00094 d2 0.00076 f 0.01963) | val_rec=0.00590 val_sup=0.02798 [0.0377 0.0165 0.0444 0.0134] 7s
  ep 92 L=0.09045 rec=0.01354 sup=0.07692(w 0.03035 d1 0.00093 d2 0.00075 f 0.01954) | val_rec=0.00467 val_sup=0.02767 [0.0369 0.0163 0.0441 0.0133] S=0.937(enc1) 7s
  ep 93 L=0.09080 rec=0.01363 sup=0.07717(w 0.03042 d1 0.00094 d2 0.00076 f 0.01966) | val_rec=0.00531 val_sup=0.02757 [0.0362 0.0163 0.0443 0.0134] 7s
  ep 94 L=0.09082 rec=0.01379 sup=0.07703(w 0.03038 d1 0.00093 d2 0.00075 f 0.01946) | val_rec=0.00476 val_sup=0.02759 [0.0363 0.0165 0.0444 0.0132] S=0.938(enc1) 7s
  ep 95 L=0.09071 rec=0.01369 sup=0.07703(w 0.03039 d1 0.00093 d2 0.00075 f 0.01963) | val_rec=0.00458 val_sup=0.02753 [0.0364 0.0162 0.0443 0.0132] 7s
  ep 96 L=0.09124 rec=0.01380 sup=0.07745(w 0.03046 d1 0.00094 d2 0.00076 f 0.01973) | val_rec=0.00460 val_sup=0.02800 [0.0379 0.0163 0.0445 0.0133] S=0.938(enc1) 7s
  ep 97 L=0.09073 rec=0.01361 sup=0.07712(w 0.03042 d1 0.00093 d2 0.00076 f 0.01954) | val_rec=0.00500 val_sup=0.02798 [0.0377 0.0164 0.0444 0.0135] 7s
  ep 98 L=0.09098 rec=0.01367 sup=0.07730(w 0.03052 d1 0.00094 d2 0.00076 f 0.01956) | val_rec=0.00489 val_sup=0.02773 [0.0373 0.0162 0.0441 0.0132] S=0.936(enc1) 7s
  ep 99 L=0.09047 rec=0.01346 sup=0.07701(w 0.03035 d1 0.00093 d2 0.00075 f 0.01958) | val_rec=0.00482 val_sup=0.02806 [0.0385 0.0163 0.0442 0.0133] 7s
  ep100 L=0.09115 rec=0.01383 sup=0.07732(w 0.03055 d1 0.00094 d2 0.00076 f 0.01976) | val_rec=0.00580 val_sup=0.02782 [0.0370 0.0165 0.0445 0.0133] S=0.937(enc1) 7s
  ep101 L=0.09002 rec=0.01334 sup=0.07668(w 0.03015 d1 0.00093 d2 0.00075 f 0.01952) | val_rec=0.00520 val_sup=0.02798 [0.0381 0.0163 0.0443 0.0132] 7s
  ep102 L=0.09065 rec=0.01329 sup=0.07736(w 0.03049 d1 0.00094 d2 0.00076 f 0.01967) | val_rec=0.00437 val_sup=0.02739 [0.0354 0.0165 0.0443 0.0134] S=0.937(enc1) 7s
  ep103 L=0.09035 rec=0.01343 sup=0.07693(w 0.03021 d1 0.00093 d2 0.00076 f 0.01943) | val_rec=0.00510 val_sup=0.02750 [0.0362 0.0164 0.0442 0.0132] 7s
  ep104 L=0.09020 rec=0.01316 sup=0.07705(w 0.03025 d1 0.00094 d2 0.00076 f 0.01947) | val_rec=0.00450 val_sup=0.02734 [0.0355 0.0163 0.0442 0.0133] S=0.937(enc1) 7s
  ep105 L=0.08995 rec=0.01318 sup=0.07677(w 0.03014 d1 0.00093 d2 0.00075 f 0.01939) | val_rec=0.00532 val_sup=0.02761 [0.0368 0.0163 0.0442 0.0132] 7s
  ep106 L=0.09046 rec=0.01339 sup=0.07707(w 0.03032 d1 0.00094 d2 0.00076 f 0.01958) | val_rec=0.00498 val_sup=0.02751 [0.0362 0.0163 0.0442 0.0133] S=0.936(enc1) 7s
  ep107 L=0.09042 rec=0.01347 sup=0.07695(w 0.03023 d1 0.00093 d2 0.00076 f 0.01946) | val_rec=0.00607 val_sup=0.02818 [0.0391 0.0163 0.0442 0.0131] 7s
  ep108 L=0.09036 rec=0.01325 sup=0.07711(w 0.03021 d1 0.00094 d2 0.00076 f 0.01946) | val_rec=0.00495 val_sup=0.02744 [0.0357 0.0165 0.0443 0.0132] S=0.936(enc1) 7s
  ep109 L=0.08989 rec=0.01313 sup=0.07677(w 0.03017 d1 0.00093 d2 0.00075 f 0.01941) | val_rec=0.00452 val_sup=0.02734 [0.0354 0.0165 0.0442 0.0133] 7s
  ep110 L=0.09059 rec=0.01321 sup=0.07738(w 0.03032 d1 0.00094 d2 0.00076 f 0.01948) | val_rec=0.00473 val_sup=0.02752 [0.0361 0.0163 0.0444 0.0133] S=0.938(enc1) 7s
  ep111 L=0.09000 rec=0.01326 sup=0.07674(w 0.03012 d1 0.00093 d2 0.00075 f 0.01937) | val_rec=0.00509 val_sup=0.02793 [0.0377 0.0163 0.0443 0.0133] 7s
  ep112 L=0.09022 rec=0.01323 sup=0.07699(w 0.03026 d1 0.00093 d2 0.00076 f 0.01955) | val_rec=0.00545 val_sup=0.02756 [0.0363 0.0164 0.0442 0.0133] S=0.937(enc1) 7s
  ep113 L=0.09031 rec=0.01323 sup=0.07708(w 0.03026 d1 0.00094 d2 0.00076 f 0.01941) | val_rec=0.00526 val_sup=0.02764 [0.0363 0.0164 0.0445 0.0133] 7s
  ep114 L=0.08999 rec=0.01315 sup=0.07684(w 0.03015 d1 0.00093 d2 0.00076 f 0.01937) | val_rec=0.00434 val_sup=0.02738 [0.0357 0.0163 0.0443 0.0132] S=0.937(enc1) 7s
  ep115 L=0.09039 rec=0.01331 sup=0.07708(w 0.03027 d1 0.00094 d2 0.00076 f 0.01955) | val_rec=0.00511 val_sup=0.02758 [0.0365 0.0162 0.0443 0.0133] 7s
  ep116 L=0.09025 rec=0.01329 sup=0.07696(w 0.03021 d1 0.00093 d2 0.00076 f 0.01938) | val_rec=0.00482 val_sup=0.02761 [0.0369 0.0163 0.0441 0.0131] S=0.937(enc1) 7s
  ep117 L=0.09029 rec=0.01343 sup=0.07686(w 0.03019 d1 0.00093 d2 0.00076 f 0.01944) | val_rec=0.00422 val_sup=0.02737 [0.0357 0.0163 0.0442 0.0133] 7s
  ep118 L=0.09011 rec=0.01325 sup=0.07687(w 0.03017 d1 0.00093 d2 0.00076 f 0.01949) | val_rec=0.00482 val_sup=0.02802 [0.0385 0.0161 0.0443 0.0132] S=0.937(enc1) 7s
  ep119 L=0.08984 rec=0.01312 sup=0.07673(w 0.03010 d1 0.00093 d2 0.00075 f 0.01929) | val_rec=0.00446 val_sup=0.02759 [0.0369 0.0162 0.0441 0.0132] 7s
  ep120 L=0.09010 rec=0.01318 sup=0.07692(w 0.03020 d1 0.00093 d2 0.00076 f 0.01949) | val_rec=0.00458 val_sup=0.02733 [0.0356 0.0163 0.0441 0.0133] S=0.936(enc1) 7s
  ep121 L=0.08975 rec=0.01314 sup=0.07661(w 0.03007 d1 0.00093 d2 0.00075 f 0.01925) | val_rec=0.00424 val_sup=0.02774 [0.0373 0.0163 0.0442 0.0132] 7s
  ep122 L=0.09076 rec=0.01351 sup=0.07724(w 0.03032 d1 0.00094 d2 0.00076 f 0.01961) | val_rec=0.00653 val_sup=0.02781 [0.0365 0.0165 0.0448 0.0134] S=0.937(enc1) 7s
  ep123 L=0.08986 rec=0.01315 sup=0.07671(w 0.03012 d1 0.00093 d2 0.00075 f 0.01929) | val_rec=0.00481 val_sup=0.02809 [0.0384 0.0164 0.0442 0.0134] 7s
  ep124 L=0.09017 rec=0.01325 sup=0.07693(w 0.03019 d1 0.00093 d2 0.00076 f 0.01953) | val_rec=0.00481 val_sup=0.02746 [0.0363 0.0162 0.0442 0.0131] S=0.937(enc1) 7s
  ep125 L=0.08974 rec=0.01310 sup=0.07665(w 0.03006 d1 0.00093 d2 0.00075 f 0.01923) | val_rec=0.00541 val_sup=0.02769 [0.0367 0.0165 0.0444 0.0132] 7s
  ep126 L=0.09007 rec=0.01325 sup=0.07682(w 0.03022 d1 0.00093 d2 0.00075 f 0.01945) | val_rec=0.00567 val_sup=0.02786 [0.0374 0.0165 0.0443 0.0133] S=0.936(enc1) 7s
  ep127 L=0.08975 rec=0.01311 sup=0.07664(w 0.03012 d1 0.00093 d2 0.00075 f 0.01942) | val_rec=0.00453 val_sup=0.02777 [0.0374 0.0163 0.0442 0.0132] 7s
  ep128 L=0.08987 rec=0.01324 sup=0.07663(w 0.03018 d1 0.00093 d2 0.00075 f 0.01940) | val_rec=0.00528 val_sup=0.02799 [0.0384 0.0163 0.0441 0.0132] S=0.937(enc1) 7s
  ep129 L=0.08990 rec=0.01306 sup=0.07683(w 0.03012 d1 0.00093 d2 0.00076 f 0.01940) | val_rec=0.00428 val_sup=0.02734 [0.0354 0.0164 0.0443 0.0133] 7s
  ep130 L=0.09046 rec=0.01333 sup=0.07713(w 0.03038 d1 0.00094 d2 0.00076 f 0.01959) | val_rec=0.00607 val_sup=0.02781 [0.0374 0.0162 0.0442 0.0134] S=0.937(enc1) 7s
  ep131 L=0.09059 rec=0.01333 sup=0.07726(w 0.03035 d1 0.00094 d2 0.00076 f 0.01959) | val_rec=0.00514 val_sup=0.02768 [0.0366 0.0164 0.0443 0.0133] 7s
  ep132 L=0.09020 rec=0.01342 sup=0.07678(w 0.03021 d1 0.00093 d2 0.00075 f 0.01937) | val_rec=0.00472 val_sup=0.02774 [0.0370 0.0163 0.0443 0.0132] S=0.937(enc1) 7s
  ep133 L=0.09006 rec=0.01327 sup=0.07679(w 0.03018 d1 0.00093 d2 0.00075 f 0.01944) | val_rec=0.00420 val_sup=0.02760 [0.0366 0.0164 0.0442 0.0132] 7s
  ep134 L=0.09011 rec=0.01317 sup=0.07694(w 0.03026 d1 0.00093 d2 0.00076 f 0.01943) | val_rec=0.00446 val_sup=0.02769 [0.0371 0.0162 0.0443 0.0132] S=0.937(enc1) 7s
  ep135 L=0.08997 rec=0.01329 sup=0.07668(w 0.03006 d1 0.00093 d2 0.00075 f 0.01936) | val_rec=0.00498 val_sup=0.02767 [0.0366 0.0165 0.0443 0.0133] 7s
  ep136 L=0.08999 rec=0.01328 sup=0.07672(w 0.03012 d1 0.00093 d2 0.00075 f 0.01932) | val_rec=0.00481 val_sup=0.02776 [0.0375 0.0162 0.0441 0.0132] S=0.937(enc1) 7s
  ep137 L=0.08982 rec=0.01316 sup=0.07666(w 0.03009 d1 0.00093 d2 0.00075 f 0.01933) | val_rec=0.00620 val_sup=0.02759 [0.0369 0.0161 0.0441 0.0132] 7s
  ep138 L=0.09007 rec=0.01320 sup=0.07687(w 0.03019 d1 0.00093 d2 0.00076 f 0.01942) | val_rec=0.00588 val_sup=0.02791 [0.0373 0.0166 0.0444 0.0133] S=0.937(enc1) 7s
  ep139 L=0.08999 rec=0.01321 sup=0.07679(w 0.03018 d1 0.00093 d2 0.00075 f 0.01934) | val_rec=0.00462 val_sup=0.02822 [0.0389 0.0163 0.0444 0.0133] 7s
  ep140 L=0.08983 rec=0.01315 sup=0.07668(w 0.03012 d1 0.00093 d2 0.00075 f 0.01944) | val_rec=0.00476 val_sup=0.02792 [0.0382 0.0162 0.0441 0.0131] S=0.937(enc1) 7s
  ep141 L=0.09008 rec=0.01315 sup=0.07692(w 0.03020 d1 0.00093 d2 0.00076 f 0.01942) | val_rec=0.00468 val_sup=0.02743 [0.0362 0.0162 0.0442 0.0132] 7s
  ep142 L=0.08974 rec=0.01312 sup=0.07662(w 0.03011 d1 0.00093 d2 0.00075 f 0.01938) | val_rec=0.00477 val_sup=0.02751 [0.0365 0.0162 0.0441 0.0132] S=0.936(enc1) 7s
  ep143 L=0.09041 rec=0.01358 sup=0.07683(w 0.03022 d1 0.00093 d2 0.00075 f 0.01947) | val_rec=0.00630 val_sup=0.02790 [0.0375 0.0165 0.0443 0.0133] 7s
  ep144 L=0.08990 rec=0.01323 sup=0.07666(w 0.03017 d1 0.00093 d2 0.00075 f 0.01940) | val_rec=0.00481 val_sup=0.02752 [0.0367 0.0162 0.0441 0.0131] S=0.937(enc1) 7s
  ep145 L=0.09069 rec=0.01360 sup=0.07709(w 0.03031 d1 0.00094 d2 0.00076 f 0.01959) | val_rec=0.00941 val_sup=0.02848 [0.0406 0.0160 0.0442 0.0131] 7s
  ep146 L=0.09027 rec=0.01347 sup=0.07680(w 0.03015 d1 0.00093 d2 0.00076 f 0.01937) | val_rec=0.00453 val_sup=0.02774 [0.0371 0.0164 0.0443 0.0132] S=0.938(enc1) 7s
  ep147 L=0.09002 rec=0.01319 sup=0.07682(w 0.03017 d1 0.00093 d2 0.00075 f 0.01949) | val_rec=0.00432 val_sup=0.02738 [0.0356 0.0163 0.0443 0.0133] 7s
  ep148 L=0.09010 rec=0.01324 sup=0.07686(w 0.03021 d1 0.00093 d2 0.00076 f 0.01937) | val_rec=0.00490 val_sup=0.02762 [0.0365 0.0164 0.0443 0.0132] S=0.937(enc1) 7s
  ep149 L=0.09014 rec=0.01336 sup=0.07678(w 0.03022 d1 0.00093 d2 0.00075 f 0.01944) | val_rec=0.00421 val_sup=0.02736 [0.0358 0.0162 0.0442 0.0132] 7s
  ep150 L=0.09083 rec=0.01335 sup=0.07749(w 0.03028 d1 0.00094 d2 0.00076 f 0.01959) | val_rec=0.00543 val_sup=0.02767 [0.0365 0.0163 0.0445 0.0134] S=0.938(enc1) 7s
  ep151 L=0.09045 rec=0.01345 sup=0.07700(w 0.03030 d1 0.00093 d2 0.00076 f 0.01952) | val_rec=0.00495 val_sup=0.02735 [0.0359 0.0162 0.0441 0.0131] 7s
  ep152 L=0.09011 rec=0.01321 sup=0.07690(w 0.03020 d1 0.00093 d2 0.00076 f 0.01944) | val_rec=0.00491 val_sup=0.02767 [0.0371 0.0162 0.0443 0.0131] S=0.938(enc1) 7s
  ep153 L=0.09044 rec=0.01340 sup=0.07704(w 0.03024 d1 0.00094 d2 0.00076 f 0.01946) | val_rec=0.00475 val_sup=0.02758 [0.0364 0.0162 0.0444 0.0133] 7s
  ep154 L=0.09045 rec=0.01328 sup=0.07717(w 0.03027 d1 0.00094 d2 0.00076 f 0.01947) | val_rec=0.00490 val_sup=0.02747 [0.0359 0.0163 0.0444 0.0133] S=0.936(enc1) 7s
  ep155 L=0.09039 rec=0.01322 sup=0.07718(w 0.03019 d1 0.00094 d2 0.00076 f 0.01941) | val_rec=0.00491 val_sup=0.02755 [0.0364 0.0163 0.0444 0.0132] 7s
  ep156 L=0.08964 rec=0.01310 sup=0.07654(w 0.03008 d1 0.00093 d2 0.00075 f 0.01932) | val_rec=0.00673 val_sup=0.02787 [0.0381 0.0161 0.0440 0.0132] S=0.937(enc1) 7s
  ep157 L=0.09004 rec=0.01321 sup=0.07683(w 0.03017 d1 0.00093 d2 0.00076 f 0.01942) | val_rec=0.00564 val_sup=0.02821 [0.0387 0.0165 0.0444 0.0133] 7s
  ep158 L=0.09048 rec=0.01337 sup=0.07711(w 0.03025 d1 0.00094 d2 0.00076 f 0.01950) | val_rec=0.00467 val_sup=0.02743 [0.0359 0.0163 0.0444 0.0132] S=0.938(enc1) 7s
  ep159 L=0.08955 rec=0.01300 sup=0.07655(w 0.03005 d1 0.00093 d2 0.00075 f 0.01931) | val_rec=0.00519 val_sup=0.02762 [0.0367 0.0163 0.0442 0.0132] 7s
  ep160 L=0.09008 rec=0.01319 sup=0.07690(w 0.03025 d1 0.00093 d2 0.00076 f 0.01945) | val_rec=0.00636 val_sup=0.02778 [0.0376 0.0162 0.0442 0.0132] S=0.937(enc1) 7s
  ep161 L=0.08985 rec=0.01316 sup=0.07669(w 0.03010 d1 0.00093 d2 0.00075 f 0.01937) | val_rec=0.00432 val_sup=0.02744 [0.0361 0.0163 0.0442 0.0132] 7s
  ep162 L=0.08984 rec=0.01302 sup=0.07681(w 0.03018 d1 0.00093 d2 0.00076 f 0.01938) | val_rec=0.00515 val_sup=0.02754 [0.0365 0.0162 0.0442 0.0133] S=0.937(enc1) 7s
  ep163 L=0.08977 rec=0.01304 sup=0.07674(w 0.03009 d1 0.00093 d2 0.00076 f 0.01933) | val_rec=0.00482 val_sup=0.02748 [0.0359 0.0165 0.0442 0.0132] 7s
  ep164 L=0.08969 rec=0.01295 sup=0.07673(w 0.03010 d1 0.00093 d2 0.00075 f 0.01934) | val_rec=0.00463 val_sup=0.02732 [0.0354 0.0164 0.0443 0.0132] S=0.937(enc1) 7s
  ep165 L=0.09002 rec=0.01331 sup=0.07671(w 0.03015 d1 0.00093 d2 0.00075 f 0.01939) | val_rec=0.00522 val_sup=0.02790 [0.0376 0.0164 0.0444 0.0132] 7s
  ep166 L=0.09029 rec=0.01344 sup=0.07686(w 0.03018 d1 0.00093 d2 0.00076 f 0.01945) | val_rec=0.00515 val_sup=0.02754 [0.0360 0.0165 0.0443 0.0133] S=0.937(enc1) 7s
  ep167 L=0.09017 rec=0.01328 sup=0.07689(w 0.03015 d1 0.00093 d2 0.00076 f 0.01942) | val_rec=0.00684 val_sup=0.02780 [0.0379 0.0161 0.0440 0.0132] 7s
  ep168 L=0.09016 rec=0.01325 sup=0.07692(w 0.03014 d1 0.00094 d2 0.00076 f 0.01939) | val_rec=0.00441 val_sup=0.02739 [0.0359 0.0162 0.0443 0.0132] S=0.937(enc1) 7s
  ep169 L=0.09022 rec=0.01329 sup=0.07693(w 0.03020 d1 0.00093 d2 0.00076 f 0.01945) | val_rec=0.00524 val_sup=0.02759 [0.0366 0.0163 0.0443 0.0132] 7s
  ep170 L=0.09003 rec=0.01335 sup=0.07668(w 0.03010 d1 0.00093 d2 0.00075 f 0.01937) | val_rec=0.00595 val_sup=0.02819 [0.0391 0.0163 0.0442 0.0133] S=0.937(enc1) 7s
  ep171 L=0.08985 rec=0.01304 sup=0.07681(w 0.03016 d1 0.00093 d2 0.00076 f 0.01943) | val_rec=0.00442 val_sup=0.02741 [0.0359 0.0163 0.0443 0.0132] 7s
  ep172 L=0.08997 rec=0.01305 sup=0.07691(w 0.03013 d1 0.00094 d2 0.00076 f 0.01936) | val_rec=0.00489 val_sup=0.02760 [0.0367 0.0162 0.0443 0.0132] S=0.938(enc1) 7s
  ep173 L=0.08992 rec=0.01318 sup=0.07674(w 0.03012 d1 0.00093 d2 0.00075 f 0.01934) | val_rec=0.00475 val_sup=0.02770 [0.0371 0.0162 0.0443 0.0132] 7s
  ep174 L=0.09023 rec=0.01332 sup=0.07691(w 0.03024 d1 0.00093 d2 0.00076 f 0.01949) | val_rec=0.00423 val_sup=0.02740 [0.0356 0.0164 0.0443 0.0133] S=0.938(enc1) 7s
  ep175 L=0.09056 rec=0.01341 sup=0.07715(w 0.03024 d1 0.00094 d2 0.00076 f 0.01951) | val_rec=0.00545 val_sup=0.02745 [0.0360 0.0162 0.0443 0.0133] 7s
  ep176 L=0.08955 rec=0.01306 sup=0.07648(w 0.03000 d1 0.00093 d2 0.00075 f 0.01925) | val_rec=0.00513 val_sup=0.02746 [0.0360 0.0164 0.0442 0.0132] S=0.937(enc1) 7s
  ep177 L=0.08982 rec=0.01321 sup=0.07662(w 0.03015 d1 0.00093 d2 0.00075 f 0.01942) | val_rec=0.00442 val_sup=0.02793 [0.0381 0.0162 0.0442 0.0132] 7s
  ep178 L=0.09038 rec=0.01350 sup=0.07688(w 0.03021 d1 0.00093 d2 0.00076 f 0.01946) | val_rec=0.00561 val_sup=0.02792 [0.0382 0.0161 0.0441 0.0132] S=0.938(enc1) 7s
  ep179 L=0.08971 rec=0.01316 sup=0.07655(w 0.03008 d1 0.00093 d2 0.00075 f 0.01933) | val_rec=0.00486 val_sup=0.02774 [0.0369 0.0165 0.0443 0.0133] 7s
  ep180 L=0.09022 rec=0.01324 sup=0.07698(w 0.03021 d1 0.00094 d2 0.00076 f 0.01944) | val_rec=0.00465 val_sup=0.02809 [0.0386 0.0163 0.0442 0.0132] S=0.938(enc1) 7s
  ep181 L=0.08990 rec=0.01321 sup=0.07670(w 0.03016 d1 0.00093 d2 0.00075 f 0.01946) | val_rec=0.00541 val_sup=0.02757 [0.0364 0.0164 0.0442 0.0133] 7s
  ep182 L=0.08983 rec=0.01324 sup=0.07659(w 0.03009 d1 0.00093 d2 0.00075 f 0.01936) | val_rec=0.00458 val_sup=0.02770 [0.0372 0.0163 0.0442 0.0132] S=0.937(enc1) 7s
  ep183 L=0.09006 rec=0.01315 sup=0.07691(w 0.03020 d1 0.00093 d2 0.00076 f 0.01942) | val_rec=0.00582 val_sup=0.02771 [0.0366 0.0165 0.0445 0.0133] 7s
  ep184 L=0.09034 rec=0.01333 sup=0.07701(w 0.03024 d1 0.00094 d2 0.00076 f 0.01952) | val_rec=0.00451 val_sup=0.02739 [0.0357 0.0162 0.0444 0.0132] S=0.937(enc1) 7s
  ep185 L=0.08989 rec=0.01316 sup=0.07673(w 0.03014 d1 0.00093 d2 0.00075 f 0.01939) | val_rec=0.00496 val_sup=0.02760 [0.0369 0.0162 0.0441 0.0132] 7s
  ep186 L=0.09036 rec=0.01332 sup=0.07703(w 0.03021 d1 0.00094 d2 0.00076 f 0.01944) | val_rec=0.00480 val_sup=0.02737 [0.0355 0.0164 0.0443 0.0133] S=0.937(enc1) 7s
  ep187 L=0.08984 rec=0.01304 sup=0.07681(w 0.03012 d1 0.00093 d2 0.00076 f 0.01937) | val_rec=0.00427 val_sup=0.02756 [0.0365 0.0163 0.0443 0.0132] 7s
  ep188 L=0.09083 rec=0.01360 sup=0.07723(w 0.03029 d1 0.00094 d2 0.00076 f 0.01952) | val_rec=0.00518 val_sup=0.02751 [0.0360 0.0163 0.0444 0.0133] S=0.938(enc1) 7s
  ep189 L=0.08999 rec=0.01309 sup=0.07690(w 0.03018 d1 0.00093 d2 0.00076 f 0.01941) | val_rec=0.00625 val_sup=0.02799 [0.0375 0.0164 0.0447 0.0134] 7s
  ep190 L=0.09074 rec=0.01351 sup=0.07723(w 0.03033 d1 0.00094 d2 0.00076 f 0.01955) | val_rec=0.00644 val_sup=0.02762 [0.0365 0.0163 0.0443 0.0134] S=0.936(enc1) 7s
  ep191 L=0.09011 rec=0.01321 sup=0.07691(w 0.03023 d1 0.00093 d2 0.00076 f 0.01941) | val_rec=0.00443 val_sup=0.02747 [0.0364 0.0162 0.0442 0.0131] 7s
  ep192 L=0.09009 rec=0.01324 sup=0.07684(w 0.03014 d1 0.00093 d2 0.00076 f 0.01936) | val_rec=0.01006 val_sup=0.02859 [0.0410 0.0162 0.0440 0.0132] S=0.936(enc1) 7s
  ep193 L=0.08973 rec=0.01329 sup=0.07643(w 0.03008 d1 0.00093 d2 0.00075 f 0.01938) | val_rec=0.00714 val_sup=0.02896 [0.0422 0.0162 0.0441 0.0133] 7s
  ep194 L=0.09002 rec=0.01327 sup=0.07675(w 0.03012 d1 0.00093 d2 0.00075 f 0.01941) | val_rec=0.00475 val_sup=0.02734 [0.0359 0.0162 0.0441 0.0131] S=0.936(enc1) 7s
  ep195 L=0.08995 rec=0.01322 sup=0.07672(w 0.03010 d1 0.00093 d2 0.00075 f 0.01936) | val_rec=0.00435 val_sup=0.02739 [0.0357 0.0164 0.0442 0.0132] 7s
  ep196 L=0.09019 rec=0.01322 sup=0.07697(w 0.03018 d1 0.00094 d2 0.00076 f 0.01940) | val_rec=0.00427 val_sup=0.02729 [0.0354 0.0162 0.0442 0.0133] S=0.937(enc1) 7s
  ep197 L=0.09015 rec=0.01323 sup=0.07691(w 0.03012 d1 0.00094 d2 0.00076 f 0.01938) | val_rec=0.00490 val_sup=0.02742 [0.0360 0.0163 0.0442 0.0131] 7s
  ep198 L=0.08985 rec=0.01312 sup=0.07673(w 0.03007 d1 0.00093 d2 0.00075 f 0.01932) | val_rec=0.00500 val_sup=0.02729 [0.0356 0.0163 0.0441 0.0131] S=0.936(enc1) 7s
  ep199 L=0.09001 rec=0.01325 sup=0.07676(w 0.03011 d1 0.00093 d2 0.00076 f 0.01938) | val_rec=0.00471 val_sup=0.02755 [0.0362 0.0164 0.0444 0.0132] 7s
  ep200 L=0.09002 rec=0.01321 sup=0.07681(w 0.03013 d1 0.00093 d2 0.00076 f 0.01940) | val_rec=0.00427 val_sup=0.02745 [0.0361 0.0163 0.0443 0.0132] S=0.937(enc1) 7s
  ep201 L=0.08980 rec=0.01313 sup=0.07667(w 0.03010 d1 0.00093 d2 0.00075 f 0.01935) | val_rec=0.00451 val_sup=0.02744 [0.0362 0.0162 0.0441 0.0132] 7s
  ep202 L=0.08992 rec=0.01321 sup=0.07671(w 0.03016 d1 0.00093 d2 0.00075 f 0.01940) | val_rec=0.00445 val_sup=0.02731 [0.0354 0.0164 0.0443 0.0132] S=0.937(enc1) 7s
  ep203 L=0.08964 rec=0.01302 sup=0.07662(w 0.03009 d1 0.00093 d2 0.00075 f 0.01933) | val_rec=0.00576 val_sup=0.02793 [0.0376 0.0165 0.0443 0.0133] 7s
  ep204 L=0.08961 rec=0.01302 sup=0.07658(w 0.03006 d1 0.00093 d2 0.00075 f 0.01929) | val_rec=0.00446 val_sup=0.02754 [0.0364 0.0163 0.0443 0.0132] S=0.937(enc1) 7s
  ep205 L=0.08972 rec=0.01303 sup=0.07670(w 0.03013 d1 0.00093 d2 0.00075 f 0.01939) | val_rec=0.00493 val_sup=0.02760 [0.0363 0.0164 0.0443 0.0134] 7s
  ep206 L=0.08975 rec=0.01310 sup=0.07665(w 0.03010 d1 0.00093 d2 0.00075 f 0.01935) | val_rec=0.00489 val_sup=0.02794 [0.0380 0.0163 0.0443 0.0132] S=0.937(enc1) 7s
  ep207 L=0.09029 rec=0.01326 sup=0.07704(w 0.03027 d1 0.00094 d2 0.00076 f 0.01949) | val_rec=0.00591 val_sup=0.02767 [0.0362 0.0165 0.0444 0.0136] 7s
  ep208 L=0.09007 rec=0.01316 sup=0.07691(w 0.03024 d1 0.00093 d2 0.00076 f 0.01947) | val_rec=0.00480 val_sup=0.02787 [0.0375 0.0164 0.0443 0.0132] S=0.937(enc1) 7s
  ep209 L=0.08994 rec=0.01313 sup=0.07681(w 0.03018 d1 0.00093 d2 0.00075 f 0.01943) | val_rec=0.00445 val_sup=0.02735 [0.0358 0.0163 0.0442 0.0131] 7s
  ep210 L=0.09010 rec=0.01322 sup=0.07688(w 0.03020 d1 0.00093 d2 0.00076 f 0.01944) | val_rec=0.00461 val_sup=0.02745 [0.0363 0.0162 0.0441 0.0132] S=0.938(enc1) 7s
  ep211 L=0.09012 rec=0.01313 sup=0.07699(w 0.03021 d1 0.00094 d2 0.00076 f 0.01942) | val_rec=0.00419 val_sup=0.02750 [0.0361 0.0163 0.0443 0.0133] 7s
  ep212 L=0.08999 rec=0.01315 sup=0.07684(w 0.03016 d1 0.00093 d2 0.00076 f 0.01940) | val_rec=0.00431 val_sup=0.02744 [0.0359 0.0163 0.0442 0.0133] S=0.937(enc1) 7s
  ep213 L=0.09042 rec=0.01331 sup=0.07710(w 0.03025 d1 0.00094 d2 0.00076 f 0.01944) | val_rec=0.00567 val_sup=0.02770 [0.0372 0.0161 0.0443 0.0132] 7s
  ep214 L=0.09010 rec=0.01318 sup=0.07692(w 0.03014 d1 0.00094 d2 0.00076 f 0.01939) | val_rec=0.00469 val_sup=0.02737 [0.0358 0.0163 0.0442 0.0132] S=0.937(enc1) 7s
  ep215 L=0.08970 rec=0.01306 sup=0.07664(w 0.03006 d1 0.00093 d2 0.00075 f 0.01931) | val_rec=0.00515 val_sup=0.02739 [0.0358 0.0163 0.0443 0.0132] 7s
  ep216 L=0.08996 rec=0.01316 sup=0.07680(w 0.03018 d1 0.00093 d2 0.00075 f 0.01942) | val_rec=0.00439 val_sup=0.02745 [0.0360 0.0163 0.0442 0.0132] S=0.938(enc1) 7s
  ep217 L=0.08995 rec=0.01322 sup=0.07673(w 0.03018 d1 0.00093 d2 0.00075 f 0.01943) | val_rec=0.00488 val_sup=0.02781 [0.0372 0.0164 0.0443 0.0134] 7s
  ep218 L=0.08974 rec=0.01306 sup=0.07668(w 0.03013 d1 0.00093 d2 0.00075 f 0.01936) | val_rec=0.00422 val_sup=0.02756 [0.0367 0.0163 0.0441 0.0132] S=0.937(enc1) 7s
  ep219 L=0.08954 rec=0.01298 sup=0.07656(w 0.03005 d1 0.00093 d2 0.00075 f 0.01931) | val_rec=0.00434 val_sup=0.02750 [0.0363 0.0163 0.0442 0.0132] 7s
  ep220 L=0.09022 rec=0.01319 sup=0.07703(w 0.03022 d1 0.00094 d2 0.00076 f 0.01945) | val_rec=0.00537 val_sup=0.02774 [0.0373 0.0162 0.0443 0.0132] S=0.937(enc1) 7s
  ep221 L=0.08985 rec=0.01310 sup=0.07676(w 0.03011 d1 0.00093 d2 0.00075 f 0.01935) | val_rec=0.00435 val_sup=0.02720 [0.0350 0.0163 0.0443 0.0132] 7s
  ep222 L=0.08966 rec=0.01326 sup=0.07640(w 0.03002 d1 0.00093 d2 0.00075 f 0.01933) | val_rec=0.00485 val_sup=0.02768 [0.0372 0.0162 0.0441 0.0131] S=0.938(enc1) 7s
  ep223 L=0.09003 rec=0.01315 sup=0.07688(w 0.03018 d1 0.00093 d2 0.00076 f 0.01943) | val_rec=0.00426 val_sup=0.02748 [0.0362 0.0163 0.0442 0.0132] 7s
  ep224 L=0.08977 rec=0.01306 sup=0.07670(w 0.03013 d1 0.00093 d2 0.00075 f 0.01936) | val_rec=0.00434 val_sup=0.02754 [0.0366 0.0162 0.0442 0.0132] S=0.937(enc1) 7s
  ep225 L=0.08976 rec=0.01302 sup=0.07674(w 0.03025 d1 0.00093 d2 0.00075 f 0.01946) | val_rec=0.00508 val_sup=0.02748 [0.0358 0.0164 0.0443 0.0134] 7s
  ep226 L=0.09025 rec=0.01327 sup=0.07699(w 0.03024 d1 0.00094 d2 0.00076 f 0.01947) | val_rec=0.00426 val_sup=0.02725 [0.0353 0.0163 0.0442 0.0132] S=0.937(enc1) 7s
  ep227 L=0.08950 rec=0.01295 sup=0.07655(w 0.03006 d1 0.00093 d2 0.00075 f 0.01931) | val_rec=0.00427 val_sup=0.02753 [0.0363 0.0163 0.0442 0.0132] 7s
  ep228 L=0.09038 rec=0.01329 sup=0.07709(w 0.03030 d1 0.00094 d2 0.00076 f 0.01949) | val_rec=0.00462 val_sup=0.02783 [0.0373 0.0163 0.0444 0.0133] S=0.936(enc1) 7s
  ep229 L=0.09021 rec=0.01329 sup=0.07691(w 0.03025 d1 0.00093 d2 0.00076 f 0.01948) | val_rec=0.00569 val_sup=0.02770 [0.0367 0.0164 0.0443 0.0135] 7s
  ep230 L=0.08996 rec=0.01322 sup=0.07673(w 0.03016 d1 0.00093 d2 0.00075 f 0.01942) | val_rec=0.00447 val_sup=0.02756 [0.0366 0.0163 0.0442 0.0132] S=0.937(enc1) 7s
  ep231 L=0.08990 rec=0.01314 sup=0.07676(w 0.03014 d1 0.00093 d2 0.00075 f 0.01938) | val_rec=0.00491 val_sup=0.02775 [0.0374 0.0162 0.0443 0.0131] 7s
  ep232 L=0.08989 rec=0.01296 sup=0.07693(w 0.03017 d1 0.00094 d2 0.00076 f 0.01938) | val_rec=0.00534 val_sup=0.02793 [0.0377 0.0164 0.0442 0.0134] S=0.937(enc1) 7s
  ep233 L=0.09034 rec=0.01325 sup=0.07710(w 0.03031 d1 0.00094 d2 0.00076 f 0.01954) | val_rec=0.00529 val_sup=0.02761 [0.0366 0.0164 0.0442 0.0133] 7s
  ep234 L=0.09038 rec=0.01339 sup=0.07699(w 0.03018 d1 0.00094 d2 0.00076 f 0.01942) | val_rec=0.00503 val_sup=0.02761 [0.0364 0.0163 0.0445 0.0132] S=0.937(enc1) 7s
  ep235 L=0.09012 rec=0.01326 sup=0.07686(w 0.03016 d1 0.00093 d2 0.00076 f 0.01940) | val_rec=0.00486 val_sup=0.02744 [0.0360 0.0164 0.0442 0.0132] 7s
  ep236 L=0.09031 rec=0.01348 sup=0.07682(w 0.03014 d1 0.00093 d2 0.00076 f 0.01942) | val_rec=0.00457 val_sup=0.02724 [0.0353 0.0163 0.0442 0.0131] S=0.937(enc1) 7s
  ep237 L=0.08979 rec=0.01300 sup=0.07679(w 0.03017 d1 0.00093 d2 0.00076 f 0.01941) | val_rec=0.00451 val_sup=0.02743 [0.0360 0.0163 0.0441 0.0133] 7s
  ep238 L=0.09038 rec=0.01345 sup=0.07693(w 0.03021 d1 0.00093 d2 0.00076 f 0.01947) | val_rec=0.00544 val_sup=0.02770 [0.0364 0.0166 0.0444 0.0134] S=0.936(enc1) 7s
  ep239 L=0.09013 rec=0.01321 sup=0.07692(w 0.03016 d1 0.00094 d2 0.00076 f 0.01939) | val_rec=0.00452 val_sup=0.02741 [0.0357 0.0164 0.0442 0.0133] 7s
  ep240 L=0.09014 rec=0.01329 sup=0.07685(w 0.03013 d1 0.00093 d2 0.00076 f 0.01938) | val_rec=0.00437 val_sup=0.02808 [0.0383 0.0163 0.0445 0.0132] S=0.937(enc1) 7s
  ep241 L=0.09019 rec=0.01326 sup=0.07693(w 0.03015 d1 0.00094 d2 0.00076 f 0.01941) | val_rec=0.00426 val_sup=0.02790 [0.0377 0.0163 0.0443 0.0133] 7s
  ep242 L=0.09016 rec=0.01327 sup=0.07689(w 0.03021 d1 0.00093 d2 0.00076 f 0.01944) | val_rec=0.00466 val_sup=0.02806 [0.0386 0.0162 0.0443 0.0132] S=0.936(enc1) 7s
  ep243 L=0.08969 rec=0.01313 sup=0.07656(w 0.03004 d1 0.00093 d2 0.00075 f 0.01929) | val_rec=0.00425 val_sup=0.02740 [0.0360 0.0162 0.0442 0.0132] 7s
  ep244 L=0.09001 rec=0.01329 sup=0.07672(w 0.03016 d1 0.00093 d2 0.00075 f 0.01943) | val_rec=0.00494 val_sup=0.02775 [0.0371 0.0165 0.0443 0.0132] S=0.938(enc1) 7s
  ep245 L=0.09013 rec=0.01340 sup=0.07673(w 0.03014 d1 0.00093 d2 0.00075 f 0.01942) | val_rec=0.00447 val_sup=0.02753 [0.0363 0.0164 0.0443 0.0132] 7s
  ep246 L=0.08989 rec=0.01321 sup=0.07668(w 0.03007 d1 0.00093 d2 0.00075 f 0.01935) | val_rec=0.00425 val_sup=0.02749 [0.0360 0.0164 0.0443 0.0133] S=0.937(enc1) 7s
  ep247 L=0.09016 rec=0.01328 sup=0.07688(w 0.03021 d1 0.00093 d2 0.00076 f 0.01945) | val_rec=0.00458 val_sup=0.02745 [0.0361 0.0163 0.0442 0.0132] 7s
  ep248 L=0.08982 rec=0.01307 sup=0.07674(w 0.03015 d1 0.00093 d2 0.00075 f 0.01938) | val_rec=0.00451 val_sup=0.02760 [0.0369 0.0162 0.0441 0.0132] S=0.937(enc1) 7s
  ep249 L=0.09052 rec=0.01336 sup=0.07715(w 0.03022 d1 0.00094 d2 0.00076 f 0.01946) | val_rec=0.00439 val_sup=0.02747 [0.0359 0.0163 0.0445 0.0132] 7s
  ep250 L=0.09005 rec=0.01324 sup=0.07681(w 0.03016 d1 0.00093 d2 0.00076 f 0.01938) | val_rec=0.00535 val_sup=0.02776 [0.0373 0.0163 0.0442 0.0131] S=0.936(enc1) 7s
  ep251 L=0.09038 rec=0.01339 sup=0.07699(w 0.03023 d1 0.00094 d2 0.00076 f 0.01951) | val_rec=0.00461 val_sup=0.02748 [0.0360 0.0164 0.0443 0.0133] 7s
  ep252 L=0.08951 rec=0.01299 sup=0.07653(w 0.03002 d1 0.00093 d2 0.00075 f 0.01929) | val_rec=0.00468 val_sup=0.02802 [0.0386 0.0162 0.0441 0.0131] S=0.937(enc1) 7s
  ep253 L=0.08972 rec=0.01308 sup=0.07664(w 0.03009 d1 0.00093 d2 0.00075 f 0.01935) | val_rec=0.00500 val_sup=0.02768 [0.0368 0.0164 0.0443 0.0132] 7s
  ep254 L=0.09022 rec=0.01318 sup=0.07703(w 0.03019 d1 0.00094 d2 0.00076 f 0.01943) | val_rec=0.00616 val_sup=0.02776 [0.0373 0.0162 0.0443 0.0132] S=0.936(enc1) 7s
  ep255 L=0.08990 rec=0.01316 sup=0.07674(w 0.03010 d1 0.00093 d2 0.00075 f 0.01937) | val_rec=0.00494 val_sup=0.02761 [0.0369 0.0162 0.0442 0.0132] 7s
  ep256 L=0.09027 rec=0.01327 sup=0.07700(w 0.03021 d1 0.00094 d2 0.00076 f 0.01945) | val_rec=0.00516 val_sup=0.02762 [0.0365 0.0164 0.0444 0.0132] S=0.937(enc1) 7s
  ep257 L=0.08990 rec=0.01307 sup=0.07683(w 0.03014 d1 0.00093 d2 0.00076 f 0.01936) | val_rec=0.00432 val_sup=0.02757 [0.0367 0.0162 0.0442 0.0132] 7s
  ep258 L=0.09015 rec=0.01318 sup=0.07697(w 0.03023 d1 0.00093 d2 0.00076 f 0.01945) | val_rec=0.00464 val_sup=0.02747 [0.0362 0.0162 0.0442 0.0132] S=0.937(enc1) 7s
  ep259 L=0.09029 rec=0.01334 sup=0.07695(w 0.03018 d1 0.00094 d2 0.00076 f 0.01942) | val_rec=0.00610 val_sup=0.02764 [0.0372 0.0161 0.0442 0.0131] 7s
  ep260 L=0.08983 rec=0.01325 sup=0.07658(w 0.03011 d1 0.00093 d2 0.00075 f 0.01938) | val_rec=0.00437 val_sup=0.02760 [0.0369 0.0162 0.0441 0.0132] S=0.937(enc1) 7s
  ep261 L=0.08995 rec=0.01317 sup=0.07678(w 0.03017 d1 0.00093 d2 0.00075 f 0.01942) | val_rec=0.00508 val_sup=0.02812 [0.0383 0.0164 0.0444 0.0133] 7s
  ep262 L=0.08962 rec=0.01312 sup=0.07650(w 0.03008 d1 0.00093 d2 0.00075 f 0.01933) | val_rec=0.00435 val_sup=0.02780 [0.0375 0.0163 0.0442 0.0132] S=0.937(enc1) 7s
  ep263 L=0.09050 rec=0.01332 sup=0.07718(w 0.03027 d1 0.00094 d2 0.00076 f 0.01954) | val_rec=0.00551 val_sup=0.02766 [0.0364 0.0164 0.0445 0.0133] 7s
  ep264 L=0.08996 rec=0.01304 sup=0.07691(w 0.03023 d1 0.00093 d2 0.00076 f 0.01942) | val_rec=0.00433 val_sup=0.02741 [0.0357 0.0164 0.0443 0.0133] S=0.937(enc1) 7s
  ep265 L=0.08996 rec=0.01317 sup=0.07679(w 0.03014 d1 0.00093 d2 0.00076 f 0.01940) | val_rec=0.00500 val_sup=0.02750 [0.0360 0.0164 0.0444 0.0133] 7s
  ep266 L=0.08985 rec=0.01331 sup=0.07654(w 0.03009 d1 0.00093 d2 0.00075 f 0.01937) | val_rec=0.00630 val_sup=0.02836 [0.0394 0.0164 0.0444 0.0132] S=0.937(enc1) 7s
  ep267 L=0.08975 rec=0.01314 sup=0.07661(w 0.03011 d1 0.00093 d2 0.00075 f 0.01935) | val_rec=0.00433 val_sup=0.02762 [0.0369 0.0162 0.0442 0.0132] 7s
  ep268 L=0.08965 rec=0.01305 sup=0.07660(w 0.03010 d1 0.00093 d2 0.00075 f 0.01934) | val_rec=0.00439 val_sup=0.02737 [0.0358 0.0163 0.0441 0.0132] S=0.937(enc1) 7s
  ep269 L=0.08967 rec=0.01303 sup=0.07664(w 0.03009 d1 0.00093 d2 0.00075 f 0.01933) | val_rec=0.00511 val_sup=0.02772 [0.0373 0.0162 0.0441 0.0132] 7s
  ep270 L=0.09039 rec=0.01338 sup=0.07701(w 0.03030 d1 0.00093 d2 0.00076 f 0.01952) | val_rec=0.00688 val_sup=0.02787 [0.0381 0.0161 0.0441 0.0132] S=0.937(enc1) 7s
  ep271 L=0.09001 rec=0.01324 sup=0.07678(w 0.03015 d1 0.00093 d2 0.00075 f 0.01939) | val_rec=0.00677 val_sup=0.02791 [0.0381 0.0161 0.0442 0.0133] 7s
  조기 종료 (val_sup 50에폭 정체)
[C16_seed42] 완료. 271에폭, 판정 136개
  min L_sup^val = 0.02724   min L_recon^val = 0.00422
  C (ratio 1.5) = 131개, 에폭 10~270
  t* = 에폭 236  val_sup 0.02724 [0.0353 0.0163 0.0442 0.0131]  val_recon 0.00457  S 0.9368
    민감도 ratio 1.2: C 125개 (에폭 22~270) -> t* 236  val_sup 0.02724
    민감도 ratio 1.5: C 131개 (에폭 10~270) -> t* 236  val_sup 0.02724
    민감도 ratio 2.0: C 133개 (에폭 6~270) -> t* 236  val_sup 0.02724

[정량 지표] 학습 종료 후 자동 산출 — 03 성분 정렬 · 04 복원 세 방식
  성분 정렬 완료
  복원 세 방식 완료
