C:\dev\meae_xai\.venv\lib\site-packages\torch\nn\utils\weight_norm.py:144: FutureWarning: `torch.nn.utils.weight_norm` is deprecated in favor of `torch.nn.utils.parametrizations.weight_norm`.
  WeightNorm.apply(module, name, dim)
[K8_seed42_lz0] device=cuda train=5760 val=900 K=8 max_epoch=300
  ep  1 tot=0.42451 rec=0.38769 mix=3.5768 zero=0.10511 zl2=2.0442 | val_rec=0.17870 sep=-0.127(base 0.323 dup 3 tops 2222) clean=0.114 dead=0 5s
  ep  2 tot=0.24069 rec=0.20495 mix=3.5550 zero=0.01882 zl2=3.0000 | val_rec=0.12988 sep=-0.146(base 0.304 dup 3 tops 2222) clean=0.116 dead=0 4s
  ep  3 tot=0.22703 rec=0.19240 mix=3.4602 zero=0.00318 zl2=3.2729 | val_rec=0.12892 sep=-0.148(base 0.302 dup 3 tops 2222) clean=0.114 dead=0 4s
  ep  4 tot=0.22273 rec=0.18890 mix=3.3733 zero=0.00902 zl2=3.3411 | val_rec=0.12585 sep=-0.144(base 0.306 dup 3 tops 2222) clean=0.114 dead=0 4s
  ep  5 tot=0.21058 rec=0.17780 mix=3.2719 zero=0.00634 zl2=3.3961 | val_rec=0.12185 sep=0.004(base 0.304 dup 2 tops 2223) clean=0.114 dead=0 4s
  ep  6 tot=0.19473 rec=0.16299 mix=3.1712 zero=0.00242 zl2=3.3640 | val_rec=0.11083 sep=0.028(base 0.328 dup 2 tops 2223) clean=0.118 dead=0 4s
  ep  7 tot=0.19016 rec=0.15952 mix=3.0622 zero=0.00185 zl2=3.3414 | val_rec=0.12744 sep=0.040(base 0.340 dup 2 tops 3223) clean=0.133 dead=0 4s
  ep  8 tot=0.18163 rec=0.15193 mix=2.9680 zero=0.00176 zl2=3.3936 | val_rec=0.10502 sep=0.037(base 0.337 dup 2 tops 3223) clean=0.130 dead=0 4s
  ep  9 tot=0.17350 rec=0.14484 mix=2.8649 zero=0.00140 zl2=3.3186 | val_rec=0.09972 sep=0.056(base 0.356 dup 2 tops 3223) clean=0.150 dead=0 4s
  ep 10 tot=0.16109 rec=0.13329 mix=2.7797 zero=0.00102 zl2=3.2328 | val_rec=0.09015 sep=0.058(base 0.358 dup 2 tops 3222) clean=0.177 dead=0 4s
  ep 11 tot=0.15192 rec=0.12496 mix=2.6949 zero=0.00103 zl2=3.1892 | val_rec=0.08705 sep=0.072(base 0.372 dup 2 tops 3222) clean=0.201 dead=0 4s
  ep 12 tot=0.14052 rec=0.11427 mix=2.6240 zero=0.00145 zl2=3.1793 | val_rec=0.08487 sep=0.237(base 0.387 dup 1 tops 3225) clean=0.207 dead=0 4s
  ep 13 tot=0.13712 rec=0.11151 mix=2.5587 zero=0.00191 zl2=3.1748 | val_rec=0.08299 sep=0.251(base 0.401 dup 1 tops 3225) clean=0.247 dead=0 4s
  ep 14 tot=0.13012 rec=0.10502 mix=2.5072 zero=0.00257 zl2=3.1793 | val_rec=0.07692 sep=0.239(base 0.389 dup 1 tops 3225) clean=0.205 dead=0 4s
  ep 15 tot=0.12131 rec=0.09681 mix=2.4484 zero=0.00091 zl2=3.2045 | val_rec=0.07081 sep=0.243(base 0.393 dup 1 tops 3225) clean=0.201 dead=0 4s
  ep 16 tot=0.11379 rec=0.08990 mix=2.3880 zero=0.00098 zl2=3.1738 | val_rec=0.06911 sep=0.249(base 0.399 dup 1 tops 3225) clean=0.225 dead=0 4s
  ep 17 tot=0.10788 rec=0.08454 mix=2.3336 zero=0.00077 zl2=3.1575 | val_rec=0.06222 sep=0.253(base 0.403 dup 1 tops 3225) clean=0.219 dead=0 4s
  ep 18 tot=0.10586 rec=0.08303 mix=2.2825 zero=0.00065 zl2=3.1544 | val_rec=0.06456 sep=0.234(base 0.384 dup 1 tops 3225) clean=0.184 dead=0 4s
  ep 19 tot=0.10450 rec=0.08211 mix=2.2382 zero=0.00090 zl2=3.1810 | val_rec=0.05790 sep=0.256(base 0.406 dup 1 tops 3225) clean=0.216 dead=0 4s
  ep 20 tot=0.09721 rec=0.07522 mix=2.1976 zero=0.00105 zl2=3.1840 | val_rec=0.05735 sep=0.254(base 0.404 dup 1 tops 3225) clean=0.227 dead=0 4s
  ep 21 tot=0.09390 rec=0.07232 mix=2.1571 zero=0.00093 zl2=3.1888 | val_rec=0.05403 sep=0.266(base 0.416 dup 1 tops 3225) clean=0.238 dead=0 4s
  ep 22 tot=0.08846 rec=0.06730 mix=2.1155 zero=0.00038 zl2=3.1918 | val_rec=0.05061 sep=0.275(base 0.425 dup 1 tops 3225) clean=0.283 dead=0 4s
  ep 23 tot=0.08709 rec=0.06633 mix=2.0759 zero=0.00041 zl2=3.2051 | val_rec=0.05065 sep=0.276(base 0.426 dup 1 tops 3225) clean=0.269 dead=0 4s
  ep 24 tot=0.08846 rec=0.06801 mix=2.0442 zero=0.00087 zl2=3.2411 | val_rec=0.05581 sep=0.299(base 0.449 dup 1 tops 3225) clean=0.358 dead=0 4s
  ep 25 tot=0.08431 rec=0.06411 mix=2.0187 zero=0.00146 zl2=3.2661 | val_rec=0.04623 sep=0.277(base 0.427 dup 1 tops 3225) clean=0.325 dead=0 4s
  ep 26 tot=0.08051 rec=0.06060 mix=1.9895 zero=0.00090 zl2=3.2793 | val_rec=0.04326 sep=0.276(base 0.426 dup 1 tops 3225) clean=0.290 dead=0 4s
  ep 27 tot=0.07556 rec=0.05597 mix=1.9584 zero=0.00102 zl2=3.2956 | val_rec=0.05425 sep=0.298(base 0.448 dup 1 tops 3225) clean=0.357 dead=0 4s
  ep 28 tot=0.07386 rec=0.05455 mix=1.9292 zero=0.00128 zl2=3.3023 | val_rec=0.04299 sep=0.323(base 0.473 dup 1 tops 3225) clean=0.444 dead=0 4s
  ep 29 tot=0.07215 rec=0.05313 mix=1.9004 zero=0.00111 zl2=3.3192 | val_rec=0.04501 sep=0.294(base 0.444 dup 1 tops 3225) clean=0.342 dead=0 4s
  ep 30 tot=0.07007 rec=0.05133 mix=1.8729 zero=0.00085 zl2=3.3384 | val_rec=0.04053 sep=0.292(base 0.442 dup 1 tops 3225) clean=0.339 dead=0 4s
  ep 31 tot=0.06755 rec=0.04908 mix=1.8462 zero=0.00125 zl2=3.3491 | val_rec=0.03869 sep=0.302(base 0.452 dup 1 tops 3225) clean=0.360 dead=0 4s
  ep 32 tot=0.06664 rec=0.04843 mix=1.8207 zero=0.00059 zl2=3.3675 | val_rec=0.03919 sep=0.301(base 0.451 dup 1 tops 3225) clean=0.389 dead=0 4s
  ep 33 tot=0.06638 rec=0.04838 mix=1.7985 zero=0.00073 zl2=3.3755 | val_rec=0.03714 sep=0.294(base 0.444 dup 1 tops 3225) clean=0.326 dead=0 4s
  ep 34 tot=0.06414 rec=0.04637 mix=1.7756 zero=0.00062 zl2=3.3991 | val_rec=0.03671 sep=0.304(base 0.454 dup 1 tops 3225) clean=0.380 dead=0 4s
  ep 35 tot=0.06128 rec=0.04378 mix=1.7498 zero=0.00033 zl2=3.4094 | val_rec=0.04176 sep=0.310(base 0.460 dup 1 tops 3225) clean=0.404 dead=0 4s
  ep 36 tot=0.06841 rec=0.05106 mix=1.7337 zero=0.00167 zl2=3.4372 | val_rec=0.04013 sep=0.308(base 0.458 dup 1 tops 3225) clean=0.406 dead=0 4s
  ep 37 tot=0.06469 rec=0.04744 mix=1.7234 zero=0.00125 zl2=3.4642 | val_rec=0.04361 sep=0.289(base 0.439 dup 1 tops 3225) clean=0.334 dead=0 4s
  ep 38 tot=0.06202 rec=0.04499 mix=1.7024 zero=0.00094 zl2=3.4845 | val_rec=0.03461 sep=0.310(base 0.460 dup 1 tops 3225) clean=0.411 dead=0 4s
  ep 39 tot=0.05863 rec=0.04184 mix=1.6783 zero=0.00045 zl2=3.4904 | val_rec=0.03393 sep=0.315(base 0.465 dup 1 tops 3225) clean=0.429 dead=0 4s
  ep 40 tot=0.05590 rec=0.03935 mix=1.6555 zero=0.00028 zl2=3.5044 | val_rec=0.03424 sep=0.321(base 0.471 dup 1 tops 3225) clean=0.439 dead=0 4s
  ep 41 tot=0.05658 rec=0.04022 mix=1.6358 zero=0.00042 zl2=3.5180 | val_rec=0.03329 sep=0.318(base 0.468 dup 1 tops 3225) clean=0.433 dead=0 4s
  ep 42 tot=0.05347 rec=0.03731 mix=1.6157 zero=0.00031 zl2=3.5450 | val_rec=0.03157 sep=0.314(base 0.464 dup 1 tops 3225) clean=0.419 dead=0 4s
  ep 43 tot=0.05537 rec=0.03944 mix=1.5930 zero=0.00037 zl2=3.5460 | val_rec=0.03829 sep=0.324(base 0.474 dup 1 tops 3225) clean=0.448 dead=0 4s
  ep 44 tot=0.05815 rec=0.04238 mix=1.5760 zero=0.00049 zl2=3.5600 | val_rec=0.03186 sep=0.328(base 0.478 dup 1 tops 3225) clean=0.475 dead=0 4s
  ep 45 tot=0.05652 rec=0.04090 mix=1.5611 zero=0.00047 zl2=3.5827 | val_rec=0.03743 sep=0.312(base 0.462 dup 1 tops 3225) clean=0.402 dead=0 4s
  ep 46 tot=0.05512 rec=0.03964 mix=1.5473 zero=0.00075 zl2=3.6024 | val_rec=0.02973 sep=0.315(base 0.465 dup 1 tops 3225) clean=0.423 dead=0 4s
  ep 47 tot=0.05161 rec=0.03630 mix=1.5307 zero=0.00063 zl2=3.6061 | val_rec=0.03176 sep=0.328(base 0.478 dup 1 tops 3225) clean=0.468 dead=0 4s
  ep 48 tot=0.04967 rec=0.03454 mix=1.5117 zero=0.00078 zl2=3.6149 | val_rec=0.02970 sep=0.325(base 0.475 dup 1 tops 3225) clean=0.456 dead=0 4s
  ep 49 tot=0.04934 rec=0.03441 mix=1.4929 zero=0.00029 zl2=3.6252 | val_rec=0.02888 sep=0.314(base 0.464 dup 1 tops 3225) clean=0.418 dead=0 4s
  ep 50 tot=0.05174 rec=0.03696 mix=1.4765 zero=0.00060 zl2=3.6365 | val_rec=0.03479 sep=0.307(base 0.457 dup 1 tops 3225) clean=0.378 dead=0 4s
  ep 51 tot=0.04727 rec=0.03258 mix=1.4689 zero=0.00029 zl2=3.6611 | val_rec=0.02856 sep=0.319(base 0.469 dup 1 tops 3225) clean=0.434 dead=0 4s
  ep 52 tot=0.04390 rec=0.02929 mix=1.4610 zero=0.00016 zl2=3.6566 | val_rec=0.02885 sep=0.321(base 0.471 dup 1 tops 3225) clean=0.444 dead=0 4s
  ep 53 tot=0.04340 rec=0.02884 mix=1.4551 zero=0.00010 zl2=3.6544 | val_rec=0.02692 sep=0.322(base 0.472 dup 1 tops 3225) clean=0.454 dead=0 4s
  ep 54 tot=0.04311 rec=0.02860 mix=1.4507 zero=0.00012 zl2=3.6531 | val_rec=0.02819 sep=0.325(base 0.475 dup 1 tops 3225) clean=0.462 dead=0 4s
  ep 55 tot=0.04366 rec=0.02918 mix=1.4475 zero=0.00015 zl2=3.6509 | val_rec=0.02859 sep=0.323(base 0.473 dup 1 tops 3225) clean=0.454 dead=0 4s
