[s1_해상도\C256] device=cuda K=4 seed=42 hidden=64 train=5760 val=900 V=300
  구조  깊이 8 · 압축률 256 · 인코딩 시간축 15 (조각당 0.711초)
        채널 [32, 32, 64, 64, 128, 128, 256, 256] · dilations [1, 1, 1, 1, 1, 1, 1, 1]
        수용영역 3316 표본 = 9.21초 · 패딩 3840(양쪽 120)
  L = MSE(x_hat, x_noisy) + 1 * L_sup   [지도학습]
  L_sup = (1/K) sum_k [ MSE(s_k, r_k) + 50*MSE(d1 s_k, d1 r_k) + 0*MSE(d2 s_k, d2 r_k) + 0*MSE(|F s_k|, |F r_k|) ]
    d1 = 1차 차분, d2 = 2차 차분, F = rfft(norm='ortho') 크기
  소스별 정규화 없음 (sup_normalize: none)
  배정  enc1=x_clean · enc2=bw · enc3=ma · enc4=em
  정칙화 3항 해제 — lambda_mixing=0 lambda_zero_recon=0 lambda_z_l2=0
  선택  C = { L_sup^val <= 1.5 x min } 에서 L_sup^val 최소, 2에폭 간격
  ep  1 L=0.62051 rec=0.35161 sup=0.26890(w 0.16554 d1 0.00207 d2 0.00165 f 0.19509) | val_rec=0.12928 val_sup=0.14460 [0.2684 0.0912 0.1201 0.0988] S=0.055(enc2) 10s
  ep  2 L=0.46930 rec=0.26895 sup=0.20035(w 0.11836 d1 0.00164 d2 0.00083 f 0.13862) | val_rec=0.10922 val_sup=0.08727 [0.2489 0.0232 0.0500 0.0270] S=0.058(enc2) 10s
  ep  3 L=0.38035 rec=0.21364 sup=0.16671(w 0.08461 d1 0.00164 d2 0.00083 f 0.07645) | val_rec=0.10629 val_sup=0.09607 [0.2477 0.0335 0.0639 0.0393] 10s
  ep  4 L=0.35278 rec=0.19304 sup=0.15974(w 0.07776 d1 0.00164 d2 0.00083 f 0.06812) | val_rec=0.09823 val_sup=0.09134 [0.2498 0.0229 0.0597 0.0330] S=0.060(enc2) 10s
  ep  5 L=0.33424 rec=0.17828 sup=0.15596(w 0.07389 d1 0.00164 d2 0.00083 f 0.06288) | val_rec=0.07955 val_sup=0.07827 [0.2274 0.0164 0.0468 0.0225] 10s
  ep  6 L=0.31812 rec=0.16565 sup=0.15246(w 0.07063 d1 0.00164 d2 0.00083 f 0.06008) | val_rec=0.07986 val_sup=0.07924 [0.2313 0.0166 0.0466 0.0226] S=0.082(enc4) 10s
  ep  7 L=0.31676 rec=0.16485 sup=0.15191(w 0.07007 d1 0.00164 d2 0.00083 f 0.05935) | val_rec=0.07792 val_sup=0.07807 [0.2251 0.0177 0.0468 0.0226] 9s
  ep  8 L=0.31162 rec=0.16064 sup=0.15099(w 0.06917 d1 0.00164 d2 0.00083 f 0.05830) | val_rec=0.08960 val_sup=0.08128 [0.2384 0.0176 0.0471 0.0221] S=0.096(enc4) 9s
  ep  9 L=0.30455 rec=0.15540 sup=0.14915(w 0.06747 d1 0.00163 d2 0.00082 f 0.05662) | val_rec=0.07959 val_sup=0.07942 [0.2304 0.0176 0.0465 0.0232] 9s
  ep 10 L=0.29909 rec=0.15135 sup=0.14775(w 0.06586 d1 0.00164 d2 0.00083 f 0.05414) | val_rec=0.06973 val_sup=0.07679 [0.2226 0.0173 0.0458 0.0215] S=0.107(enc1) 9s
  ep 11 L=0.29598 rec=0.14932 sup=0.14666(w 0.06502 d1 0.00163 d2 0.00083 f 0.05254) | val_rec=0.07365 val_sup=0.07876 [0.2277 0.0177 0.0469 0.0227] 9s
  ep 12 L=0.28347 rec=0.13910 sup=0.14436(w 0.06304 d1 0.00163 d2 0.00083 f 0.04911) | val_rec=0.06626 val_sup=0.07631 [0.2198 0.0167 0.0450 0.0238] S=0.204(enc1) 10s
  ep 13 L=0.27281 rec=0.13043 sup=0.14237(w 0.06126 d1 0.00162 d2 0.00083 f 0.04691) | val_rec=0.06668 val_sup=0.07774 [0.2234 0.0174 0.0476 0.0226] 10s
  ep 14 L=0.26025 rec=0.12076 sup=0.13949(w 0.05889 d1 0.00161 d2 0.00083 f 0.04407) | val_rec=0.06585 val_sup=0.07859 [0.2271 0.0172 0.0461 0.0239] S=0.263(enc1) 9s
  ep 15 L=0.25214 rec=0.11447 sup=0.13767(w 0.05752 d1 0.00160 d2 0.00083 f 0.04162) | val_rec=0.06166 val_sup=0.07366 [0.2093 0.0161 0.0453 0.0238] 9s
  ep 16 L=0.23630 rec=0.10276 sup=0.13354(w 0.05477 d1 0.00158 d2 0.00083 f 0.03920) | val_rec=0.05504 val_sup=0.07330 [0.2066 0.0166 0.0455 0.0244] S=0.392(enc1) 9s
  ep 17 L=0.23127 rec=0.09922 sup=0.13206(w 0.05363 d1 0.00157 d2 0.00083 f 0.03686) | val_rec=0.04918 val_sup=0.06989 [0.1942 0.0161 0.0447 0.0245] 9s
  ep 18 L=0.21819 rec=0.09056 sup=0.12762(w 0.05106 d1 0.00153 d2 0.00083 f 0.03529) | val_rec=0.04805 val_sup=0.06919 [0.1913 0.0167 0.0449 0.0240] S=0.476(enc1) 9s
  ep 19 L=0.22997 rec=0.09842 sup=0.13155(w 0.05289 d1 0.00157 d2 0.00083 f 0.03545) | val_rec=0.04990 val_sup=0.07085 [0.1991 0.0162 0.0452 0.0228] 9s
  ep 20 L=0.20916 rec=0.08438 sup=0.12478(w 0.04918 d1 0.00151 d2 0.00083 f 0.03342) | val_rec=0.04156 val_sup=0.06366 [0.1719 0.0162 0.0448 0.0217] S=0.642(enc1) 9s
  ep 21 L=0.19937 rec=0.07793 sup=0.12143(w 0.04722 d1 0.00148 d2 0.00083 f 0.03156) | val_rec=0.03924 val_sup=0.06245 [0.1655 0.0163 0.0450 0.0230] 9s
  ep 22 L=0.18954 rec=0.07208 sup=0.11747(w 0.04566 d1 0.00144 d2 0.00083 f 0.03035) | val_rec=0.03414 val_sup=0.05725 [0.1468 0.0160 0.0452 0.0211] S=0.710(enc1) 9s
  ep 23 L=0.18694 rec=0.06993 sup=0.11701(w 0.04533 d1 0.00143 d2 0.00083 f 0.02954) | val_rec=0.03265 val_sup=0.05596 [0.1424 0.0162 0.0446 0.0207] 9s
  ep 24 L=0.19037 rec=0.07330 sup=0.11707(w 0.04562 d1 0.00143 d2 0.00082 f 0.03039) | val_rec=0.04532 val_sup=0.07324 [0.2108 0.0163 0.0449 0.0208] S=0.490(enc1) 9s
  ep 25 L=0.18401 rec=0.06855 sup=0.11546(w 0.04467 d1 0.00142 d2 0.00082 f 0.02964) | val_rec=0.03230 val_sup=0.05427 [0.1359 0.0166 0.0447 0.0199] 9s
  ep 26 L=0.17217 rec=0.06172 sup=0.11045(w 0.04290 d1 0.00135 d2 0.00082 f 0.02821) | val_rec=0.03246 val_sup=0.06044 [0.1614 0.0161 0.0447 0.0196] S=0.680(enc1) 9s
  ep 27 L=0.17319 rec=0.06242 sup=0.11077(w 0.04267 d1 0.00136 d2 0.00082 f 0.02799) | val_rec=0.03248 val_sup=0.05562 [0.1409 0.0164 0.0445 0.0206] 9s
  ep 28 L=0.16440 rec=0.05729 sup=0.10712(w 0.04132 d1 0.00132 d2 0.00082 f 0.02720) | val_rec=0.03215 val_sup=0.06167 [0.1657 0.0162 0.0448 0.0199] S=0.659(enc1) 9s
  ep 29 L=0.17067 rec=0.05954 sup=0.11113(w 0.04197 d1 0.00138 d2 0.00082 f 0.02711) | val_rec=0.03358 val_sup=0.05901 [0.1567 0.0164 0.0440 0.0189] 9s
  ep 30 L=0.16712 rec=0.05914 sup=0.10798(w 0.04113 d1 0.00134 d2 0.00082 f 0.02677) | val_rec=0.04222 val_sup=0.06587 [0.1827 0.0171 0.0444 0.0193] S=0.568(enc1) 9s
  ep 31 L=0.16386 rec=0.05636 sup=0.10750(w 0.04077 d1 0.00133 d2 0.00082 f 0.02681) | val_rec=0.02458 val_sup=0.05007 [0.1200 0.0161 0.0452 0.0190] 9s
  ep 32 L=0.16108 rec=0.05654 sup=0.10454(w 0.04049 d1 0.00128 d2 0.00081 f 0.02740) | val_rec=0.03255 val_sup=0.05205 [0.1278 0.0164 0.0451 0.0189] S=0.785(enc1) 9s
  ep 33 L=0.16091 rec=0.05592 sup=0.10499(w 0.04014 d1 0.00130 d2 0.00081 f 0.02619) | val_rec=0.03437 val_sup=0.05252 [0.1274 0.0175 0.0458 0.0193] 9s
  ep 34 L=0.15588 rec=0.05209 sup=0.10378(w 0.03867 d1 0.00130 d2 0.00081 f 0.02502) | val_rec=0.02788 val_sup=0.05416 [0.1367 0.0164 0.0454 0.0182] S=0.772(enc1) 9s
  ep 35 L=0.15255 rec=0.05071 sup=0.10184(w 0.03793 d1 0.00128 d2 0.00081 f 0.02497) | val_rec=0.02513 val_sup=0.04928 [0.1169 0.0163 0.0446 0.0193] 9s
  ep 36 L=0.14871 rec=0.04946 sup=0.09925(w 0.03770 d1 0.00123 d2 0.00080 f 0.02502) | val_rec=0.02628 val_sup=0.04926 [0.1157 0.0171 0.0455 0.0188] S=0.777(enc1) 9s
  ep 37 L=0.14457 rec=0.04682 sup=0.09775(w 0.03663 d1 0.00122 d2 0.00081 f 0.02426) | val_rec=0.02806 val_sup=0.05244 [0.1301 0.0165 0.0451 0.0181] 9s
  ep 38 L=0.14148 rec=0.04511 sup=0.09636(w 0.03599 d1 0.00121 d2 0.00080 f 0.02391) | val_rec=0.02558 val_sup=0.04831 [0.1090 0.0181 0.0471 0.0190] S=0.806(enc1) 9s
  ep 39 L=0.13738 rec=0.04281 sup=0.09457(w 0.03505 d1 0.00119 d2 0.00080 f 0.02333) | val_rec=0.02020 val_sup=0.04462 [0.0984 0.0162 0.0450 0.0189] 9s
  ep 40 L=0.13412 rec=0.04152 sup=0.09260(w 0.03430 d1 0.00117 d2 0.00079 f 0.02261) | val_rec=0.02194 val_sup=0.04504 [0.1000 0.0168 0.0451 0.0182] S=0.809(enc1) 9s
  ep 41 L=0.13791 rec=0.04394 sup=0.09397(w 0.03478 d1 0.00118 d2 0.00080 f 0.02329) | val_rec=0.02248 val_sup=0.04639 [0.1052 0.0164 0.0453 0.0186] 9s
  ep 42 L=0.13850 rec=0.04310 sup=0.09540(w 0.03438 d1 0.00122 d2 0.00080 f 0.02241) | val_rec=0.02422 val_sup=0.04716 [0.1089 0.0164 0.0449 0.0184] S=0.790(enc1) 9s
  ep 43 L=0.13758 rec=0.04307 sup=0.09451(w 0.03378 d1 0.00121 d2 0.00080 f 0.02230) | val_rec=0.02241 val_sup=0.04795 [0.1114 0.0162 0.0453 0.0190] 9s
  ep 44 L=0.13836 rec=0.04555 sup=0.09281(w 0.03431 d1 0.00117 d2 0.00080 f 0.02327) | val_rec=0.02811 val_sup=0.05028 [0.1220 0.0166 0.0446 0.0178] S=0.739(enc1) 9s
  ep 45 L=0.13140 rec=0.04130 sup=0.09010(w 0.03349 d1 0.00113 d2 0.00079 f 0.02265) | val_rec=0.02154 val_sup=0.04690 [0.1070 0.0163 0.0454 0.0189] 9s
  ep 46 L=0.12781 rec=0.03893 sup=0.08888(w 0.03225 d1 0.00113 d2 0.00079 f 0.02156) | val_rec=0.02106 val_sup=0.04578 [0.1038 0.0161 0.0454 0.0178] S=0.805(enc1) 9s
  ep 47 L=0.12605 rec=0.03781 sup=0.08824(w 0.03188 d1 0.00113 d2 0.00079 f 0.02133) | val_rec=0.02537 val_sup=0.05155 [0.1275 0.0164 0.0451 0.0172] 9s
  ep 48 L=0.12457 rec=0.03729 sup=0.08729(w 0.03120 d1 0.00112 d2 0.00079 f 0.02066) | val_rec=0.01843 val_sup=0.04197 [0.0873 0.0169 0.0458 0.0178] S=0.815(enc1) 9s
  ep 49 L=0.13568 rec=0.04201 sup=0.09367(w 0.03216 d1 0.00123 d2 0.00080 f 0.02060) | val_rec=0.02615 val_sup=0.05866 [0.1550 0.0162 0.0456 0.0179] 9s
  ep 50 L=0.13724 rec=0.04260 sup=0.09464(w 0.03193 d1 0.00125 d2 0.00081 f 0.02028) | val_rec=0.01826 val_sup=0.04257 [0.0899 0.0169 0.0457 0.0178] S=0.811(enc1) 9s
  ep 51 L=0.11567 rec=0.03292 sup=0.08275(w 0.02862 d1 0.00108 d2 0.00078 f 0.01942) | val_rec=0.01798 val_sup=0.04384 [0.0962 0.0163 0.0455 0.0174] 9s
  ep 52 L=0.11164 rec=0.03104 sup=0.08060(w 0.02774 d1 0.00106 d2 0.00077 f 0.01866) | val_rec=0.01735 val_sup=0.04209 [0.0884 0.0164 0.0458 0.0178] S=0.822(enc1) 9s
  ep 53 L=0.11091 rec=0.03059 sup=0.08032(w 0.02751 d1 0.00106 d2 0.00078 f 0.01863) | val_rec=0.01756 val_sup=0.04233 [0.0891 0.0163 0.0463 0.0176] 9s
  ep 54 L=0.11014 rec=0.03039 sup=0.07975(w 0.02731 d1 0.00105 d2 0.00077 f 0.01845) | val_rec=0.01884 val_sup=0.04435 [0.0967 0.0168 0.0461 0.0178] S=0.803(enc1) 9s
  ep 55 L=0.11101 rec=0.03117 sup=0.07984(w 0.02730 d1 0.00105 d2 0.00077 f 0.01860) | val_rec=0.01912 val_sup=0.04353 [0.0928 0.0168 0.0463 0.0183] 9s
  ep 56 L=0.10963 rec=0.03043 sup=0.07921(w 0.02710 d1 0.00104 d2 0.00077 f 0.01821) | val_rec=0.01800 val_sup=0.04304 [0.0914 0.0165 0.0462 0.0180] S=0.836(enc1) 9s
  ep 57 L=0.10871 rec=0.02975 sup=0.07897(w 0.02687 d1 0.00104 d2 0.00077 f 0.01820) | val_rec=0.01834 val_sup=0.04302 [0.0918 0.0168 0.0459 0.0175] 9s
  ep 58 L=0.10901 rec=0.03012 sup=0.07889(w 0.02690 d1 0.00104 d2 0.00077 f 0.01821) | val_rec=0.01730 val_sup=0.04236 [0.0882 0.0173 0.0462 0.0177] S=0.830(enc1) 9s
  ep 59 L=0.10813 rec=0.02965 sup=0.07848(w 0.02668 d1 0.00104 d2 0.00077 f 0.01799) | val_rec=0.01622 val_sup=0.04183 [0.0865 0.0172 0.0458 0.0178] 9s
  ep 60 L=0.10926 rec=0.03005 sup=0.07920(w 0.02684 d1 0.00105 d2 0.00078 f 0.01825) | val_rec=0.01773 val_sup=0.04186 [0.0875 0.0165 0.0461 0.0173] S=0.839(enc1) 9s
  ep 61 L=0.10849 rec=0.02994 sup=0.07855(w 0.02659 d1 0.00104 d2 0.00077 f 0.01790) | val_rec=0.01669 val_sup=0.04190 [0.0872 0.0165 0.0462 0.0177] 9s
  ep 62 L=0.10826 rec=0.02964 sup=0.07862(w 0.02652 d1 0.00104 d2 0.00077 f 0.01790) | val_rec=0.01685 val_sup=0.04335 [0.0917 0.0170 0.0464 0.0183] S=0.833(enc1) 9s
  ep 63 L=0.10789 rec=0.02966 sup=0.07823(w 0.02643 d1 0.00104 d2 0.00077 f 0.01781) | val_rec=0.01772 val_sup=0.04166 [0.0863 0.0169 0.0460 0.0175] 9s
  ep 64 L=0.10785 rec=0.02952 sup=0.07834(w 0.02635 d1 0.00104 d2 0.00077 f 0.01790) | val_rec=0.01690 val_sup=0.04118 [0.0842 0.0165 0.0467 0.0174] S=0.845(enc1) 9s
  ep 65 L=0.10725 rec=0.02932 sup=0.07794(w 0.02608 d1 0.00104 d2 0.00077 f 0.01759) | val_rec=0.01785 val_sup=0.04230 [0.0880 0.0170 0.0465 0.0177] 9s
  ep 66 L=0.10704 rec=0.02928 sup=0.07776(w 0.02607 d1 0.00103 d2 0.00077 f 0.01764) | val_rec=0.01585 val_sup=0.04175 [0.0857 0.0173 0.0462 0.0178] S=0.839(enc1) 9s
  ep 67 L=0.10681 rec=0.02931 sup=0.07750(w 0.02596 d1 0.00103 d2 0.00077 f 0.01751) | val_rec=0.01797 val_sup=0.04111 [0.0829 0.0173 0.0466 0.0177] 9s
  ep 68 L=0.10706 rec=0.02937 sup=0.07769(w 0.02593 d1 0.00104 d2 0.00077 f 0.01757) | val_rec=0.01775 val_sup=0.04290 [0.0912 0.0168 0.0462 0.0174] S=0.798(enc1) 9s
  ep 69 L=0.10692 rec=0.02924 sup=0.07768(w 0.02589 d1 0.00104 d2 0.00077 f 0.01753) | val_rec=0.01662 val_sup=0.04130 [0.0836 0.0169 0.0468 0.0178] 9s
  ep 70 L=0.10640 rec=0.02917 sup=0.07723(w 0.02572 d1 0.00103 d2 0.00077 f 0.01736) | val_rec=0.02041 val_sup=0.04371 [0.0932 0.0175 0.0465 0.0176] S=0.782(enc1) 9s
  ep 71 L=0.10569 rec=0.02883 sup=0.07686(w 0.02551 d1 0.00103 d2 0.00077 f 0.01722) | val_rec=0.01657 val_sup=0.04179 [0.0857 0.0169 0.0469 0.0176] 9s
  ep 72 L=0.10563 rec=0.02874 sup=0.07689(w 0.02543 d1 0.00103 d2 0.00077 f 0.01722) | val_rec=0.01738 val_sup=0.04332 [0.0922 0.0169 0.0465 0.0177] S=0.805(enc1) 9s
  ep 73 L=0.10516 rec=0.02869 sup=0.07647(w 0.02532 d1 0.00102 d2 0.00077 f 0.01719) | val_rec=0.01622 val_sup=0.04202 [0.0864 0.0171 0.0467 0.0180] 9s
  ep 74 L=0.10644 rec=0.02951 sup=0.07693(w 0.02549 d1 0.00103 d2 0.00077 f 0.01722) | val_rec=0.01849 val_sup=0.04361 [0.0935 0.0171 0.0466 0.0173] S=0.807(enc1) 9s
  ep 75 L=0.10529 rec=0.02893 sup=0.07636(w 0.02520 d1 0.00102 d2 0.00077 f 0.01711) | val_rec=0.01704 val_sup=0.04208 [0.0860 0.0177 0.0468 0.0179] 9s
  ep 76 L=0.10511 rec=0.02871 sup=0.07640(w 0.02511 d1 0.00103 d2 0.00077 f 0.01705) | val_rec=0.01793 val_sup=0.04250 [0.0883 0.0170 0.0470 0.0177] S=0.826(enc1) 9s
  ep 77 L=0.10616 rec=0.02949 sup=0.07667(w 0.02530 d1 0.00103 d2 0.00077 f 0.01721) | val_rec=0.01820 val_sup=0.04271 [0.0895 0.0172 0.0468 0.0174] 9s
  ep 78 L=0.10530 rec=0.02906 sup=0.07625(w 0.02502 d1 0.00102 d2 0.00077 f 0.01687) | val_rec=0.01756 val_sup=0.04183 [0.0855 0.0174 0.0468 0.0176] S=0.809(enc1) 9s
  ep 79 L=0.10476 rec=0.02857 sup=0.07619(w 0.02495 d1 0.00102 d2 0.00077 f 0.01707) | val_rec=0.01664 val_sup=0.04277 [0.0885 0.0178 0.0468 0.0179] 9s
  ep 80 L=0.10365 rec=0.02809 sup=0.07556(w 0.02463 d1 0.00102 d2 0.00077 f 0.01670) | val_rec=0.01695 val_sup=0.04271 [0.0885 0.0172 0.0473 0.0178] S=0.817(enc1) 9s
  ep 81 L=0.10522 rec=0.02916 sup=0.07606(w 0.02491 d1 0.00102 d2 0.00077 f 0.01705) | val_rec=0.01706 val_sup=0.04127 [0.0841 0.0170 0.0466 0.0174] 9s
  ep 82 L=0.10463 rec=0.02864 sup=0.07599(w 0.02469 d1 0.00103 d2 0.00077 f 0.01666) | val_rec=0.01645 val_sup=0.04207 [0.0864 0.0170 0.0469 0.0179] S=0.836(enc1) 9s
  ep 83 L=0.10317 rec=0.02799 sup=0.07518(w 0.02435 d1 0.00102 d2 0.00077 f 0.01653) | val_rec=0.01674 val_sup=0.04295 [0.0891 0.0175 0.0471 0.0182] 9s
  ep 84 L=0.10390 rec=0.02848 sup=0.07542(w 0.02452 d1 0.00102 d2 0.00077 f 0.01665) | val_rec=0.01694 val_sup=0.04178 [0.0853 0.0175 0.0470 0.0174] S=0.812(enc1) 9s
  ep 85 L=0.10318 rec=0.02816 sup=0.07502(w 0.02419 d1 0.00102 d2 0.00077 f 0.01643) | val_rec=0.01681 val_sup=0.04259 [0.0883 0.0173 0.0472 0.0175] 9s
  ep 86 L=0.10303 rec=0.02794 sup=0.07508(w 0.02417 d1 0.00102 d2 0.00077 f 0.01644) | val_rec=0.01688 val_sup=0.04177 [0.0836 0.0182 0.0473 0.0180] S=0.814(enc1) 9s
  ep 87 L=0.10293 rec=0.02795 sup=0.07498(w 0.02411 d1 0.00102 d2 0.00077 f 0.01640) | val_rec=0.01691 val_sup=0.04285 [0.0890 0.0174 0.0475 0.0175] 9s
  ep 88 L=0.10336 rec=0.02843 sup=0.07493(w 0.02406 d1 0.00102 d2 0.00077 f 0.01637) | val_rec=0.01643 val_sup=0.04137 [0.0827 0.0176 0.0471 0.0181] S=0.838(enc1) 9s
  ep 89 L=0.10316 rec=0.02826 sup=0.07490(w 0.02401 d1 0.00102 d2 0.00077 f 0.01642) | val_rec=0.01695 val_sup=0.04285 [0.0889 0.0173 0.0474 0.0178] 9s
  ep 90 L=0.10250 rec=0.02788 sup=0.07462(w 0.02382 d1 0.00102 d2 0.00077 f 0.01619) | val_rec=0.01644 val_sup=0.04204 [0.0860 0.0173 0.0471 0.0178] S=0.827(enc1) 9s
  ep 91 L=0.10197 rec=0.02767 sup=0.07430(w 0.02367 d1 0.00101 d2 0.00077 f 0.01611) | val_rec=0.01796 val_sup=0.04299 [0.0888 0.0176 0.0474 0.0181] 9s
  ep 92 L=0.10152 rec=0.02761 sup=0.07391(w 0.02351 d1 0.00101 d2 0.00076 f 0.01599) | val_rec=0.01561 val_sup=0.04165 [0.0838 0.0180 0.0472 0.0176] S=0.824(enc1) 9s
  ep 93 L=0.10186 rec=0.02782 sup=0.07404(w 0.02349 d1 0.00101 d2 0.00077 f 0.01608) | val_rec=0.01685 val_sup=0.04290 [0.0889 0.0180 0.0470 0.0177] 9s
  ep 94 L=0.10173 rec=0.02782 sup=0.07391(w 0.02342 d1 0.00101 d2 0.00076 f 0.01590) | val_rec=0.01660 val_sup=0.04184 [0.0833 0.0183 0.0474 0.0184] S=0.828(enc1) 9s
  ep 95 L=0.10161 rec=0.02775 sup=0.07386(w 0.02336 d1 0.00101 d2 0.00076 f 0.01595) | val_rec=0.01561 val_sup=0.04262 [0.0875 0.0175 0.0475 0.0180] 9s
  ep 96 L=0.10184 rec=0.02782 sup=0.07402(w 0.02334 d1 0.00101 d2 0.00077 f 0.01597) | val_rec=0.01810 val_sup=0.04409 [0.0934 0.0178 0.0476 0.0177] S=0.798(enc1) 9s
  ep 97 L=0.10116 rec=0.02758 sup=0.07358(w 0.02320 d1 0.00101 d2 0.00076 f 0.01591) | val_rec=0.01729 val_sup=0.04282 [0.0883 0.0182 0.0472 0.0176] 9s
  ep 98 L=0.10134 rec=0.02773 sup=0.07362(w 0.02321 d1 0.00101 d2 0.00077 f 0.01584) | val_rec=0.01594 val_sup=0.04150 [0.0824 0.0185 0.0477 0.0174] S=0.834(enc1) 9s
  ep 99 L=0.10095 rec=0.02741 sup=0.07354(w 0.02302 d1 0.00101 d2 0.00076 f 0.01576) | val_rec=0.01667 val_sup=0.04413 [0.0918 0.0196 0.0472 0.0179] 9s
  ep100 L=0.10134 rec=0.02772 sup=0.07362(w 0.02309 d1 0.00101 d2 0.00077 f 0.01572) | val_rec=0.01896 val_sup=0.04482 [0.0964 0.0175 0.0476 0.0178] S=0.788(enc1) 9s
  ep101 L=0.09949 rec=0.02688 sup=0.07261(w 0.02260 d1 0.00100 d2 0.00076 f 0.01538) | val_rec=0.01742 val_sup=0.04487 [0.0929 0.0190 0.0481 0.0195] 9s
  ep102 L=0.09972 rec=0.02686 sup=0.07287(w 0.02257 d1 0.00101 d2 0.00077 f 0.01550) | val_rec=0.01589 val_sup=0.04094 [0.0805 0.0181 0.0478 0.0174] S=0.825(enc1) 9s
  ep103 L=0.09970 rec=0.02702 sup=0.07268(w 0.02250 d1 0.00100 d2 0.00076 f 0.01530) | val_rec=0.01661 val_sup=0.04222 [0.0856 0.0181 0.0473 0.0179] 9s
  ep104 L=0.09942 rec=0.02674 sup=0.07268(w 0.02241 d1 0.00101 d2 0.00077 f 0.01535) | val_rec=0.01627 val_sup=0.04196 [0.0843 0.0186 0.0474 0.0176] S=0.798(enc1) 9s
  ep105 L=0.09901 rec=0.02669 sup=0.07232(w 0.02231 d1 0.00100 d2 0.00076 f 0.01522) | val_rec=0.01642 val_sup=0.04181 [0.0827 0.0186 0.0477 0.0182] 9s
  ep106 L=0.09949 rec=0.02689 sup=0.07259(w 0.02246 d1 0.00100 d2 0.00076 f 0.01539) | val_rec=0.01592 val_sup=0.04142 [0.0826 0.0182 0.0473 0.0175] S=0.819(enc1) 9s
  ep107 L=0.09969 rec=0.02705 sup=0.07263(w 0.02248 d1 0.00100 d2 0.00076 f 0.01534) | val_rec=0.01732 val_sup=0.04229 [0.0830 0.0193 0.0481 0.0187] 9s
  ep108 L=0.09942 rec=0.02676 sup=0.07267(w 0.02239 d1 0.00101 d2 0.00077 f 0.01535) | val_rec=0.01639 val_sup=0.04200 [0.0838 0.0181 0.0477 0.0184] S=0.830(enc1) 9s
  ep109 L=0.09889 rec=0.02662 sup=0.07227(w 0.02226 d1 0.00100 d2 0.00076 f 0.01520) | val_rec=0.01665 val_sup=0.04201 [0.0837 0.0188 0.0476 0.0179] 9s
  ep110 L=0.09964 rec=0.02676 sup=0.07287(w 0.02236 d1 0.00101 d2 0.00077 f 0.01528) | val_rec=0.01588 val_sup=0.04153 [0.0827 0.0183 0.0477 0.0175] S=0.801(enc1) 9s
  ep111 L=0.09894 rec=0.02667 sup=0.07227(w 0.02226 d1 0.00100 d2 0.00076 f 0.01519) | val_rec=0.01679 val_sup=0.04326 [0.0865 0.0188 0.0483 0.0194] 9s
  ep112 L=0.09929 rec=0.02675 sup=0.07254(w 0.02237 d1 0.00100 d2 0.00076 f 0.01536) | val_rec=0.01720 val_sup=0.04452 [0.0948 0.0181 0.0474 0.0178] S=0.797(enc1) 9s
  ep113 L=0.09936 rec=0.02679 sup=0.07257(w 0.02231 d1 0.00101 d2 0.00077 f 0.01519) | val_rec=0.01712 val_sup=0.04223 [0.0851 0.0181 0.0478 0.0180] 9s
  ep114 L=0.09896 rec=0.02664 sup=0.07233(w 0.02221 d1 0.00100 d2 0.00076 f 0.01514) | val_rec=0.01568 val_sup=0.04277 [0.0863 0.0184 0.0478 0.0186] S=0.804(enc1) 9s
  ep115 L=0.09921 rec=0.02675 sup=0.07247(w 0.02230 d1 0.00100 d2 0.00077 f 0.01528) | val_rec=0.01625 val_sup=0.04222 [0.0851 0.0182 0.0477 0.0178] 9s
  ep116 L=0.09930 rec=0.02685 sup=0.07244(w 0.02233 d1 0.00100 d2 0.00076 f 0.01523) | val_rec=0.01536 val_sup=0.04201 [0.0833 0.0189 0.0477 0.0181] S=0.839(enc1) 9s
  ep117 L=0.09948 rec=0.02699 sup=0.07249(w 0.02233 d1 0.00100 d2 0.00076 f 0.01525) | val_rec=0.01615 val_sup=0.04205 [0.0844 0.0186 0.0476 0.0177] 9s
  ep118 L=0.09921 rec=0.02678 sup=0.07243(w 0.02224 d1 0.00100 d2 0.00076 f 0.01523) | val_rec=0.01886 val_sup=0.04772 [0.1064 0.0185 0.0479 0.0180] S=0.788(enc1) 9s
  ep119 L=0.09857 rec=0.02648 sup=0.07210(w 0.02212 d1 0.00100 d2 0.00076 f 0.01506) | val_rec=0.01569 val_sup=0.04284 [0.0870 0.0185 0.0475 0.0183] 9s
  ep120 L=0.09886 rec=0.02662 sup=0.07224(w 0.02219 d1 0.00100 d2 0.00076 f 0.01521) | val_rec=0.01558 val_sup=0.04094 [0.0807 0.0184 0.0472 0.0175] S=0.807(enc1) 9s
  ep121 L=0.09862 rec=0.02655 sup=0.07207(w 0.02212 d1 0.00100 d2 0.00076 f 0.01503) | val_rec=0.01599 val_sup=0.04245 [0.0856 0.0184 0.0477 0.0181] 9s
  ep122 L=0.09945 rec=0.02688 sup=0.07257(w 0.02232 d1 0.00100 d2 0.00077 f 0.01534) | val_rec=0.01740 val_sup=0.04200 [0.0842 0.0181 0.0480 0.0177] S=0.809(enc1) 9s
  ep123 L=0.09855 rec=0.02650 sup=0.07205(w 0.02209 d1 0.00100 d2 0.00076 f 0.01503) | val_rec=0.01775 val_sup=0.04523 [0.0956 0.0190 0.0478 0.0186] 9s
  ep124 L=0.09886 rec=0.02662 sup=0.07224(w 0.02218 d1 0.00100 d2 0.00076 f 0.01527) | val_rec=0.01561 val_sup=0.04138 [0.0808 0.0187 0.0478 0.0181] S=0.831(enc1) 9s
  ep125 L=0.09867 rec=0.02658 sup=0.07209(w 0.02213 d1 0.00100 d2 0.00076 f 0.01505) | val_rec=0.01746 val_sup=0.04273 [0.0849 0.0188 0.0483 0.0188] 9s
  ep126 L=0.09917 rec=0.02681 sup=0.07236(w 0.02229 d1 0.00100 d2 0.00076 f 0.01522) | val_rec=0.01725 val_sup=0.04277 [0.0872 0.0183 0.0477 0.0178] S=0.801(enc1) 9s
  ep127 L=0.09856 rec=0.02650 sup=0.07206(w 0.02213 d1 0.00100 d2 0.00076 f 0.01518) | val_rec=0.01629 val_sup=0.04263 [0.0860 0.0186 0.0477 0.0182] 9s
  ep128 L=0.09853 rec=0.02661 sup=0.07192(w 0.02214 d1 0.00100 d2 0.00076 f 0.01508) | val_rec=0.01599 val_sup=0.04261 [0.0855 0.0191 0.0476 0.0183] S=0.822(enc1) 9s
  ep129 L=0.09856 rec=0.02642 sup=0.07214(w 0.02208 d1 0.00100 d2 0.00076 f 0.01507) | val_rec=0.01614 val_sup=0.04231 [0.0845 0.0184 0.0478 0.0185] 9s
  ep130 L=0.09907 rec=0.02676 sup=0.07231(w 0.02223 d1 0.00100 d2 0.00076 f 0.01527) | val_rec=0.01707 val_sup=0.04148 [0.0825 0.0182 0.0478 0.0174] S=0.825(enc1) 9s
  ep131 L=0.09907 rec=0.02667 sup=0.07240(w 0.02219 d1 0.00100 d2 0.00077 f 0.01518) | val_rec=0.01702 val_sup=0.04288 [0.0876 0.0185 0.0478 0.0177] 9s
  ep132 L=0.09900 rec=0.02690 sup=0.07210(w 0.02220 d1 0.00100 d2 0.00076 f 0.01510) | val_rec=0.01633 val_sup=0.04218 [0.0840 0.0189 0.0478 0.0180] S=0.809(enc1) 9s
  ep133 L=0.09875 rec=0.02666 sup=0.07209(w 0.02216 d1 0.00100 d2 0.00076 f 0.01520) | val_rec=0.01561 val_sup=0.04180 [0.0833 0.0183 0.0475 0.0181] 9s
  ep134 L=0.09868 rec=0.02658 sup=0.07210(w 0.02208 d1 0.00100 d2 0.00076 f 0.01505) | val_rec=0.01658 val_sup=0.04332 [0.0895 0.0184 0.0479 0.0175] S=0.814(enc1) 9s
  ep135 L=0.09857 rec=0.02662 sup=0.07196(w 0.02206 d1 0.00100 d2 0.00076 f 0.01511) | val_rec=0.01670 val_sup=0.04244 [0.0834 0.0189 0.0483 0.0193] 9s
  ep136 L=0.09879 rec=0.02672 sup=0.07207(w 0.02208 d1 0.00100 d2 0.00076 f 0.01507) | val_rec=0.01628 val_sup=0.04351 [0.0898 0.0189 0.0474 0.0179] S=0.811(enc1) 9s
  ep137 L=0.09846 rec=0.02654 sup=0.07192(w 0.02200 d1 0.00100 d2 0.00076 f 0.01502) | val_rec=0.01654 val_sup=0.04039 [0.0769 0.0191 0.0477 0.0178] 9s
  ep138 L=0.09839 rec=0.02648 sup=0.07191(w 0.02202 d1 0.00100 d2 0.00076 f 0.01505) | val_rec=0.01796 val_sup=0.04301 [0.0877 0.0185 0.0476 0.0182] S=0.815(enc1) 9s
  ep139 L=0.09849 rec=0.02652 sup=0.07197(w 0.02204 d1 0.00100 d2 0.00076 f 0.01501) | val_rec=0.01820 val_sup=0.04609 [0.0995 0.0186 0.0481 0.0182] 9s
  ep140 L=0.09856 rec=0.02655 sup=0.07201(w 0.02201 d1 0.00100 d2 0.00076 f 0.01505) | val_rec=0.01748 val_sup=0.04464 [0.0937 0.0189 0.0478 0.0181] S=0.815(enc1) 9s
  ep141 L=0.09864 rec=0.02653 sup=0.07212(w 0.02201 d1 0.00100 d2 0.00076 f 0.01506) | val_rec=0.01642 val_sup=0.04303 [0.0878 0.0187 0.0478 0.0179] 9s
  ep142 L=0.09815 rec=0.02640 sup=0.07175(w 0.02194 d1 0.00100 d2 0.00076 f 0.01498) | val_rec=0.01552 val_sup=0.04112 [0.0803 0.0188 0.0476 0.0178] S=0.811(enc1) 9s
  ep143 L=0.09905 rec=0.02694 sup=0.07211(w 0.02219 d1 0.00100 d2 0.00076 f 0.01519) | val_rec=0.01856 val_sup=0.04333 [0.0887 0.0187 0.0480 0.0179] 9s
  ep144 L=0.09846 rec=0.02661 sup=0.07185(w 0.02203 d1 0.00100 d2 0.00076 f 0.01507) | val_rec=0.01631 val_sup=0.04221 [0.0839 0.0190 0.0480 0.0180] S=0.825(enc1) 9s
  ep145 L=0.09907 rec=0.02687 sup=0.07220(w 0.02211 d1 0.00100 d2 0.00076 f 0.01512) | val_rec=0.01931 val_sup=0.04281 [0.0877 0.0184 0.0476 0.0176] 9s
  ep146 L=0.09868 rec=0.02671 sup=0.07197(w 0.02206 d1 0.00100 d2 0.00076 f 0.01506) | val_rec=0.01634 val_sup=0.04327 [0.0884 0.0188 0.0476 0.0183] S=0.815(enc1) 9s
  ep147 L=0.09831 rec=0.02643 sup=0.07188(w 0.02191 d1 0.00100 d2 0.00076 f 0.01505) | val_rec=0.01575 val_sup=0.04208 [0.0842 0.0187 0.0479 0.0176] 9s
  ep148 L=0.09840 rec=0.02650 sup=0.07190(w 0.02200 d1 0.00100 d2 0.00076 f 0.01502) | val_rec=0.01737 val_sup=0.04294 [0.0877 0.0187 0.0476 0.0178] S=0.801(enc1) 9s
  ep149 L=0.09839 rec=0.02661 sup=0.07178(w 0.02200 d1 0.00100 d2 0.00076 f 0.01509) | val_rec=0.01634 val_sup=0.04269 [0.0865 0.0186 0.0478 0.0178] 9s
  ep150 L=0.09928 rec=0.02668 sup=0.07261(w 0.02206 d1 0.00101 d2 0.00077 f 0.01516) | val_rec=0.01702 val_sup=0.04269 [0.0870 0.0183 0.0477 0.0177] S=0.814(enc1) 9s
  ep151 L=0.09869 rec=0.02667 sup=0.07201(w 0.02203 d1 0.00100 d2 0.00076 f 0.01493) | val_rec=0.01591 val_sup=0.04167 [0.0820 0.0189 0.0478 0.0180] 9s
  ep152 L=0.09826 rec=0.02645 sup=0.07181(w 0.02190 d1 0.00100 d2 0.00076 f 0.01494) | val_rec=0.01705 val_sup=0.04338 [0.0886 0.0185 0.0480 0.0184] S=0.810(enc1) 9s
  ep153 L=0.09882 rec=0.02666 sup=0.07216(w 0.02203 d1 0.00100 d2 0.00076 f 0.01506) | val_rec=0.01587 val_sup=0.04145 [0.0819 0.0183 0.0480 0.0176] 9s
  ep154 L=0.09865 rec=0.02653 sup=0.07212(w 0.02199 d1 0.00100 d2 0.00077 f 0.01503) | val_rec=0.01606 val_sup=0.04195 [0.0837 0.0184 0.0481 0.0175] S=0.809(enc1) 9s
  ep155 L=0.09845 rec=0.02638 sup=0.07207(w 0.02188 d1 0.00100 d2 0.00077 f 0.01496) | val_rec=0.01631 val_sup=0.04309 [0.0878 0.0183 0.0479 0.0184] 9s
  ep156 L=0.09766 rec=0.02624 sup=0.07142(w 0.02181 d1 0.00099 d2 0.00076 f 0.01488) | val_rec=0.01764 val_sup=0.04220 [0.0826 0.0197 0.0477 0.0188] S=0.818(enc1) 10s
  ep157 L=0.09835 rec=0.02647 sup=0.07188(w 0.02190 d1 0.00100 d2 0.00076 f 0.01500) | val_rec=0.01721 val_sup=0.04369 [0.0907 0.0185 0.0478 0.0178] 9s
  ep158 L=0.09868 rec=0.02660 sup=0.07208(w 0.02195 d1 0.00100 d2 0.00077 f 0.01502) | val_rec=0.01607 val_sup=0.04228 [0.0853 0.0186 0.0476 0.0176] S=0.818(enc1) 9s
  ep159 L=0.09785 rec=0.02625 sup=0.07160(w 0.02182 d1 0.00100 d2 0.00076 f 0.01489) | val_rec=0.01589 val_sup=0.04158 [0.0809 0.0190 0.0478 0.0186] 9s
  ep160 L=0.09841 rec=0.02650 sup=0.07191(w 0.02197 d1 0.00100 d2 0.00076 f 0.01502) | val_rec=0.01692 val_sup=0.04208 [0.0845 0.0185 0.0478 0.0175] S=0.844(enc1) 9s
  ep161 L=0.09818 rec=0.02643 sup=0.07175(w 0.02189 d1 0.00100 d2 0.00076 f 0.01497) | val_rec=0.01558 val_sup=0.04201 [0.0830 0.0190 0.0480 0.0180] 9s
  ep162 L=0.09781 rec=0.02617 sup=0.07164(w 0.02180 d1 0.00100 d2 0.00076 f 0.01491) | val_rec=0.01576 val_sup=0.04128 [0.0809 0.0188 0.0478 0.0176] S=0.833(enc1) 9s
  ep163 L=0.09781 rec=0.02620 sup=0.07161(w 0.02175 d1 0.00100 d2 0.00076 f 0.01487) | val_rec=0.01622 val_sup=0.04204 [0.0827 0.0189 0.0478 0.0187] 9s
  ep164 L=0.09796 rec=0.02626 sup=0.07169(w 0.02180 d1 0.00100 d2 0.00076 f 0.01489) | val_rec=0.01660 val_sup=0.04239 [0.0845 0.0188 0.0480 0.0183] S=0.821(enc1) 9s
  ep165 L=0.09842 rec=0.02657 sup=0.07185(w 0.02200 d1 0.00100 d2 0.00076 f 0.01501) | val_rec=0.01744 val_sup=0.04376 [0.0897 0.0186 0.0481 0.0187] 9s
  ep166 L=0.09863 rec=0.02670 sup=0.07193(w 0.02198 d1 0.00100 d2 0.00076 f 0.01505) | val_rec=0.01713 val_sup=0.04310 [0.0875 0.0190 0.0479 0.0180] S=0.806(enc1) 9s
  ep167 L=0.09847 rec=0.02656 sup=0.07191(w 0.02194 d1 0.00100 d2 0.00076 f 0.01506) | val_rec=0.01713 val_sup=0.04141 [0.0813 0.0190 0.0476 0.0178] 9s
  ep168 L=0.09835 rec=0.02645 sup=0.07191(w 0.02186 d1 0.00100 d2 0.00076 f 0.01495) | val_rec=0.01611 val_sup=0.04247 [0.0853 0.0186 0.0478 0.0181] S=0.819(enc1) 9s
  ep169 L=0.09833 rec=0.02651 sup=0.07182(w 0.02187 d1 0.00100 d2 0.00076 f 0.01495) | val_rec=0.01641 val_sup=0.04172 [0.0828 0.0186 0.0480 0.0176] 9s
  ep170 L=0.09834 rec=0.02658 sup=0.07176(w 0.02193 d1 0.00100 d2 0.00076 f 0.01500) | val_rec=0.01701 val_sup=0.04348 [0.0869 0.0195 0.0483 0.0192] S=0.832(enc1) 9s
  ep171 L=0.09796 rec=0.02623 sup=0.07173(w 0.02181 d1 0.00100 d2 0.00076 f 0.01498) | val_rec=0.01578 val_sup=0.04185 [0.0829 0.0191 0.0476 0.0177] 9s
  ep172 L=0.09804 rec=0.02624 sup=0.07181(w 0.02180 d1 0.00100 d2 0.00076 f 0.01491) | val_rec=0.01618 val_sup=0.04179 [0.0834 0.0183 0.0479 0.0176] S=0.817(enc1) 9s
  ep173 L=0.09807 rec=0.02638 sup=0.07169(w 0.02183 d1 0.00100 d2 0.00076 f 0.01490) | val_rec=0.01627 val_sup=0.04264 [0.0855 0.0189 0.0481 0.0181] 9s
  ep174 L=0.09836 rec=0.02651 sup=0.07185(w 0.02196 d1 0.00100 d2 0.00076 f 0.01508) | val_rec=0.01549 val_sup=0.04156 [0.0814 0.0190 0.0478 0.0180] S=0.817(enc1) 9s
  ep175 L=0.09881 rec=0.02666 sup=0.07215(w 0.02196 d1 0.00100 d2 0.00077 f 0.01502) | val_rec=0.01650 val_sup=0.04196 [0.0842 0.0185 0.0476 0.0175] 9s
  ep176 L=0.09791 rec=0.02633 sup=0.07158(w 0.02180 d1 0.00100 d2 0.00076 f 0.01486) | val_rec=0.01650 val_sup=0.04294 [0.0847 0.0195 0.0482 0.0194] S=0.820(enc1) 9s
  ep177 L=0.09808 rec=0.02646 sup=0.07162(w 0.02187 d1 0.00099 d2 0.00076 f 0.01496) | val_rec=0.01621 val_sup=0.04329 [0.0882 0.0188 0.0482 0.0179] 9s
  ep178 L=0.09864 rec=0.02675 sup=0.07189(w 0.02201 d1 0.00100 d2 0.00076 f 0.01505) | val_rec=0.01640 val_sup=0.04238 [0.0851 0.0187 0.0476 0.0180] S=0.828(enc1) 9s
  ep179 L=0.09788 rec=0.02635 sup=0.07153(w 0.02181 d1 0.00099 d2 0.00076 f 0.01491) | val_rec=0.01662 val_sup=0.04318 [0.0865 0.0192 0.0480 0.0191] 9s
  ep180 L=0.09849 rec=0.02652 sup=0.07197(w 0.02191 d1 0.00100 d2 0.00076 f 0.01500) | val_rec=0.01729 val_sup=0.04492 [0.0948 0.0188 0.0480 0.0181] S=0.804(enc1) 9s
  ep181 L=0.09802 rec=0.02641 sup=0.07161(w 0.02188 d1 0.00099 d2 0.00076 f 0.01501) | val_rec=0.01666 val_sup=0.04228 [0.0844 0.0187 0.0479 0.0181] 9s
  ep182 L=0.09805 rec=0.02645 sup=0.07160(w 0.02184 d1 0.00100 d2 0.00076 f 0.01492) | val_rec=0.01586 val_sup=0.04327 [0.0875 0.0192 0.0479 0.0186] S=0.820(enc1) 9s
  ep183 L=0.09836 rec=0.02643 sup=0.07193(w 0.02190 d1 0.00100 d2 0.00076 f 0.01499) | val_rec=0.01804 val_sup=0.04382 [0.0906 0.0188 0.0479 0.0181] 9s
  ep184 L=0.09857 rec=0.02656 sup=0.07201(w 0.02197 d1 0.00100 d2 0.00076 f 0.01506) | val_rec=0.01563 val_sup=0.04224 [0.0849 0.0183 0.0481 0.0177] S=0.836(enc1) 9s
  ep185 L=0.09804 rec=0.02641 sup=0.07164(w 0.02185 d1 0.00100 d2 0.00076 f 0.01494) | val_rec=0.01567 val_sup=0.04135 [0.0805 0.0191 0.0478 0.0180] 9s
  ep186 L=0.09859 rec=0.02658 sup=0.07201(w 0.02193 d1 0.00100 d2 0.00077 f 0.01500) | val_rec=0.01647 val_sup=0.04125 [0.0808 0.0187 0.0476 0.0179] S=0.800(enc1) 9s
  ep187 L=0.09789 rec=0.02623 sup=0.07166(w 0.02174 d1 0.00100 d2 0.00076 f 0.01486) | val_rec=0.01632 val_sup=0.04248 [0.0854 0.0187 0.0479 0.0179] 9s
  조기 종료 (val_sup 50에폭 정체)
[s1_해상도\C256] 완료. 187에폭, 판정 94개
  min L_sup^val = 0.04094   min L_recon^val = 0.01536
  C (ratio 1.5) = 80개, 에폭 22~186
  t* = 에폭 102  val_sup 0.04094 [0.0805 0.0181 0.0478 0.0174]  val_recon 0.01589  S 0.8251
    민감도 ratio 1.2: C 74개 (에폭 38~186) -> t* 102  val_sup 0.04094
    민감도 ratio 1.5: C 80개 (에폭 22~186) -> t* 102  val_sup 0.04094
    민감도 ratio 2.0: C 91개 (에폭 6~186) -> t* 102  val_sup 0.04094

[정량 지표] 학습 종료 후 자동 산출 — 03 성분 정렬 · 04 복원 세 방식
  성분 정렬 완료
  복원 세 방식 완료
