[s3_잔차\C16_res_w10] device=cuda K=4 seed=42 hidden=64 train=5760 val=900 V=300
  구조  깊이 4 · 압축률 16 · 인코딩 시간축 225 (조각당 0.044초)
        채널 [32, 32, 64, 64] · dilations [1, 1, 4, 32]
        수용영역 3316 표본 = 9.21초 · 패딩 3600(양쪽 0)
        잔차 연결 블록 [0] · 가중치 1  (성분을 뽑을 때 그 인코더의 잔차만 살린다)
  L = MSE(x_hat, x_noisy) + 1 * L_sup   [지도학습]
  L_sup = (1/K) sum_k [ MSE(s_k, r_k) + 50*MSE(d1 s_k, d1 r_k) + 0*MSE(d2 s_k, d2 r_k) + 0*MSE(|F s_k|, |F r_k|) ]
    d1 = 1차 차분, d2 = 2차 차분, F = rfft(norm='ortho') 크기
  소스별 정규화 없음 (sup_normalize: none)
  배정  enc1=x_clean · enc2=bw · enc3=ma · enc4=em
  정칙화 3항 해제 — lambda_mixing=0 lambda_zero_recon=0 lambda_z_l2=0
  선택  C = { L_sup^val <= 1.5 x min } 에서 L_sup^val 최소, 2에폭 간격
  ep  1 L=0.54051 rec=0.08513 sup=0.45538(w 0.12365 d1 0.00663 d2 0.01209 f 0.09040) | val_rec=0.01321 val_sup=0.04711 [0.0853 0.0254 0.0509 0.0268] S=0.052(enc2) 8s
  ep  2 L=0.11000 rec=0.00950 sup=0.10050(w 0.05655 d1 0.00088 d2 0.00082 f 0.04263) | val_rec=0.00203 val_sup=0.03966 [0.0659 0.0223 0.0473 0.0232] S=0.055(enc1) 7s
  ep  3 L=0.08926 rec=0.00438 sup=0.08488(w 0.04928 d1 0.00071 d2 0.00071 f 0.03478) | val_rec=0.00162 val_sup=0.03520 [0.0585 0.0203 0.0404 0.0215] 7s
  ep  4 L=0.08160 rec=0.00377 sup=0.07783(w 0.04606 d1 0.00064 d2 0.00066 f 0.03148) | val_rec=0.00298 val_sup=0.03305 [0.0532 0.0202 0.0363 0.0224] S=0.057(enc4) 7s
  ep  5 L=0.07593 rec=0.00315 sup=0.07278(w 0.04273 d1 0.00060 d2 0.00064 f 0.02789) | val_rec=0.00340 val_sup=0.03118 [0.0519 0.0193 0.0327 0.0208] 7s
  ep  6 L=0.07257 rec=0.00341 sup=0.06916(w 0.04058 d1 0.00057 d2 0.00062 f 0.02610) | val_rec=0.00156 val_sup=0.02821 [0.0447 0.0183 0.0299 0.0199] S=0.075(enc4) 7s
  ep  7 L=0.06904 rec=0.00267 sup=0.06637(w 0.03882 d1 0.00055 d2 0.00061 f 0.02465) | val_rec=0.01006 val_sup=0.03049 [0.0519 0.0187 0.0305 0.0209] 7s
  ep  8 L=0.06740 rec=0.00337 sup=0.06403(w 0.03727 d1 0.00054 d2 0.00060 f 0.02338) | val_rec=0.00348 val_sup=0.02755 [0.0419 0.0195 0.0291 0.0197] S=0.057(enc2) 7s
  ep  9 L=0.06571 rec=0.00326 sup=0.06245(w 0.03639 d1 0.00052 d2 0.00059 f 0.02281) | val_rec=0.00077 val_sup=0.02510 [0.0392 0.0175 0.0268 0.0169] 7s
  ep 10 L=0.06235 rec=0.00221 sup=0.06015(w 0.03459 d1 0.00051 d2 0.00058 f 0.02141) | val_rec=0.00053 val_sup=0.02515 [0.0381 0.0180 0.0271 0.0174] S=0.056(enc2) 7s
  ep 11 L=0.06329 rec=0.00385 sup=0.05945(w 0.03451 d1 0.00050 d2 0.00057 f 0.02162) | val_rec=0.00306 val_sup=0.02504 [0.0404 0.0174 0.0260 0.0165] 7s
  ep 12 L=0.06078 rec=0.00241 sup=0.05837(w 0.03398 d1 0.00049 d2 0.00056 f 0.02108) | val_rec=0.00059 val_sup=0.02349 [0.0355 0.0170 0.0258 0.0157] S=0.057(enc2) 7s
  ep 13 L=0.06018 rec=0.00304 sup=0.05714(w 0.03306 d1 0.00048 d2 0.00056 f 0.02066) | val_rec=0.00151 val_sup=0.02365 [0.0342 0.0178 0.0262 0.0164] 7s
  ep 14 L=0.05774 rec=0.00194 sup=0.05580(w 0.03205 d1 0.00048 d2 0.00055 f 0.01981) | val_rec=0.00177 val_sup=0.02313 [0.0341 0.0175 0.0253 0.0155] S=0.056(enc1) 7s
  ep 15 L=0.05735 rec=0.00210 sup=0.05525(w 0.03193 d1 0.00047 d2 0.00054 f 0.01989) | val_rec=0.00082 val_sup=0.02380 [0.0346 0.0180 0.0266 0.0159] 7s
  ep 16 L=0.05725 rec=0.00223 sup=0.05502(w 0.03195 d1 0.00046 d2 0.00054 f 0.01976) | val_rec=0.00329 val_sup=0.02230 [0.0338 0.0167 0.0241 0.0146] S=0.057(enc1) 7s
  ep 17 L=0.05848 rec=0.00327 sup=0.05520(w 0.03222 d1 0.00046 d2 0.00053 f 0.02047) | val_rec=0.00050 val_sup=0.02186 [0.0317 0.0170 0.0242 0.0145] 7s
  ep 18 L=0.05732 rec=0.00297 sup=0.05436(w 0.03176 d1 0.00045 d2 0.00052 f 0.01994) | val_rec=0.00752 val_sup=0.02454 [0.0365 0.0189 0.0258 0.0169] S=0.058(enc2) 7s
  ep 19 L=0.05899 rec=0.00409 sup=0.05490(w 0.03249 d1 0.00045 d2 0.00052 f 0.02096) | val_rec=0.00194 val_sup=0.02234 [0.0333 0.0168 0.0247 0.0146] 7s
  ep 20 L=0.05491 rec=0.00226 sup=0.05265(w 0.03051 d1 0.00044 d2 0.00052 f 0.01892) | val_rec=0.00214 val_sup=0.02178 [0.0320 0.0168 0.0240 0.0143] S=0.058(enc2) 7s
  ep 21 L=0.05374 rec=0.00190 sup=0.05184(w 0.03007 d1 0.00044 d2 0.00051 f 0.01870) | val_rec=0.00049 val_sup=0.02237 [0.0307 0.0174 0.0259 0.0155] 7s
  ep 22 L=0.05579 rec=0.00244 sup=0.05334(w 0.03161 d1 0.00043 d2 0.00051 f 0.01968) | val_rec=0.00039 val_sup=0.02189 [0.0313 0.0177 0.0239 0.0147] S=0.060(enc2) 7s
  ep 23 L=0.05415 rec=0.00194 sup=0.05220(w 0.03067 d1 0.00043 d2 0.00050 f 0.01887) | val_rec=0.00324 val_sup=0.02293 [0.0368 0.0167 0.0241 0.0140] 7s
  ep 24 L=0.05335 rec=0.00205 sup=0.05130(w 0.02988 d1 0.00043 d2 0.00050 f 0.01847) | val_rec=0.00065 val_sup=0.02068 [0.0291 0.0169 0.0230 0.0138] S=0.060(enc2) 7s
  ep 25 L=0.05381 rec=0.00263 sup=0.05117(w 0.02991 d1 0.00043 d2 0.00049 f 0.01868) | val_rec=0.00081 val_sup=0.02091 [0.0292 0.0163 0.0240 0.0141] 7s
  ep 26 L=0.05264 rec=0.00190 sup=0.05074(w 0.02971 d1 0.00042 d2 0.00049 f 0.01845) | val_rec=0.00045 val_sup=0.02043 [0.0290 0.0170 0.0223 0.0134] S=0.059(enc2) 7s
  ep 27 L=0.05203 rec=0.00204 sup=0.04998(w 0.02932 d1 0.00041 d2 0.00048 f 0.01814) | val_rec=0.00216 val_sup=0.02153 [0.0311 0.0167 0.0242 0.0141] 7s
  ep 28 L=0.05198 rec=0.00235 sup=0.04963(w 0.02910 d1 0.00041 d2 0.00048 f 0.01806) | val_rec=0.00122 val_sup=0.02023 [0.0287 0.0164 0.0225 0.0132] S=0.061(enc2) 7s
  ep 29 L=0.05175 rec=0.00230 sup=0.04944(w 0.02895 d1 0.00041 d2 0.00047 f 0.01829) | val_rec=0.00122 val_sup=0.02040 [0.0289 0.0172 0.0222 0.0134] 7s
  ep 30 L=0.05083 rec=0.00182 sup=0.04901(w 0.02871 d1 0.00041 d2 0.00047 f 0.01767) | val_rec=0.00033 val_sup=0.02027 [0.0279 0.0167 0.0228 0.0137] S=0.059(enc1) 7s
  ep 31 L=0.05106 rec=0.00175 sup=0.04931(w 0.02887 d1 0.00041 d2 0.00047 f 0.01799) | val_rec=0.00326 val_sup=0.02172 [0.0333 0.0165 0.0240 0.0131] 7s
  ep 32 L=0.05081 rec=0.00199 sup=0.04882(w 0.02876 d1 0.00040 d2 0.00046 f 0.01796) | val_rec=0.00112 val_sup=0.01993 [0.0282 0.0162 0.0221 0.0133] S=0.058(enc2) 7s
  ep 33 L=0.05018 rec=0.00182 sup=0.04836(w 0.02850 d1 0.00040 d2 0.00045 f 0.01776) | val_rec=0.00088 val_sup=0.02056 [0.0276 0.0174 0.0233 0.0140] 7s
  ep 34 L=0.04952 rec=0.00202 sup=0.04750(w 0.02803 d1 0.00039 d2 0.00045 f 0.01727) | val_rec=0.00201 val_sup=0.02043 [0.0293 0.0167 0.0226 0.0132] S=0.059(enc1) 7s
  ep 35 L=0.04969 rec=0.00210 sup=0.04759(w 0.02815 d1 0.00039 d2 0.00044 f 0.01756) | val_rec=0.00133 val_sup=0.02062 [0.0305 0.0166 0.0223 0.0131] 7s
  ep 36 L=0.05107 rec=0.00295 sup=0.04812(w 0.02866 d1 0.00039 d2 0.00044 f 0.01792) | val_rec=0.00136 val_sup=0.02029 [0.0288 0.0167 0.0225 0.0131] S=0.058(enc1) 7s
  ep 37 L=0.04872 rec=0.00182 sup=0.04690(w 0.02764 d1 0.00039 d2 0.00043 f 0.01717) | val_rec=0.00074 val_sup=0.01982 [0.0281 0.0161 0.0218 0.0132] 7s
  ep 38 L=0.04856 rec=0.00202 sup=0.04655(w 0.02762 d1 0.00038 d2 0.00042 f 0.01707) | val_rec=0.00043 val_sup=0.02171 [0.0305 0.0177 0.0241 0.0146] S=0.062(enc1) 7s
  ep 39 L=0.04818 rec=0.00175 sup=0.04643(w 0.02786 d1 0.00037 d2 0.00041 f 0.01735) | val_rec=0.00128 val_sup=0.02023 [0.0265 0.0176 0.0225 0.0143] 7s
  ep 40 L=0.04871 rec=0.00232 sup=0.04639(w 0.02787 d1 0.00037 d2 0.00040 f 0.01734) | val_rec=0.00090 val_sup=0.02027 [0.0275 0.0174 0.0225 0.0136] S=0.060(enc2) 7s
  ep 41 L=0.04648 rec=0.00136 sup=0.04512(w 0.02690 d1 0.00036 d2 0.00039 f 0.01661) | val_rec=0.00109 val_sup=0.01951 [0.0277 0.0165 0.0211 0.0127] 7s
  ep 42 L=0.04605 rec=0.00138 sup=0.04467(w 0.02666 d1 0.00036 d2 0.00038 f 0.01659) | val_rec=0.00032 val_sup=0.01950 [0.0263 0.0169 0.0216 0.0132] S=0.063(enc1) 7s
  ep 43 L=0.04581 rec=0.00149 sup=0.04431(w 0.02643 d1 0.00036 d2 0.00037 f 0.01644) | val_rec=0.00109 val_sup=0.01998 [0.0279 0.0183 0.0207 0.0131] 7s
  ep 44 L=0.04634 rec=0.00186 sup=0.04448(w 0.02671 d1 0.00036 d2 0.00037 f 0.01663) | val_rec=0.00068 val_sup=0.01915 [0.0263 0.0163 0.0215 0.0126] S=0.062(enc1) 7s
  ep 45 L=0.04648 rec=0.00216 sup=0.04432(w 0.02660 d1 0.00035 d2 0.00037 f 0.01664) | val_rec=0.00025 val_sup=0.01949 [0.0269 0.0168 0.0213 0.0130] 7s
  ep 46 L=0.04559 rec=0.00148 sup=0.04411(w 0.02640 d1 0.00035 d2 0.00037 f 0.01636) | val_rec=0.00043 val_sup=0.01892 [0.0255 0.0165 0.0209 0.0128] S=0.062(enc1) 7s
  ep 47 L=0.04658 rec=0.00231 sup=0.04427(w 0.02664 d1 0.00035 d2 0.00036 f 0.01679) | val_rec=0.00066 val_sup=0.01928 [0.0265 0.0170 0.0209 0.0127] 7s
  ep 48 L=0.04578 rec=0.00154 sup=0.04424(w 0.02669 d1 0.00035 d2 0.00036 f 0.01673) | val_rec=0.00107 val_sup=0.02000 [0.0273 0.0190 0.0210 0.0127] S=0.062(enc1) 7s
  ep 49 L=0.04431 rec=0.00131 sup=0.04300(w 0.02580 d1 0.00034 d2 0.00035 f 0.01587) | val_rec=0.00081 val_sup=0.01900 [0.0254 0.0170 0.0207 0.0129] 7s
  ep 50 L=0.04517 rec=0.00196 sup=0.04321(w 0.02598 d1 0.00034 d2 0.00035 f 0.01615) | val_rec=0.00038 val_sup=0.01933 [0.0242 0.0167 0.0225 0.0139] S=0.065(enc1) 7s
  ep 51 L=0.04375 rec=0.00114 sup=0.04261(w 0.02551 d1 0.00034 d2 0.00035 f 0.01615) | val_rec=0.00124 val_sup=0.01917 [0.0269 0.0162 0.0210 0.0125] 7s
  ep 52 L=0.04263 rec=0.00096 sup=0.04167(w 0.02468 d1 0.00034 d2 0.00035 f 0.01522) | val_rec=0.00038 val_sup=0.01852 [0.0249 0.0163 0.0203 0.0125] S=0.064(enc1) 7s
  ep 53 L=0.04277 rec=0.00104 sup=0.04173(w 0.02469 d1 0.00034 d2 0.00035 f 0.01534) | val_rec=0.00054 val_sup=0.01908 [0.0263 0.0164 0.0211 0.0125] 7s
  ep 54 L=0.04273 rec=0.00115 sup=0.04157(w 0.02460 d1 0.00034 d2 0.00035 f 0.01518) | val_rec=0.00123 val_sup=0.01885 [0.0257 0.0166 0.0206 0.0126] S=0.064(enc1) 7s
  ep 55 L=0.04300 rec=0.00136 sup=0.04164(w 0.02465 d1 0.00034 d2 0.00035 f 0.01539) | val_rec=0.00184 val_sup=0.01896 [0.0252 0.0172 0.0207 0.0127] 7s
  ep 56 L=0.04253 rec=0.00107 sup=0.04146(w 0.02453 d1 0.00034 d2 0.00034 f 0.01528) | val_rec=0.00025 val_sup=0.01884 [0.0254 0.0168 0.0204 0.0128] S=0.064(enc1) 7s
  ep 57 L=0.04224 rec=0.00088 sup=0.04136(w 0.02444 d1 0.00034 d2 0.00034 f 0.01513) | val_rec=0.00119 val_sup=0.01882 [0.0259 0.0165 0.0203 0.0127] 7s
  ep 58 L=0.04266 rec=0.00123 sup=0.04143(w 0.02452 d1 0.00034 d2 0.00034 f 0.01526) | val_rec=0.00116 val_sup=0.01877 [0.0254 0.0165 0.0206 0.0126] S=0.063(enc1) 7s
  ep 59 L=0.04235 rec=0.00097 sup=0.04139(w 0.02447 d1 0.00034 d2 0.00034 f 0.01520) | val_rec=0.00053 val_sup=0.01894 [0.0257 0.0169 0.0205 0.0127] 7s
  ep 60 L=0.04273 rec=0.00120 sup=0.04152(w 0.02455 d1 0.00034 d2 0.00035 f 0.01531) | val_rec=0.00316 val_sup=0.01946 [0.0284 0.0162 0.0208 0.0124] S=0.067(enc1) 7s
  ep 61 L=0.04241 rec=0.00112 sup=0.04130(w 0.02436 d1 0.00034 d2 0.00034 f 0.01506) | val_rec=0.00021 val_sup=0.01862 [0.0250 0.0166 0.0204 0.0125] 7s
  ep 62 L=0.04234 rec=0.00100 sup=0.04134(w 0.02443 d1 0.00034 d2 0.00034 f 0.01514) | val_rec=0.00108 val_sup=0.01907 [0.0257 0.0169 0.0210 0.0127] S=0.065(enc1) 7s
  ep 63 L=0.04232 rec=0.00102 sup=0.04131(w 0.02441 d1 0.00034 d2 0.00034 f 0.01513) | val_rec=0.00187 val_sup=0.01922 [0.0273 0.0167 0.0203 0.0126] 7s
  ep 64 L=0.04219 rec=0.00092 sup=0.04128(w 0.02435 d1 0.00034 d2 0.00034 f 0.01514) | val_rec=0.00167 val_sup=0.01910 [0.0268 0.0164 0.0208 0.0123] S=0.065(enc1) 7s
  ep 65 L=0.04230 rec=0.00109 sup=0.04121(w 0.02429 d1 0.00034 d2 0.00034 f 0.01501) | val_rec=0.00107 val_sup=0.01885 [0.0252 0.0168 0.0208 0.0126] 7s
  ep 66 L=0.04219 rec=0.00094 sup=0.04124(w 0.02435 d1 0.00034 d2 0.00034 f 0.01507) | val_rec=0.00028 val_sup=0.01865 [0.0248 0.0168 0.0205 0.0125] S=0.067(enc1) 7s
  ep 67 L=0.04219 rec=0.00101 sup=0.04118(w 0.02429 d1 0.00034 d2 0.00034 f 0.01505) | val_rec=0.00246 val_sup=0.01919 [0.0271 0.0169 0.0203 0.0125] 7s
  ep 68 L=0.04228 rec=0.00109 sup=0.04119(w 0.02429 d1 0.00034 d2 0.00034 f 0.01515) | val_rec=0.00074 val_sup=0.01897 [0.0262 0.0166 0.0204 0.0126] S=0.066(enc1) 7s
  ep 69 L=0.04273 rec=0.00134 sup=0.04139(w 0.02442 d1 0.00034 d2 0.00034 f 0.01530) | val_rec=0.00083 val_sup=0.01917 [0.0270 0.0165 0.0206 0.0126] 7s
  ep 70 L=0.04222 rec=0.00103 sup=0.04119(w 0.02428 d1 0.00034 d2 0.00034 f 0.01496) | val_rec=0.00157 val_sup=0.01902 [0.0265 0.0163 0.0207 0.0126] S=0.061(enc1) 7s
  ep 71 L=0.04196 rec=0.00097 sup=0.04099(w 0.02415 d1 0.00034 d2 0.00034 f 0.01488) | val_rec=0.00018 val_sup=0.01869 [0.0252 0.0164 0.0206 0.0125] 7s
  ep 72 L=0.04182 rec=0.00084 sup=0.04098(w 0.02415 d1 0.00034 d2 0.00034 f 0.01498) | val_rec=0.00094 val_sup=0.01904 [0.0259 0.0172 0.0205 0.0126] S=0.067(enc1) 7s
  ep 73 L=0.04187 rec=0.00095 sup=0.04093(w 0.02410 d1 0.00034 d2 0.00034 f 0.01494) | val_rec=0.00045 val_sup=0.01876 [0.0254 0.0168 0.0203 0.0125] 7s
  ep 74 L=0.04242 rec=0.00133 sup=0.04109(w 0.02429 d1 0.00034 d2 0.00034 f 0.01516) | val_rec=0.00286 val_sup=0.01939 [0.0284 0.0164 0.0203 0.0125] S=0.071(enc1) 7s
  ep 75 L=0.04205 rec=0.00111 sup=0.04094(w 0.02415 d1 0.00034 d2 0.00034 f 0.01496) | val_rec=0.00091 val_sup=0.01918 [0.0262 0.0174 0.0205 0.0126] 7s
  ep 76 L=0.04221 rec=0.00121 sup=0.04100(w 0.02419 d1 0.00034 d2 0.00034 f 0.01512) | val_rec=0.00134 val_sup=0.01900 [0.0264 0.0168 0.0203 0.0126] S=0.070(enc1) 7s
  ep 77 L=0.04243 rec=0.00129 sup=0.04114(w 0.02430 d1 0.00034 d2 0.00034 f 0.01499) | val_rec=0.00175 val_sup=0.01936 [0.0277 0.0167 0.0204 0.0127] 7s
  ep 78 L=0.04243 rec=0.00141 sup=0.04101(w 0.02419 d1 0.00034 d2 0.00034 f 0.01499) | val_rec=0.00190 val_sup=0.01962 [0.0275 0.0175 0.0205 0.0130] S=0.067(enc1) 7s
  ep 79 L=0.04171 rec=0.00089 sup=0.04082(w 0.02408 d1 0.00033 d2 0.00034 f 0.01503) | val_rec=0.00028 val_sup=0.01882 [0.0253 0.0168 0.0205 0.0127] 7s
  ep 80 L=0.04160 rec=0.00090 sup=0.04070(w 0.02398 d1 0.00033 d2 0.00034 f 0.01481) | val_rec=0.00014 val_sup=0.01851 [0.0247 0.0164 0.0204 0.0126] S=0.065(enc1) 7s
  ep 81 L=0.04223 rec=0.00126 sup=0.04097(w 0.02417 d1 0.00034 d2 0.00034 f 0.01500) | val_rec=0.00030 val_sup=0.01872 [0.0254 0.0165 0.0206 0.0124] 7s
  ep 82 L=0.04188 rec=0.00104 sup=0.04084(w 0.02406 d1 0.00034 d2 0.00034 f 0.01493) | val_rec=0.00053 val_sup=0.01887 [0.0257 0.0168 0.0205 0.0125] S=0.067(enc1) 7s
  ep 83 L=0.04155 rec=0.00091 sup=0.04065(w 0.02395 d1 0.00033 d2 0.00034 f 0.01482) | val_rec=0.00136 val_sup=0.01886 [0.0258 0.0165 0.0206 0.0126] 7s
  ep 84 L=0.04221 rec=0.00123 sup=0.04098(w 0.02420 d1 0.00034 d2 0.00034 f 0.01502) | val_rec=0.00116 val_sup=0.01869 [0.0258 0.0162 0.0203 0.0124] S=0.063(enc1) 7s
  ep 85 L=0.04182 rec=0.00108 sup=0.04073(w 0.02402 d1 0.00033 d2 0.00034 f 0.01484) | val_rec=0.00035 val_sup=0.01880 [0.0256 0.0165 0.0204 0.0126] 7s
  ep 86 L=0.04168 rec=0.00101 sup=0.04067(w 0.02394 d1 0.00033 d2 0.00034 f 0.01481) | val_rec=0.00039 val_sup=0.01879 [0.0249 0.0170 0.0206 0.0126] S=0.067(enc1) 7s
  ep 87 L=0.04175 rec=0.00100 sup=0.04074(w 0.02404 d1 0.00033 d2 0.00034 f 0.01503) | val_rec=0.00098 val_sup=0.01891 [0.0259 0.0165 0.0207 0.0125] 7s
  ep 88 L=0.04199 rec=0.00125 sup=0.04074(w 0.02399 d1 0.00034 d2 0.00034 f 0.01483) | val_rec=0.00148 val_sup=0.01919 [0.0271 0.0168 0.0204 0.0125] S=0.070(enc1) 7s
  ep 89 L=0.04162 rec=0.00103 sup=0.04060(w 0.02391 d1 0.00033 d2 0.00034 f 0.01488) | val_rec=0.00054 val_sup=0.01873 [0.0250 0.0167 0.0206 0.0126] 7s
  ep 90 L=0.04137 rec=0.00087 sup=0.04050(w 0.02383 d1 0.00033 d2 0.00034 f 0.01473) | val_rec=0.00059 val_sup=0.01880 [0.0255 0.0166 0.0205 0.0126] S=0.069(enc1) 7s
  ep 91 L=0.04165 rec=0.00108 sup=0.04057(w 0.02389 d1 0.00033 d2 0.00034 f 0.01480) | val_rec=0.00152 val_sup=0.01909 [0.0260 0.0170 0.0207 0.0127] 7s
  ep 92 L=0.04164 rec=0.00111 sup=0.04053(w 0.02387 d1 0.00033 d2 0.00034 f 0.01479) | val_rec=0.00024 val_sup=0.01863 [0.0250 0.0166 0.0204 0.0125] S=0.067(enc1) 7s
  ep 93 L=0.04163 rec=0.00109 sup=0.04055(w 0.02386 d1 0.00033 d2 0.00034 f 0.01486) | val_rec=0.00043 val_sup=0.01883 [0.0260 0.0165 0.0205 0.0124] 7s
  ep 94 L=0.04141 rec=0.00102 sup=0.04039(w 0.02379 d1 0.00033 d2 0.00034 f 0.01476) | val_rec=0.00079 val_sup=0.01882 [0.0251 0.0171 0.0204 0.0127] S=0.068(enc1) 7s
  ep 95 L=0.04154 rec=0.00111 sup=0.04043(w 0.02381 d1 0.00033 d2 0.00034 f 0.01476) | val_rec=0.00045 val_sup=0.01877 [0.0252 0.0169 0.0204 0.0125] 7s
  ep 96 L=0.04171 rec=0.00123 sup=0.04049(w 0.02382 d1 0.00033 d2 0.00034 f 0.01486) | val_rec=0.00061 val_sup=0.01884 [0.0254 0.0169 0.0206 0.0125] S=0.067(enc1) 7s
  ep 97 L=0.04154 rec=0.00108 sup=0.04046(w 0.02382 d1 0.00033 d2 0.00034 f 0.01476) | val_rec=0.00035 val_sup=0.01894 [0.0257 0.0167 0.0208 0.0125] 7s
  ep 98 L=0.04208 rec=0.00137 sup=0.04071(w 0.02406 d1 0.00033 d2 0.00034 f 0.01494) | val_rec=0.00047 val_sup=0.01916 [0.0266 0.0168 0.0207 0.0126] S=0.066(enc1) 7s
  ep 99 L=0.04157 rec=0.00105 sup=0.04052(w 0.02393 d1 0.00033 d2 0.00034 f 0.01484) | val_rec=0.00128 val_sup=0.01892 [0.0257 0.0169 0.0205 0.0126] 7s
  ep100 L=0.04172 rec=0.00119 sup=0.04053(w 0.02388 d1 0.00033 d2 0.00034 f 0.01486) | val_rec=0.00045 val_sup=0.01870 [0.0254 0.0164 0.0206 0.0125] S=0.068(enc1) 7s
  ep101 L=0.04116 rec=0.00100 sup=0.04016(w 0.02358 d1 0.00033 d2 0.00034 f 0.01457) | val_rec=0.00151 val_sup=0.01928 [0.0262 0.0174 0.0204 0.0131] 7s
  ep102 L=0.04135 rec=0.00094 sup=0.04041(w 0.02376 d1 0.00033 d2 0.00034 f 0.01480) | val_rec=0.00034 val_sup=0.01884 [0.0251 0.0170 0.0208 0.0124] S=0.066(enc1) 7s
  ep103 L=0.04126 rec=0.00111 sup=0.04014(w 0.02358 d1 0.00033 d2 0.00034 f 0.01461) | val_rec=0.00078 val_sup=0.01867 [0.0251 0.0166 0.0204 0.0125] 7s
  ep104 L=0.04098 rec=0.00081 sup=0.04017(w 0.02357 d1 0.00033 d2 0.00034 f 0.01457) | val_rec=0.00023 val_sup=0.01866 [0.0249 0.0167 0.0206 0.0124] S=0.063(enc1) 7s
  ep105 L=0.04088 rec=0.00084 sup=0.04004(w 0.02347 d1 0.00033 d2 0.00034 f 0.01452) | val_rec=0.00097 val_sup=0.01906 [0.0260 0.0174 0.0203 0.0126] 7s
  ep106 L=0.04135 rec=0.00106 sup=0.04029(w 0.02366 d1 0.00033 d2 0.00034 f 0.01471) | val_rec=0.00063 val_sup=0.01876 [0.0256 0.0166 0.0205 0.0124] S=0.069(enc1) 7s
  ep107 L=0.04128 rec=0.00109 sup=0.04018(w 0.02357 d1 0.00033 d2 0.00034 f 0.01460) | val_rec=0.00104 val_sup=0.01934 [0.0267 0.0176 0.0203 0.0128] 7s
  ep108 L=0.04107 rec=0.00091 sup=0.04016(w 0.02355 d1 0.00033 d2 0.00034 f 0.01458) | val_rec=0.00119 val_sup=0.01899 [0.0251 0.0176 0.0207 0.0126] S=0.067(enc1) 7s
  ep109 L=0.04091 rec=0.00083 sup=0.04008(w 0.02353 d1 0.00033 d2 0.00034 f 0.01457) | val_rec=0.00058 val_sup=0.01874 [0.0248 0.0172 0.0204 0.0125] 7s
  ep110 L=0.04111 rec=0.00085 sup=0.04026(w 0.02360 d1 0.00033 d2 0.00034 f 0.01459) | val_rec=0.00066 val_sup=0.01907 [0.0258 0.0167 0.0214 0.0124] S=0.067(enc1) 7s
  ep111 L=0.04099 rec=0.00094 sup=0.04005(w 0.02350 d1 0.00033 d2 0.00034 f 0.01453) | val_rec=0.00122 val_sup=0.01919 [0.0258 0.0176 0.0204 0.0130] 7s
  ep112 L=0.04102 rec=0.00086 sup=0.04016(w 0.02357 d1 0.00033 d2 0.00034 f 0.01466) | val_rec=0.00089 val_sup=0.01878 [0.0256 0.0165 0.0207 0.0124] S=0.064(enc1) 7s
  ep113 L=0.04103 rec=0.00088 sup=0.04015(w 0.02355 d1 0.00033 d2 0.00034 f 0.01454) | val_rec=0.00104 val_sup=0.01895 [0.0256 0.0170 0.0207 0.0125] 7s
  ep114 L=0.04093 rec=0.00085 sup=0.04007(w 0.02350 d1 0.00033 d2 0.00034 f 0.01451) | val_rec=0.00041 val_sup=0.01874 [0.0248 0.0171 0.0206 0.0125] S=0.067(enc1) 7s
  ep115 L=0.04118 rec=0.00097 sup=0.04021(w 0.02360 d1 0.00033 d2 0.00034 f 0.01465) | val_rec=0.00077 val_sup=0.01886 [0.0259 0.0165 0.0206 0.0123] 7s
  ep116 L=0.04115 rec=0.00097 sup=0.04018(w 0.02357 d1 0.00033 d2 0.00034 f 0.01456) | val_rec=0.00072 val_sup=0.01897 [0.0259 0.0171 0.0203 0.0126] S=0.071(enc1) 7s
  ep117 L=0.04136 rec=0.00115 sup=0.04021(w 0.02360 d1 0.00033 d2 0.00034 f 0.01463) | val_rec=0.00017 val_sup=0.01864 [0.0250 0.0168 0.0204 0.0125] 7s
  ep118 L=0.04098 rec=0.00092 sup=0.04006(w 0.02349 d1 0.00033 d2 0.00034 f 0.01458) | val_rec=0.00053 val_sup=0.01891 [0.0258 0.0170 0.0203 0.0125] S=0.068(enc1) 7s
  ep119 L=0.04078 rec=0.00080 sup=0.03998(w 0.02345 d1 0.00033 d2 0.00034 f 0.01447) | val_rec=0.00046 val_sup=0.01875 [0.0253 0.0167 0.0203 0.0126] 7s
  ep120 L=0.04100 rec=0.00090 sup=0.04010(w 0.02352 d1 0.00033 d2 0.00034 f 0.01459) | val_rec=0.00041 val_sup=0.01858 [0.0251 0.0165 0.0204 0.0124] S=0.064(enc1) 7s
  ep121 L=0.04083 rec=0.00086 sup=0.03997(w 0.02344 d1 0.00033 d2 0.00034 f 0.01444) | val_rec=0.00029 val_sup=0.01888 [0.0253 0.0173 0.0203 0.0126] 7s
  ep122 L=0.04147 rec=0.00119 sup=0.04029(w 0.02364 d1 0.00033 d2 0.00034 f 0.01469) | val_rec=0.00170 val_sup=0.01925 [0.0268 0.0165 0.0213 0.0124] S=0.065(enc1) 7s
  ep123 L=0.04088 rec=0.00085 sup=0.04002(w 0.02347 d1 0.00033 d2 0.00034 f 0.01447) | val_rec=0.00106 val_sup=0.01933 [0.0268 0.0172 0.0203 0.0129] 7s
  ep124 L=0.04105 rec=0.00094 sup=0.04012(w 0.02354 d1 0.00033 d2 0.00034 f 0.01463) | val_rec=0.00064 val_sup=0.01871 [0.0254 0.0167 0.0204 0.0124] S=0.068(enc1) 7s
  ep125 L=0.04076 rec=0.00081 sup=0.03995(w 0.02343 d1 0.00033 d2 0.00034 f 0.01445) | val_rec=0.00204 val_sup=0.01922 [0.0257 0.0179 0.0205 0.0127] 7s
  ep126 L=0.04116 rec=0.00099 sup=0.04017(w 0.02359 d1 0.00033 d2 0.00034 f 0.01458) | val_rec=0.00076 val_sup=0.01877 [0.0256 0.0165 0.0205 0.0125] S=0.066(enc1) 7s
  ep127 L=0.04077 rec=0.00080 sup=0.03997(w 0.02345 d1 0.00033 d2 0.00034 f 0.01455) | val_rec=0.00055 val_sup=0.01877 [0.0252 0.0169 0.0204 0.0126] 7s
  ep128 L=0.04114 rec=0.00106 sup=0.04008(w 0.02353 d1 0.00033 d2 0.00034 f 0.01455) | val_rec=0.00119 val_sup=0.01918 [0.0266 0.0170 0.0204 0.0127] S=0.071(enc1) 7s
  ep129 L=0.04075 rec=0.00076 sup=0.04000(w 0.02345 d1 0.00033 d2 0.00034 f 0.01452) | val_rec=0.00036 val_sup=0.01881 [0.0249 0.0172 0.0205 0.0126] 7s
  ep130 L=0.04131 rec=0.00104 sup=0.04028(w 0.02363 d1 0.00033 d2 0.00034 f 0.01467) | val_rec=0.00240 val_sup=0.01927 [0.0276 0.0165 0.0206 0.0124] S=0.067(enc1) 7s
  조기 종료 (val_sup 50에폭 정체)
[s3_잔차\C16_res_w10] 완료. 130에폭, 판정 66개
  min L_sup^val = 0.01851   min L_recon^val = 0.00014
  C (ratio 1.5) = 62개, 에폭 8~130
  t* = 에폭 80  val_sup 0.01851 [0.0247 0.0164 0.0204 0.0126]  val_recon 0.00014  S 0.0645
    민감도 ratio 1.2: C 56개 (에폭 20~130) -> t* 80  val_sup 0.01851
    민감도 ratio 1.5: C 62개 (에폭 8~130) -> t* 80  val_sup 0.01851
    민감도 ratio 2.0: C 64개 (에폭 4~130) -> t* 80  val_sup 0.01851

[정량 지표] 학습 종료 후 자동 산출 — 03 성분 정렬 · 04 복원 세 방식
  성분 정렬 완료
  복원 세 방식 완료
