C:\dev\meae_xai\version5_supervised\.venv\lib\site-packages\torch\nn\utils\weight_norm.py:144: FutureWarning: `torch.nn.utils.weight_norm` is deprecated in favor of `torch.nn.utils.parametrizations.weight_norm`.
  WeightNorm.apply(module, name, dim)
[C16_bwonly_seed42] device=cuda K=4 seed=42 hidden=64 train=5760 val=900 V=300
  구조  깊이 4 · 압축률 16 · 인코딩 시간축 225 (조각당 0.044초)
        채널 [32, 32, 64, 64] · dilations [1, 1, 4, 32]
        수용영역 3316 표본 = 9.21초 · 패딩 3600(양쪽 0)
        잔차 연결 없음
  L = MSE(x_hat, x_noisy) + 1 * L_sup   [지도학습]
  L_sup = (1/K) sum_k [ MSE(s_k, r_k) + 50*MSE(d1 s_k, d1 r_k) + 0*MSE(d2 s_k, d2 r_k) + 0*MSE(|F s_k|, |F r_k|) ]
    d1 = 1차 차분, d2 = 2차 차분, F = rfft(norm='ortho') 크기
  소스별 정규화 없음 (sup_normalize: none)
  배정  enc1=x_clean · enc2=bw · enc3=ma · enc4=em
  [상한 측정] 지도 항은 enc[2] 에만 건다 — enc[1, 3, 4] 는 지도 없이 재구성에만 기여한다
    L_sup 을 1개로 나누므로 그 항의 실효 가중치가 전체 지도(1/4)보다 4배 크다 — 경쟁 제거와 가중치 증가가 함께 작용한다
  정칙화 3항 해제 — lambda_mixing=0 lambda_zero_recon=0 lambda_z_l2=0
  선택  C = { L_sup^val <= 1.5 x min } 에서 L_sup^val 최소, 2에폭 간격
  ep  1 L=0.56289 rec=0.27901 sup=0.28388(w 0.08028 d1 0.00407 d2 0.00888 f 0.06091) | val_rec=0.08538 val_sup=0.02321 [0.0000 0.0232 0.0000 0.0000] S=0.200(enc3) 4s
  ep  2 L=0.14857 rec=0.10129 sup=0.04729(w 0.04040 d1 0.00014 d2 0.00021 f 0.02543) | val_rec=0.04595 val_sup=0.01979 [0.0000 0.0198 0.0000 0.0000] S=0.402(enc3) 3s
  ep  3 L=0.11061 rec=0.06674 sup=0.04386(w 0.03707 d1 0.00014 d2 0.00021 f 0.02245) | val_rec=0.03719 val_sup=0.01948 [0.0000 0.0195 0.0000 0.0000] 3s
  ep  4 L=0.10278 rec=0.05973 sup=0.04305(w 0.03636 d1 0.00013 d2 0.00021 f 0.02165) | val_rec=0.02848 val_sup=0.01814 [0.0000 0.0181 0.0000 0.0000] S=0.571(enc3) 3s
  ep  5 L=0.08382 rec=0.04220 sup=0.04162(w 0.03494 d1 0.00013 d2 0.00021 f 0.02064) | val_rec=0.02203 val_sup=0.01795 [0.0000 0.0179 0.0000 0.0000] 3s
  ep  6 L=0.07879 rec=0.03792 sup=0.04087(w 0.03426 d1 0.00013 d2 0.00021 f 0.01982) | val_rec=0.02152 val_sup=0.01727 [0.0000 0.0173 0.0000 0.0000] S=0.712(enc3) 3s
  ep  7 L=0.07241 rec=0.03172 sup=0.04069(w 0.03404 d1 0.00013 d2 0.00021 f 0.01982) | val_rec=0.01501 val_sup=0.01696 [0.0000 0.0170 0.0000 0.0000] 3s
  ep  8 L=0.06955 rec=0.02965 sup=0.03990(w 0.03336 d1 0.00013 d2 0.00020 f 0.01908) | val_rec=0.01365 val_sup=0.01754 [0.0000 0.0175 0.0000 0.0000] S=0.759(enc3) 3s
  ep  9 L=0.06959 rec=0.02948 sup=0.04011(w 0.03355 d1 0.00013 d2 0.00020 f 0.01938) | val_rec=0.01247 val_sup=0.01721 [0.0000 0.0172 0.0000 0.0000] 3s
  ep 10 L=0.06640 rec=0.02680 sup=0.03960(w 0.03308 d1 0.00013 d2 0.00020 f 0.01923) | val_rec=0.01302 val_sup=0.01707 [0.0000 0.0171 0.0000 0.0000] S=0.782(enc3) 3s
  ep 11 L=0.06529 rec=0.02581 sup=0.03948(w 0.03292 d1 0.00013 d2 0.00020 f 0.01904) | val_rec=0.01197 val_sup=0.01764 [0.0000 0.0176 0.0000 0.0000] 3s
  ep 12 L=0.06274 rec=0.02363 sup=0.03912(w 0.03252 d1 0.00013 d2 0.00021 f 0.01835) | val_rec=0.01042 val_sup=0.01671 [0.0000 0.0167 0.0000 0.0000] S=0.796(enc3) 3s
  ep 13 L=0.06236 rec=0.02341 sup=0.03895(w 0.03246 d1 0.00013 d2 0.00020 f 0.01851) | val_rec=0.01023 val_sup=0.01688 [0.0000 0.0169 0.0000 0.0000] 3s
  ep 14 L=0.05987 rec=0.02130 sup=0.03857(w 0.03206 d1 0.00013 d2 0.00020 f 0.01830) | val_rec=0.00949 val_sup=0.01659 [0.0000 0.0166 0.0000 0.0000] S=0.791(enc3) 3s
  ep 15 L=0.06119 rec=0.02263 sup=0.03856(w 0.03207 d1 0.00013 d2 0.00020 f 0.01845) | val_rec=0.01165 val_sup=0.01904 [0.0000 0.0190 0.0000 0.0000] 3s
  ep 16 L=0.06475 rec=0.02494 sup=0.03981(w 0.03332 d1 0.00013 d2 0.00020 f 0.01879) | val_rec=0.01967 val_sup=0.01832 [0.0000 0.0183 0.0000 0.0000] S=0.785(enc3) 3s
  ep 17 L=0.06529 rec=0.02632 sup=0.03898(w 0.03246 d1 0.00013 d2 0.00020 f 0.01864) | val_rec=0.01404 val_sup=0.01650 [0.0000 0.0165 0.0000 0.0000] 3s
  ep 18 L=0.05998 rec=0.02165 sup=0.03833(w 0.03181 d1 0.00013 d2 0.00020 f 0.01822) | val_rec=0.00961 val_sup=0.01735 [0.0000 0.0173 0.0000 0.0000] S=0.784(enc3) 3s
  ep 19 L=0.06174 rec=0.02273 sup=0.03901(w 0.03254 d1 0.00013 d2 0.00020 f 0.01873) | val_rec=0.00902 val_sup=0.01752 [0.0000 0.0175 0.0000 0.0000] 3s
  ep 20 L=0.05857 rec=0.02033 sup=0.03825(w 0.03176 d1 0.00013 d2 0.00020 f 0.01800) | val_rec=0.00773 val_sup=0.01697 [0.0000 0.0170 0.0000 0.0000] S=0.792(enc3) 3s
  ep 21 L=0.05745 rec=0.01976 sup=0.03769(w 0.03124 d1 0.00013 d2 0.00020 f 0.01800) | val_rec=0.00740 val_sup=0.01637 [0.0000 0.0164 0.0000 0.0000] 3s
  ep 22 L=0.05524 rec=0.01784 sup=0.03740(w 0.03093 d1 0.00013 d2 0.00020 f 0.01785) | val_rec=0.00756 val_sup=0.01635 [0.0000 0.0164 0.0000 0.0000] S=0.787(enc3) 3s
  ep 23 L=0.05445 rec=0.01710 sup=0.03736(w 0.03086 d1 0.00013 d2 0.00020 f 0.01767) | val_rec=0.00633 val_sup=0.01658 [0.0000 0.0166 0.0000 0.0000] 3s
  ep 24 L=0.05608 rec=0.01868 sup=0.03739(w 0.03097 d1 0.00013 d2 0.00020 f 0.01800) | val_rec=0.00731 val_sup=0.01628 [0.0000 0.0163 0.0000 0.0000] S=0.781(enc3) 3s
  ep 25 L=0.05618 rec=0.01855 sup=0.03763(w 0.03113 d1 0.00013 d2 0.00020 f 0.01815) | val_rec=0.00703 val_sup=0.01610 [0.0000 0.0161 0.0000 0.0000] 3s
  ep 26 L=0.05491 rec=0.01789 sup=0.03702(w 0.03053 d1 0.00013 d2 0.00020 f 0.01744) | val_rec=0.00767 val_sup=0.01623 [0.0000 0.0162 0.0000 0.0000] S=0.774(enc3) 3s
  ep 27 L=0.05559 rec=0.01827 sup=0.03732(w 0.03085 d1 0.00013 d2 0.00020 f 0.01717) | val_rec=0.01270 val_sup=0.01707 [0.0000 0.0171 0.0000 0.0000] 3s
  ep 28 L=0.05502 rec=0.01817 sup=0.03685(w 0.03032 d1 0.00013 d2 0.00020 f 0.01737) | val_rec=0.00715 val_sup=0.01657 [0.0000 0.0166 0.0000 0.0000] S=0.767(enc3) 3s
  ep 29 L=0.05449 rec=0.01775 sup=0.03674(w 0.03024 d1 0.00013 d2 0.00020 f 0.01730) | val_rec=0.00578 val_sup=0.01681 [0.0000 0.0168 0.0000 0.0000] 3s
  ep 30 L=0.05224 rec=0.01572 sup=0.03652(w 0.03004 d1 0.00013 d2 0.00020 f 0.01751) | val_rec=0.00538 val_sup=0.01684 [0.0000 0.0168 0.0000 0.0000] S=0.759(enc3) 3s
  ep 31 L=0.05221 rec=0.01573 sup=0.03648(w 0.02993 d1 0.00013 d2 0.00020 f 0.01721) | val_rec=0.00627 val_sup=0.01647 [0.0000 0.0165 0.0000 0.0000] 3s
  ep 32 L=0.05514 rec=0.01849 sup=0.03665(w 0.03017 d1 0.00013 d2 0.00020 f 0.01704) | val_rec=0.00648 val_sup=0.01617 [0.0000 0.0162 0.0000 0.0000] S=0.748(enc3) 3s
  ep 33 L=0.05291 rec=0.01678 sup=0.03613(w 0.02961 d1 0.00013 d2 0.00020 f 0.01678) | val_rec=0.00994 val_sup=0.01677 [0.0000 0.0168 0.0000 0.0000] 3s
  ep 34 L=0.05291 rec=0.01696 sup=0.03595(w 0.02942 d1 0.00013 d2 0.00020 f 0.01654) | val_rec=0.00672 val_sup=0.01649 [0.0000 0.0165 0.0000 0.0000] S=0.733(enc3) 3s
  ep 35 L=0.05278 rec=0.01676 sup=0.03602(w 0.02955 d1 0.00013 d2 0.00020 f 0.01674) | val_rec=0.00596 val_sup=0.01641 [0.0000 0.0164 0.0000 0.0000] 3s
  ep 36 L=0.05275 rec=0.01689 sup=0.03585(w 0.02935 d1 0.00013 d2 0.00020 f 0.01673) | val_rec=0.00621 val_sup=0.01605 [0.0000 0.0160 0.0000 0.0000] S=0.732(enc3) 3s
  ep 37 L=0.05183 rec=0.01600 sup=0.03582(w 0.02934 d1 0.00013 d2 0.00020 f 0.01689) | val_rec=0.00567 val_sup=0.01600 [0.0000 0.0160 0.0000 0.0000] 3s
  ep 38 L=0.05009 rec=0.01459 sup=0.03550(w 0.02898 d1 0.00013 d2 0.00020 f 0.01668) | val_rec=0.00518 val_sup=0.01623 [0.0000 0.0162 0.0000 0.0000] S=0.712(enc3) 3s
  ep 39 L=0.04996 rec=0.01481 sup=0.03515(w 0.02863 d1 0.00013 d2 0.00020 f 0.01639) | val_rec=0.00630 val_sup=0.01701 [0.0000 0.0170 0.0000 0.0000] 3s
  ep 40 L=0.05045 rec=0.01512 sup=0.03533(w 0.02886 d1 0.00013 d2 0.00020 f 0.01653) | val_rec=0.00478 val_sup=0.01665 [0.0000 0.0167 0.0000 0.0000] S=0.710(enc3) 3s
  ep 41 L=0.04940 rec=0.01402 sup=0.03538(w 0.02883 d1 0.00013 d2 0.00020 f 0.01664) | val_rec=0.00487 val_sup=0.01632 [0.0000 0.0163 0.0000 0.0000] 3s
  ep 42 L=0.04908 rec=0.01408 sup=0.03501(w 0.02852 d1 0.00013 d2 0.00020 f 0.01638) | val_rec=0.00512 val_sup=0.01687 [0.0000 0.0169 0.0000 0.0000] S=0.682(enc3) 3s
  ep 43 L=0.04892 rec=0.01428 sup=0.03463(w 0.02814 d1 0.00013 d2 0.00020 f 0.01608) | val_rec=0.00678 val_sup=0.01738 [0.0000 0.0174 0.0000 0.0000] 3s
  ep 44 L=0.05151 rec=0.01597 sup=0.03554(w 0.02904 d1 0.00013 d2 0.00020 f 0.01717) | val_rec=0.00664 val_sup=0.01656 [0.0000 0.0166 0.0000 0.0000] S=0.686(enc3) 3s
  ep 45 L=0.05264 rec=0.01747 sup=0.03516(w 0.02864 d1 0.00013 d2 0.00020 f 0.01668) | val_rec=0.00573 val_sup=0.01645 [0.0000 0.0165 0.0000 0.0000] 3s
  ep 46 L=0.04849 rec=0.01400 sup=0.03449(w 0.02798 d1 0.00013 d2 0.00020 f 0.01603) | val_rec=0.00518 val_sup=0.01630 [0.0000 0.0163 0.0000 0.0000] S=0.667(enc3) 3s
  ep 47 L=0.04882 rec=0.01421 sup=0.03461(w 0.02799 d1 0.00013 d2 0.00020 f 0.01601) | val_rec=0.00503 val_sup=0.01695 [0.0000 0.0169 0.0000 0.0000] 3s
  ep 48 L=0.04740 rec=0.01319 sup=0.03421(w 0.02770 d1 0.00013 d2 0.00020 f 0.01614) | val_rec=0.00526 val_sup=0.01766 [0.0000 0.0177 0.0000 0.0000] S=0.658(enc3) 3s
  ep 49 L=0.04725 rec=0.01330 sup=0.03394(w 0.02743 d1 0.00013 d2 0.00020 f 0.01555) | val_rec=0.00560 val_sup=0.01695 [0.0000 0.0169 0.0000 0.0000] 3s
  ep 50 L=0.04782 rec=0.01412 sup=0.03371(w 0.02722 d1 0.00013 d2 0.00020 f 0.01567) | val_rec=0.00494 val_sup=0.01728 [0.0000 0.0173 0.0000 0.0000] S=0.651(enc3) 3s
  ep 51 L=0.04705 rec=0.01373 sup=0.03332(w 0.02677 d1 0.00013 d2 0.00020 f 0.01516) | val_rec=0.00487 val_sup=0.01631 [0.0000 0.0163 0.0000 0.0000] 3s
  ep 52 L=0.04481 rec=0.01209 sup=0.03272(w 0.02620 d1 0.00013 d2 0.00020 f 0.01497) | val_rec=0.00424 val_sup=0.01658 [0.0000 0.0166 0.0000 0.0000] S=0.643(enc3) 3s
  ep 53 L=0.04483 rec=0.01211 sup=0.03272(w 0.02615 d1 0.00013 d2 0.00020 f 0.01509) | val_rec=0.00443 val_sup=0.01647 [0.0000 0.0165 0.0000 0.0000] 3s
  ep 54 L=0.04467 rec=0.01202 sup=0.03265(w 0.02606 d1 0.00013 d2 0.00020 f 0.01484) | val_rec=0.00505 val_sup=0.01670 [0.0000 0.0167 0.0000 0.0000] S=0.638(enc3) 3s
  ep 55 L=0.04529 rec=0.01272 sup=0.03257(w 0.02604 d1 0.00013 d2 0.00020 f 0.01512) | val_rec=0.00539 val_sup=0.01690 [0.0000 0.0169 0.0000 0.0000] 3s
  ep 56 L=0.04470 rec=0.01227 sup=0.03244(w 0.02589 d1 0.00013 d2 0.00020 f 0.01475) | val_rec=0.00448 val_sup=0.01659 [0.0000 0.0166 0.0000 0.0000] S=0.644(enc3) 3s
  ep 57 L=0.04418 rec=0.01183 sup=0.03235(w 0.02581 d1 0.00013 d2 0.00020 f 0.01476) | val_rec=0.00519 val_sup=0.01647 [0.0000 0.0165 0.0000 0.0000] 3s
  ep 58 L=0.04457 rec=0.01214 sup=0.03243(w 0.02589 d1 0.00013 d2 0.00020 f 0.01472) | val_rec=0.00462 val_sup=0.01686 [0.0000 0.0169 0.0000 0.0000] S=0.637(enc3) 3s
  ep 59 L=0.04439 rec=0.01192 sup=0.03247(w 0.02597 d1 0.00013 d2 0.00020 f 0.01495) | val_rec=0.00458 val_sup=0.01681 [0.0000 0.0168 0.0000 0.0000] 3s
  ep 60 L=0.04466 rec=0.01207 sup=0.03259(w 0.02595 d1 0.00013 d2 0.00020 f 0.01496) | val_rec=0.00563 val_sup=0.01625 [0.0000 0.0163 0.0000 0.0000] S=0.636(enc3) 3s
  ep 61 L=0.04458 rec=0.01220 sup=0.03238(w 0.02580 d1 0.00013 d2 0.00020 f 0.01487) | val_rec=0.00417 val_sup=0.01662 [0.0000 0.0166 0.0000 0.0000] 3s
  ep 62 L=0.04423 rec=0.01190 sup=0.03233(w 0.02575 d1 0.00013 d2 0.00020 f 0.01468) | val_rec=0.00464 val_sup=0.01683 [0.0000 0.0168 0.0000 0.0000] S=0.640(enc3) 3s
  ep 63 L=0.04446 rec=0.01205 sup=0.03240(w 0.02581 d1 0.00013 d2 0.00020 f 0.01472) | val_rec=0.00629 val_sup=0.01689 [0.0000 0.0169 0.0000 0.0000] 3s
  ep 64 L=0.04413 rec=0.01188 sup=0.03225(w 0.02564 d1 0.00013 d2 0.00020 f 0.01479) | val_rec=0.00544 val_sup=0.01651 [0.0000 0.0165 0.0000 0.0000] S=0.634(enc3) 3s
  ep 65 L=0.04414 rec=0.01197 sup=0.03217(w 0.02564 d1 0.00013 d2 0.00020 f 0.01468) | val_rec=0.00467 val_sup=0.01686 [0.0000 0.0169 0.0000 0.0000] 3s
  ep 66 L=0.04413 rec=0.01189 sup=0.03224(w 0.02562 d1 0.00013 d2 0.00020 f 0.01466) | val_rec=0.00402 val_sup=0.01660 [0.0000 0.0166 0.0000 0.0000] S=0.633(enc3) 3s
  ep 67 L=0.04409 rec=0.01199 sup=0.03209(w 0.02552 d1 0.00013 d2 0.00020 f 0.01465) | val_rec=0.00643 val_sup=0.01654 [0.0000 0.0165 0.0000 0.0000] 3s
  ep 68 L=0.04426 rec=0.01202 sup=0.03224(w 0.02559 d1 0.00013 d2 0.00020 f 0.01477) | val_rec=0.00445 val_sup=0.01670 [0.0000 0.0167 0.0000 0.0000] S=0.631(enc3) 3s
  ep 69 L=0.04424 rec=0.01200 sup=0.03224(w 0.02567 d1 0.00013 d2 0.00020 f 0.01470) | val_rec=0.00431 val_sup=0.01655 [0.0000 0.0166 0.0000 0.0000] 3s
  ep 70 L=0.04409 rec=0.01196 sup=0.03213(w 0.02555 d1 0.00013 d2 0.00020 f 0.01464) | val_rec=0.00524 val_sup=0.01660 [0.0000 0.0166 0.0000 0.0000] S=0.624(enc3) 3s
  ep 71 L=0.04373 rec=0.01172 sup=0.03201(w 0.02539 d1 0.00013 d2 0.00020 f 0.01453) | val_rec=0.00412 val_sup=0.01654 [0.0000 0.0165 0.0000 0.0000] 3s
  ep 72 L=0.04369 rec=0.01167 sup=0.03202(w 0.02546 d1 0.00013 d2 0.00020 f 0.01455) | val_rec=0.00453 val_sup=0.01716 [0.0000 0.0172 0.0000 0.0000] S=0.627(enc3) 3s
  ep 73 L=0.04380 rec=0.01173 sup=0.03208(w 0.02548 d1 0.00013 d2 0.00020 f 0.01468) | val_rec=0.00407 val_sup=0.01689 [0.0000 0.0169 0.0000 0.0000] 3s
  ep 74 L=0.04426 rec=0.01218 sup=0.03208(w 0.02554 d1 0.00013 d2 0.00020 f 0.01454) | val_rec=0.00641 val_sup=0.01635 [0.0000 0.0163 0.0000 0.0000] S=0.630(enc3) 3s
  ep 75 L=0.04395 rec=0.01194 sup=0.03200(w 0.02544 d1 0.00013 d2 0.00020 f 0.01460) | val_rec=0.00478 val_sup=0.01729 [0.0000 0.0173 0.0000 0.0000] 3s
  ep 76 L=0.04380 rec=0.01185 sup=0.03195(w 0.02536 d1 0.00013 d2 0.00020 f 0.01463) | val_rec=0.00481 val_sup=0.01681 [0.0000 0.0168 0.0000 0.0000] S=0.627(enc3) 3s
  ep 77 L=0.04470 rec=0.01259 sup=0.03211(w 0.02558 d1 0.00013 d2 0.00020 f 0.01462) | val_rec=0.00512 val_sup=0.01657 [0.0000 0.0166 0.0000 0.0000] 3s
  ep 78 L=0.04462 rec=0.01251 sup=0.03211(w 0.02550 d1 0.00013 d2 0.00020 f 0.01454) | val_rec=0.00687 val_sup=0.01733 [0.0000 0.0173 0.0000 0.0000] S=0.627(enc3) 3s
  ep 79 L=0.04358 rec=0.01167 sup=0.03191(w 0.02531 d1 0.00013 d2 0.00020 f 0.01463) | val_rec=0.00421 val_sup=0.01696 [0.0000 0.0170 0.0000 0.0000] 3s
  ep 80 L=0.04336 rec=0.01161 sup=0.03175(w 0.02520 d1 0.00013 d2 0.00020 f 0.01450) | val_rec=0.00403 val_sup=0.01679 [0.0000 0.0168 0.0000 0.0000] S=0.622(enc3) 3s
  ep 81 L=0.04421 rec=0.01216 sup=0.03205(w 0.02546 d1 0.00013 d2 0.00020 f 0.01463) | val_rec=0.00424 val_sup=0.01672 [0.0000 0.0167 0.0000 0.0000] 3s
  ep 82 L=0.04368 rec=0.01176 sup=0.03193(w 0.02530 d1 0.00013 d2 0.00020 f 0.01448) | val_rec=0.00454 val_sup=0.01661 [0.0000 0.0166 0.0000 0.0000] S=0.623(enc3) 3s
  ep 83 L=0.04318 rec=0.01151 sup=0.03167(w 0.02511 d1 0.00013 d2 0.00020 f 0.01449) | val_rec=0.00451 val_sup=0.01670 [0.0000 0.0167 0.0000 0.0000] 3s
  ep 84 L=0.04390 rec=0.01183 sup=0.03207(w 0.02543 d1 0.00013 d2 0.00020 f 0.01457) | val_rec=0.00518 val_sup=0.01641 [0.0000 0.0164 0.0000 0.0000] S=0.620(enc3) 3s
  ep 85 L=0.04354 rec=0.01176 sup=0.03178(w 0.02516 d1 0.00013 d2 0.00020 f 0.01434) | val_rec=0.00413 val_sup=0.01674 [0.0000 0.0167 0.0000 0.0000] 3s
  ep 86 L=0.04341 rec=0.01158 sup=0.03183(w 0.02526 d1 0.00013 d2 0.00020 f 0.01468) | val_rec=0.00415 val_sup=0.01684 [0.0000 0.0168 0.0000 0.0000] S=0.616(enc3) 3s
  ep 87 L=0.04345 rec=0.01173 sup=0.03172(w 0.02516 d1 0.00013 d2 0.00020 f 0.01447) | val_rec=0.00477 val_sup=0.01647 [0.0000 0.0165 0.0000 0.0000] 3s
  조기 종료 (val_sup 50에폭 정체)
[C16_bwonly_seed42] 완료. 87에폭, 판정 44개
  min L_sup^val = 0.01605   min L_recon^val = 0.00402
  C (ratio 1.5) = 44개, 에폭 1~86
  t* = 에폭 36  val_sup 0.01605 [0.0000 0.0160 0.0000 0.0000]  val_recon 0.00621  S 0.7318
    민감도 ratio 1.2: C 42개 (에폭 4~86) -> t* 36  val_sup 0.01605
    민감도 ratio 1.5: C 44개 (에폭 1~86) -> t* 36  val_sup 0.01605
    민감도 ratio 2.0: C 44개 (에폭 1~86) -> t* 36  val_sup 0.01605

[정량 지표] 학습 종료 후 자동 산출 — 03 성분 정렬 · 04 복원 세 방식
C:\dev\meae_xai\version5_supervised\.venv\lib\site-packages\torch\nn\utils\weight_norm.py:144: FutureWarning: `torch.nn.utils.weight_norm` is deprecated in favor of `torch.nn.utils.parametrizations.weight_norm`.
  WeightNorm.apply(module, name, dim)
[F1] 참조 R-피크 검출 후 성분별 매칭 — 분절마다 K회 검출이라 시간이 걸린다
  참조 R-피크 0/900
  참조 R-피크 300/900
  참조 R-피크 600/900
  F1 0/900
  F1 300/900
  F1 600/900

[배정 대각] 인코더-참조 배정 쌍의 지표와 최대 누출
 인코더    배정참조   corr  corr_sd  rmse_norm    mad     F1 누출_최대참조  누출_corr    누출비  r_QRS
enc1 x_clean 0.2561   0.1494     1.2138 7.1179 0.7827      bw   0.4534 1.7702 0.5053
enc2      bw 0.6494   0.2488     0.8135 2.0418 0.0803      ma   0.4084 0.6289    NaN
enc3      ma 0.1356   0.0910     1.3175 9.2750 0.9224 x_clean   0.7302 5.3839    NaN
enc4      em 0.3528   0.1766     1.1302 4.9599 0.8922 x_clean   0.5733 1.6248    NaN
=== 03 .\02_model\C16_bwonly_seed42\C16_bwonly_seed42.pt (에폭 36) · val 900분절 ===
성분·참조를 분절 내 표준화한 뒤 산출. 표시는 열별 — [1] 1위, [2] 2위

① |r| 평균±SD  (높을수록 유사, 열 상위 2)
              x_clean               bw               ma               em
enc1      0.256±0.149  0.453±0.233 [2]  0.362±0.202 [2]  0.351±0.193 [2]
enc2      0.117±0.142  0.649±0.249 [1]  0.408±0.235 [1]      0.289±0.203
enc3  0.730±0.069 [1]      0.123±0.094      0.136±0.091      0.163±0.094
enc4  0.573±0.132 [2]      0.291±0.182      0.299±0.185  0.353±0.177 [1] 

② RMSE_norm 평균±SD  (낮을수록 유사, 열 하위 2)
              x_clean               bw               ma               em
enc1      1.214±0.134  1.037±0.257 [2]  1.131±0.212 [2]  1.132±0.189 [2]
enc2      1.338±0.130  0.814±0.343 [1]  1.120±0.291 [1]      1.221±0.230
enc3  0.729±0.089 [1]      1.329±0.082      1.317±0.077      1.294±0.078
enc4  0.912±0.145 [2]      1.193±0.177      1.182±0.178  1.130±0.166 [1] 

③ MAD 평균±SD  (낮을수록 유사, 열 하위 2. 단위 표준편차)
              x_clean               bw               ma               em
enc1      7.118±1.630  4.204±2.202 [2]  4.681±2.116 [2]  4.506±2.087 [2]
enc2      7.740±1.293  2.042±0.745 [1]  3.553±0.994 [1]  4.083±0.895 [1]
enc3  5.763±1.490 [2]      9.420±1.249      9.275±1.271      9.267±1.266
enc4  5.484±1.431 [1]      5.085±1.274      5.264±1.212      4.960±1.156 

④ 세 지표의 행별 지목 일치 여부
       |r|_지목  RMSE_지목   MAD_지목   일치
인코더                                 
enc1       bw       bw       bw   일치
enc2       bw       bw       bw   일치
enc3  x_clean  x_clean  x_clean   일치
enc4  x_clean  x_clean       em  불일치 

그림 분절 — 지표 상위 3개
  1위  201_0163  점수 0.8112
  2위  114_0177  점수 0.7757
  3위  123_0085  점수 0.7741
산출물 → .\02_model\C16_bwonly_seed42\metrics/
  성분 정렬 완료
C:\dev\meae_xai\version5_supervised\.venv\lib\site-packages\torch\nn\utils\weight_norm.py:144: FutureWarning: `torch.nn.utils.weight_norm` is deprecated in favor of `torch.nn.utils.parametrizations.weight_norm`.
  WeightNorm.apply(module, name, dim)

[복원 세 방식] .\02_model\C16_bwonly_seed42\C16_bwonly_seed42.pt (에폭 36) · val 900분절 · 기준 x_clean, mV 원단위
           방식                구분  분절수   SNR_dB  dSNR_vs_입력      PRD   corr  corr_sd   RMSE       SSD    SSD_평균    MAD  CosSim
       B 심장직접              주 결과  900  -3.2603     -4.1432 145.5507 0.2561   0.1494 0.4188  631.3853  892.8339 2.3670  0.5295
 a 입력 x_noisy               기준선  900   0.5623      0.0000  93.7315 0.7358   0.1018 0.2527  229.8600  419.5070 0.8082  0.8746
대역통과 0.5-40Hz           비교 (고전)  900   4.3835      3.5853  60.3703 0.8260   0.1195 0.1571   88.8547  225.0538 0.6252  0.9350
     웨이블릿 임계값           비교 (고전)  900   0.6120      0.0459  93.1965 0.7329   0.1029 0.2505  225.9263  414.5016 0.7880  0.8742
   웨이블릿+기저선제거           비교 (고전)  900   5.3271      4.4008  54.1557 0.8340   0.1192 0.1331   63.7690  197.5500 0.5144  0.9362
       A 성분차감     보조 (성분 추정 검증)  900 -11.2369    -11.0867 364.6218 0.5017   0.1480 0.8857 2823.7914 3256.4076 3.2137 -0.6502
     C 마스킹디코드      B 와 동일 연산 확인  900  -3.2603     -4.1432 145.5507 0.2561   0.1494 0.4188  631.3853  892.8339 2.3670  0.5295
     b M0 재구성 참고 (x_noisy 재구성용)  900   0.7622      0.2065  91.5990 0.7352   0.0991 0.2453  216.6158  394.9473 0.8227  0.8777
  B와 C의 최대 절대차 = 0.000e+00   (같은 계산이면 0에 가깝다)
  복원 세 방식 완료
